Component: ARM Compiler 5.06 update 1 (build 61) Tool: armlink [4d35a8]

==============================================================================

Section Cross References

    udp_socket.o(i.main) refers to led_mcb1700.o(i.LED_Initialize) for LED_Initialize
    udp_socket.o(i.main) refers to adc_mcb1700.o(i.ADC_Initialize) for ADC_Initialize
    udp_socket.o(i.main) refers to glcd_mcb1700.o(i.GLCD_Initialize) for GLCD_Initialize
    udp_socket.o(i.main) refers to glcd_mcb1700.o(i.GLCD_SetBackgroundColor) for GLCD_SetBackgroundColor
    udp_socket.o(i.main) refers to glcd_mcb1700.o(i.GLCD_SetForegroundColor) for GLCD_SetForegroundColor
    udp_socket.o(i.main) refers to glcd_mcb1700.o(i.GLCD_ClearScreen) for GLCD_ClearScreen
    udp_socket.o(i.main) refers to glcd_mcb1700.o(i.GLCD_SetFont) for GLCD_SetFont
    udp_socket.o(i.main) refers to glcd_mcb1700.o(i.GLCD_DrawString) for GLCD_DrawString
    udp_socket.o(i.main) refers to buttons_mcb1700.o(i.Buttons_Initialize) for Buttons_Initialize
    udp_socket.o(i.main) refers to net_sys.o(i.netInitialize) for netInitialize
    udp_socket.o(i.main) refers to net_udp.o(i.netUDP_GetSocket) for netUDP_GetSocket
    udp_socket.o(i.main) refers to net_udp.o(i.netUDP_Open) for netUDP_Open
    udp_socket.o(i.main) refers to buttons_mcb1700.o(i.Buttons_GetState) for Buttons_GetState
    udp_socket.o(i.main) refers to udp_socket.o(i.send_udp_data_8) for send_udp_data_8
    udp_socket.o(i.main) refers to rt_cmsis.o(i.osDelay) for osDelay
    udp_socket.o(i.main) refers to udp_socket.o(i.send_udp_data_7) for send_udp_data_7
    udp_socket.o(i.main) refers to glcd_fonts.o(.constdata) for GLCD_Font_16x24
    udp_socket.o(i.main) refers to udp_socket.o(i.udp_cb_func) for udp_cb_func
    udp_socket.o(i.main) refers to udp_socket.o(.data) for udp_sock
    udp_socket.o(i.netCGI_ProcessData) refers to net_http_server.o(i.netCGI_GetEnvVar) for netCGI_GetEnvVar
    udp_socket.o(i.netCGI_ProcessData) refers to strncmp.o(.text) for strncmp
    udp_socket.o(i.netCGI_ProcessData) refers to strcpy.o(.text) for strcpy
    udp_socket.o(i.netCGI_ProcessData) refers to glcd_mcb1700.o(i.GLCD_DrawString) for GLCD_DrawString
    udp_socket.o(i.netCGI_ProcessData) refers to udp_socket.o(.bss) for lcd_text
    udp_socket.o(i.netCGI_ProcessData) refers to udp_socket.o(.data) for P2
    udp_socket.o(i.netCGI_Script) refers to _printf_pad.o(.text) for _printf_pre_padding
    udp_socket.o(i.netCGI_Script) refers to _printf_truncate.o(.text) for _printf_truncate_unsigned
    udp_socket.o(i.netCGI_Script) refers to _printf_percent.o(.ARM.Collect$$_printf_percent$$00000000) for _printf_percent
    udp_socket.o(i.netCGI_Script) refers to _printf_d.o(.ARM.Collect$$_printf_percent$$00000009) for _printf_d
    udp_socket.o(i.netCGI_Script) refers to _printf_i.o(.ARM.Collect$$_printf_percent$$00000008) for _printf_i
    udp_socket.o(i.netCGI_Script) refers to _printf_u.o(.ARM.Collect$$_printf_percent$$0000000A) for _printf_u
    udp_socket.o(i.netCGI_Script) refers to _printf_o.o(.ARM.Collect$$_printf_percent$$0000000B) for _printf_o
    udp_socket.o(i.netCGI_Script) refers to _printf_x.o(.ARM.Collect$$_printf_percent$$0000000C) for _printf_x
    udp_socket.o(i.netCGI_Script) refers to _printf_c.o(.ARM.Collect$$_printf_percent$$00000013) for _printf_c
    udp_socket.o(i.netCGI_Script) refers to _printf_lc.o(.ARM.Collect$$_printf_percent$$00000015) for _printf_lc
    udp_socket.o(i.netCGI_Script) refers to _printf_dec.o(.text) for _printf_int_dec
    udp_socket.o(i.netCGI_Script) refers to _printf_oct_int.o(.text) for _printf_longlong_oct
    udp_socket.o(i.netCGI_Script) refers to _printf_hex_int.o(.text) for _printf_longlong_hex
    udp_socket.o(i.netCGI_Script) refers to _printf_str.o(.text) for _printf_str
    udp_socket.o(i.netCGI_Script) refers to _printf_wctomb.o(.text) for _printf_wctomb
    udp_socket.o(i.netCGI_Script) refers to udp_socket.o(i.send_udp_data_7) for send_udp_data_7
    udp_socket.o(i.netCGI_Script) refers to __2sprintf.o(.text) for __2sprintf
    udp_socket.o(i.netCGI_Script) refers to udp_socket.o(i.send_udp_data_8) for send_udp_data_8
    udp_socket.o(i.netCGI_Script) refers to udp_socket.o(.data) for AskPresence
    udp_socket.o(i.send_udp_data_7) refers to rt_memcpy_w.o(.text) for __aeabi_memcpy4
    udp_socket.o(i.send_udp_data_7) refers to net_udp.o(i.netUDP_GetBuffer) for netUDP_GetBuffer
    udp_socket.o(i.send_udp_data_7) refers to net_udp.o(i.netUDP_Send) for netUDP_Send
    udp_socket.o(i.send_udp_data_7) refers to udp_socket.o(.data) for udp_sock
    udp_socket.o(i.send_udp_data_7) refers to udp_socket.o(.constdata) for .constdata
    udp_socket.o(i.send_udp_data_8) refers to rt_memcpy_w.o(.text) for __aeabi_memcpy4
    udp_socket.o(i.send_udp_data_8) refers to net_udp.o(i.netUDP_GetBuffer) for netUDP_GetBuffer
    udp_socket.o(i.send_udp_data_8) refers to net_udp.o(i.netUDP_Send) for netUDP_Send
[...]
    os_tick_val                              0x0000a015   Thumb Code    14  rt_system.o(i.os_tick_val)
    rt_alloc_box                             0x0000a299   Thumb Code    26  rt_membox.o(i.rt_alloc_box)
    rt_alloc_mem                             0x0000a2b3   Thumb Code    62  rt_memory.o(i.rt_alloc_mem)
    rt_block                                 0x0000a2f1   Thumb Code    48  rt_task.o(i.rt_block)
    rt_chk_robin                             0x0000a329   Thumb Code    60  rt_robin.o(i.rt_chk_robin)
    rt_dec_dly                               0x0000a371   Thumb Code   102  rt_list.o(i.rt_dec_dly)
    rt_dispatch                              0x0000a3e1   Thumb Code    60  rt_task.o(i.rt_dispatch)
    rt_dly_wait                              0x0000a425   Thumb Code     6  rt_time.o(i.rt_dly_wait)
    rt_evt_clr                               0x0000a42d   Thumb Code    22  rt_event.o(i.rt_evt_clr)
    rt_evt_psh                               0x0000a449   Thumb Code    76  rt_event.o(i.rt_evt_psh)
    rt_evt_set                               0x0000a499   Thumb Code    88  rt_event.o(i.rt_evt_set)
    rt_evt_wait                              0x0000a4f5   Thumb Code    56  rt_event.o(i.rt_evt_wait)
    rt_free_box                              0x0000a531   Thumb Code    44  rt_membox.o(i.rt_free_box)
    rt_free_mem                              0x0000a55d   Thumb Code    40  rt_memory.o(i.rt_free_mem)
    rt_get_first                             0x0000a585   Thumb Code    40  rt_list.o(i.rt_get_first)
    rt_get_same_rdy_prio                     0x0000a5ad   Thumb Code    26  rt_list.o(i.rt_get_same_rdy_prio)
    rt_init_mem                              0x0000a621   Thumb Code    26  rt_memory.o(i.rt_init_mem)
    rt_init_robin                            0x0000a63d   Thumb Code    14  rt_robin.o(i.rt_init_robin)
    rt_init_stack                            0x0000a655   Thumb Code   118  hal_cm.o(i.rt_init_stack)
    rt_mbx_check                             0x0000a6d5   Thumb Code     8  rt_mailbox.o(i.rt_mbx_check)
    rt_mbx_init                              0x0000a6dd   Thumb Code    26  rt_mailbox.o(i.rt_mbx_init)
    rt_mbx_psh                               0x0000a6f9   Thumb Code   236  rt_mailbox.o(i.rt_mbx_psh)
    rt_mbx_wait                              0x0000a7e9   Thumb Code   174  rt_mailbox.o(i.rt_mbx_wait)
    rt_mut_init                              0x0000a8e1   Thumb Code    16  rt_mutex.o(i.rt_mut_init)
    rt_mut_release                           0x0000a8f1   Thumb Code   208  rt_mutex.o(i.rt_mut_release)
    rt_mut_wait                              0x0000a9c9   Thumb Code   114  rt_mutex.o(i.rt_mut_wait)
    rt_pop_req                               0x0000aa41   Thumb Code   112  rt_system.o(i.rt_pop_req)
    rt_psh_req                               0x0000aabd   Thumb Code    22  rt_system.o(i.rt_psh_req)
    rt_psq_enq                               0x0000aadd   Thumb Code    88  rt_list.o(i.rt_psq_enq)
    rt_put_dly                               0x0000ab39   Thumb Code    68  rt_list.o(i.rt_put_dly)
    rt_put_prio                              0x0000ab81   Thumb Code    54  rt_list.o(i.rt_put_prio)
    rt_put_rdy_first                         0x0000abb9   Thumb Code    14  rt_list.o(i.rt_put_rdy_first)
    rt_resort_prio                           0x0000abcd   Thumb Code    46  rt_list.o(i.rt_resort_prio)
    rt_ret_val                               0x0000ac01   Thumb Code     6  hal_cm.o(i.rt_ret_val)
    rt_ret_val2                              0x0000ac07   Thumb Code     8  hal_cm.o(i.rt_ret_val2)
    rt_rmv_dly                               0x0000ac0f   Thumb Code    40  rt_list.o(i.rt_rmv_dly)
    rt_rmv_list                              0x0000ac39   Thumb Code    44  rt_list.o(i.rt_rmv_list)
    rt_sem_init                              0x0000ac69   Thumb Code    12  rt_semaphore.o(i.rt_sem_init)
    rt_sem_psh                               0x0000ac75   Thumb Code    48  rt_semaphore.o(i.rt_sem_psh)
    rt_sem_send                              0x0000aca9   Thumb Code    42  rt_semaphore.o(i.rt_sem_send)
    rt_sem_wait                              0x0000acd5   Thumb Code    58  rt_semaphore.o(i.rt_sem_wait)
    rt_stk_check                             0x0000ad15   Thumb Code    28  rt_system.o(i.rt_stk_check)
    rt_switch_req                            0x0000ad39   Thumb Code    30  rt_task.o(i.rt_switch_req)
    rt_sys_init                              0x0000ad61   Thumb Code   138  rt_task.o(i.rt_sys_init)
    rt_sys_start                             0x0000ae2d   Thumb Code   110  rt_task.o(i.rt_sys_start)
    rt_systick                               0x0000aea5   Thumb Code    50  rt_system.o(i.rt_systick)
    rt_tsk_create                            0x0000af69   Thumb Code   118  rt_task.o(i.rt_tsk_create)
    rt_tsk_delete                            0x0000aff1   Thumb Code   352  rt_task.o(i.rt_tsk_delete)
    rt_tsk_pass                              0x0000b16d   Thumb Code    38  rt_task.o(i.rt_tsk_pass)
    rt_tsk_prio                              0x0000b19d   Thumb Code   108  rt_task.o(i.rt_tsk_prio)
    rt_tsk_self                              0x0000b219   Thumb Code    12  rt_task.o(i.rt_tsk_self)
    send_udp_data_7                          0x0000b271   Thumb Code    56  udp_socket.o(i.send_udp_data_7)
    send_udp_data_8                          0x0000b2b1   Thumb Code    56  udp_socket.o(i.send_udp_data_8)
    svcDelay                                 0x0000b3a5   Thumb Code    18  rt_cmsis.o(i.svcDelay)
    svcKernelInitialize                      0x0000b3b9   Thumb Code    80  rt_cmsis.o(i.svcKernelInitialize)
    svcKernelStart                           0x0000b429   Thumb Code    62  rt_cmsis.o(i.svcKernelStart)
    svcKernelSysTick                         0x0000b471   Thumb Code    46  rt_cmsis.o(i.svcKernelSysTick)
    svcMessageCreate                         0x0000b4a9   Thumb Code    36  rt_cmsis.o(i.svcMessageCreate)
    svcMessageGet                            0x0000b4cd   Thumb Code    58  rt_cmsis.o(i.svcMessageGet)
    svcMutexCreate                           0x0000b507   Thumb Code    28  rt_cmsis.o(i.svcMutexCreate)
    svcMutexRelease                          0x0000b523   Thumb Code    34  rt_cmsis.o(i.svcMutexRelease)
    svcMutexWait                             0x0000b545   Thumb Code    58  rt_cmsis.o(i.svcMutexWait)
    svcSemaphoreCreate                       0x0000b57f   Thumb Code    36  rt_cmsis.o(i.svcSemaphoreCreate)
    svcSemaphoreRelease                      0x0000b5a3   Thumb Code    40  rt_cmsis.o(i.svcSemaphoreRelease)
    svcSemaphoreWait                         0x0000b5cb   Thumb Code    50  rt_cmsis.o(i.svcSemaphoreWait)
    svcSignalClear                           0x0000b5fd   Thumb Code    36  rt_cmsis.o(i.svcSignalClear)
    svcSignalSet                             0x0000b621   Thumb Code    36  rt_cmsis.o(i.svcSignalSet)
    svcSignalWait                            0x0000b645   Thumb Code    80  rt_cmsis.o(i.svcSignalWait)
    svcThreadCreate                          0x0000b699   Thumb Code    96  rt_cmsis.o(i.svcThreadCreate)
    svcThreadGetId                           0x0000b705   Thumb Code    22  rt_cmsis.o(i.svcThreadGetId)
    svcThreadTerminate                       0x0000b721   Thumb Code    50  rt_cmsis.o(i.svcThreadTerminate)
    svcThreadYield                           0x0000b759   Thumb Code    10  rt_cmsis.o(i.svcThreadYield)
    svcTimerCall                             0x0000b763   Thumb Code    24  rt_cmsis.o(i.svcTimerCall)
    svcTimerCreate                           0x0000b77d   Thumb Code    52  rt_cmsis.o(i.svcTimerCreate)
    svcTimerStart                            0x0000b7b5   Thumb Code    96  rt_cmsis.o(i.svcTimerStart)
    sysTimerTick                             0x0000b819   Thumb Code    84  rt_cmsis.o(i.sysTimerTick)
    udp_cb_func                              0x0000bf09   Thumb Code   272  udp_socket.o(i.udp_cb_func)
    _get_lc_ctype                            0x0000c289   Thumb Code    44  lc_ctype_c.o(locale$$code)
    imageLastModified                        0x0000c2dc   Data           4  fichierweb.o(.constdata)
    ADC_PIN                                  0x00021550   Data           2  adc_mcb1700.o(.constdata)
    BUTTON_PIN                               0x00021552   Data           2  buttons_mcb1700.o(.constdata)
    GLCD_Font_6x8                            0x00022dd4   Data          16  glcd_fonts.o(.constdata)
    GLCD_Font_16x24                          0x00022de4   Data          16  glcd_fonts.o(.constdata)
    LED_PIN                                  0x00022df4   Data          16  led_mcb1700.o(.constdata)
    os_maxtaskrun                            0x00022e04   Data           2  rtx_conf_cm.o(.constdata)
    os_stackinfo                             0x00022e08   Data           4  rtx_conf_cm.o(.constdata)
    os_rrobin                                0x00022e0c   Data           4  rtx_conf_cm.o(.constdata)
    os_tickfreq                              0x00022e10   Data           4  rtx_conf_cm.o(.constdata)
    os_tickus_i                              0x00022e14   Data           2  rtx_conf_cm.o(.constdata)
    os_tickus_f                              0x00022e16   Data           2  rtx_conf_cm.o(.constdata)
    os_trv                                   0x00022e18   Data           4  rtx_conf_cm.o(.constdata)
    os_flags                                 0x00022e1c   Data           1  rtx_conf_cm.o(.constdata)
    CMSIS_RTOS_API_Version                   0x00022e20   Data           4  rtx_conf_cm.o(.constdata)
    CMSIS_RTOS_RTX_Version                   0x00022e24   Data           4  rtx_conf_cm.o(.constdata)
    os_clockrate                             0x00022e28   Data           4  rtx_conf_cm.o(.constdata)
    os_timernum                              0x00022e2c   Data           4  rtx_conf_cm.o(.constdata)
    mp_tcb_size                              0x00022e30   Data           2  rtx_conf_cm.o(.constdata)
    mp_stk_size                              0x00022e34   Data           4  rtx_conf_cm.o(.constdata)
    os_stack_sz                              0x00022e38   Data           4  rtx_conf_cm.o(.constdata)
    os_fifo_size                             0x00022e3c   Data           1  rtx_conf_cm.o(.constdata)
    os_thread_def_osTimerThread              0x00022e40   Data          16  rtx_conf_cm.o(.constdata)
    os_messageQ_def_osTimerMessageQ          0x00022e50   Data           8  rtx_conf_cm.o(.constdata)
    mp_tmr_size                              0x00022e58   Data           2  rtx_conf_cm.o(.constdata)
    os_thread_def_main                       0x00022e5c   Data          16  rtx_conf_cm.o(.constdata)
    Driver_ETH_MAC0                          0x00022e74   Data          68  emac_lpc17xx.o(.constdata)
    Driver_SPI1                              0x00022f08   Data          44  ssp_lpc17xx.o(.constdata)
    Driver_ETH_PHY0                          0x00022f38   Data          32  phy_dp83848c.o(.constdata)
    os_mutex_def_net_lock                    0x00022f58   Data           4  net_config.o(.constdata)
    os_mutex_def_mem_lock                    0x00022f5c   Data           4  net_config.o(.constdata)
    os_thread_def_netCore_Thread             0x00022f60   Data          16  net_config.o(.constdata)
    net_sys_config                           0x00022f70   Data          32  net_config.o(.constdata)
    os_semaphore_def_eth0_lock               0x00022f90   Data           4  net_config.o(.constdata)
    os_thread_def_netETH_Thread              0x00022f94   Data          16  net_config.o(.constdata)
    net_eth0_config                          0x00022fd4   Data          32  net_config.o(.constdata)
    net_localm                               0x00022ff4   Data          12  net_config.o(.constdata)
    net_localm6                              0x00023000   Data          12  net_config.o(.constdata)
    net_udp_config                           0x0002300c   Data           8  net_config.o(.constdata)
    net_tcp_config                           0x00023014   Data          20  net_config.o(.constdata)
    net_http_config                          0x00023028   Data          40  net_config.o(.constdata)
    net_sys_func                             0x00023050   Data          80  net_config.o(.constdata)
    net_mac_bcast                            0x000230a0   Data           6  net_eth.o(.constdata)
    net_ping_payload                         0x000231b0   Data          18  net_ping.o(.constdata)
    os_timer_def_net_tick                    0x000231c4   Data           8  net_sys.o(.constdata)
    net_addr4_bcast                          0x000231cc   Data           4  net_ip4.o(.constdata)
    net_addr4_loopback                       0x000231d0   Data           4  net_ip4.o(.constdata)
    net_addr6_all_nodes                      0x000231d4   Data          16  net_ip6.o(.constdata)
    net_addr6_loopback                       0x000231e4   Data          16  net_ip6.o(.constdata)
    net_addr6_all_routers                    0x000231f4   Data          16  net_ip6.o(.constdata)
    net_http_error                           0x00023204   Data          24  net_http_server_err.o(.constdata)
    net_addr_null                            0x0002321c   Data          16  net_addr.o(.constdata)
    Region$$Table$$Base                      0x000234d0   Number         0  anon$$obj.o(Region$$Table)
    Region$$Table$$Limit                     0x000234f0   Number         0  anon$$obj.o(Region$$Table)
    __ctype                                  0x000234fd   Data           0  lc_ctype_c.o(locale$$data)
    __MW_NET_VER                             0x07030000   Number         0  net_version.o ABSOLUTE
    ip_addr                                  0x10000000   Data           4  udp_socket.o(.data)
    mask                                     0x10000004   Data           4  udp_socket.o(.data)
    gateway                                  0x10000008   Data           4  udp_socket.o(.data)
    pri_dns                                  0x1000000c   Data           4  udp_socket.o(.data)
    sec_dns                                  0x10000010   Data           4  udp_socket.o(.data)
    udp_sock                                 0x10000014   Data           4  udp_socket.o(.data)
    AskBattery                               0x10000018   Data           1  udp_socket.o(.data)
    AskPresence                              0x10000019   Data           1  udp_socket.o(.data)
    AskPlaces                                0x1000001a   Data           1  udp_socket.o(.data)
    tensions                                 0x1000001c   Data           2  udp_socket.o(.data)
    presence1                                0x1000001e   Data           1  udp_socket.o(.data)
    presence2                                0x1000001f   Data           1  udp_socket.o(.data)
    i                                        0x10000020   Data           4  udp_socket.o(.data)
    P2                                       0x10000024   Data           1  udp_socket.o(.data)
    osThreadId_osTimerThread                 0x10000040   Data           4  rtx_conf_cm.o(.data)
    osMessageQId_osTimerMessageQ             0x10000044   Data           4  rtx_conf_cm.o(.data)
    os_tmr                                   0x10000048   Data           4  rtx_conf_cm.o(.data)
    m_tmr                                    0x1000004c   Data           4  rtx_conf_cm.o(.data)
    iap_entry                                0x10000068   Data           4  emac_lpc17xx.o(.data)
    SystemCoreClock                          0x10000084   Data           4  system_lpc17xx.o(.data)
    os_semaphore_cb_eth0_lock                0x10000088   Data           8  net_config.o(.data)
    os_initialized                           0x10000098   Data           1  rt_cmsis.o(.data)
    os_running                               0x10000099   Data           1  rt_cmsis.o(.data)
    os_timer_head                            0x1000009c   Data           4  rt_cmsis.o(.data)
    os_tsk                                   0x100000a0   Data           8  rt_task.o(.data)
    os_tick_irqn                             0x100000dc   Data           4  rt_system.o(.data)
    os_time                                  0x100000e0   Data           4  rt_time.o(.data)
    os_robin                                 0x100000e4   Data           8  rt_robin.o(.data)
    dbg_msg                                  0x100000ec   Data           1  hal_cm.o(.data)
    lcd_text                                 0x10000100   Data          21  udp_socket.o(.bss)
    mp_tcb                                   0x10000118   Data         376  rtx_conf_cm.o(.bss)
    mp_stk                                   0x10000290   Data        1200  rtx_conf_cm.o(.bss)
    os_stack_mem                             0x10000740   Data        2384  rtx_conf_cm.o(.bss)
    os_fifo                                  0x10001090   Data         132  rtx_conf_cm.o(.bss)
    os_active_TCB                            0x10001114   Data          28  rtx_conf_cm.o(.bss)
    os_messageQ_q_osTimerMessageQ            0x10001130   Data          32  rtx_conf_cm.o(.bss)
    os_mutex_cb_net_lock                     0x10006e98   Data          16  net_config.o(.bss)
    os_mutex_cb_mem_lock                     0x10006ea8   Data          16  net_config.o(.bss)
    os_idle_TCB                              0x10007318   Data          52  rt_task.o(.bss)
    net_eth_control                          0x1000734c   Data         148  net_eth.o(.bss)
    net_ping_control                         0x10007404   Data          32  net_ping.o(.bss)
    net_sys_control                          0x10007424   Data          48  net_sys.o(.bss)
    os_timer_cb_net_tick                     0x10007454   Data          24  net_sys.o(.bss)
    os_rdy                                   0x1000746c   Data          24  rt_list.o(.bss)
    os_dly                                   0x10007484   Data          24  rt_list.o(.bss)
    __libspace_start                         0x10007548   Data          96  libspace.o(.bss)
    __temporary_stack_top$libspace           0x100075a8   Data           0  libspace.o(.bss)



==============================================================================

Memory Map of the image

  Image Entry point : 0x000000cd

  Load Region LR_IROM1 (Base: 0x00000000, Size: 0x00023700, Max: 0x00080000, ABSOLUTE)

    Execution Region ER_IROM1 (Base: 0x00000000, Size: 0x00023600, Max: 0x00080000, ABSOLUTE)

    Base Addr    Size         Type   Attr      Idx    E Section Name        Object

    0x00000000   0x000000cc   Data   RO         1158    RESET               startup_lpc17xx.o
    0x000000cc   0x00000008   Code   RO         3405  * !!!main             c_w.l(__main.o)
    0x000000d4   0x00000034   Code   RO         3614    !!!scatter          c_w.l(__scatter.o)
    0x00000108   0x0000001a   Code   RO         3616    !!handler_copy      c_w.l(__scatter_copy.o)
    0x00000122   0x00000002   PAD
    0x00000124   0x0000001c   Code   RO         3618    !!handler_zi        c_w.l(__scatter_zi.o)
    0x00000140   0x00000000   Code   RO         3375    .ARM.Collect$$_printf_percent$$00000000  c_w.l(_printf_percent.o)
    0x00000140   0x00000006   Code   RO         3372    .ARM.Collect$$_printf_percent$$00000008  c_w.l(_printf_i.o)
    0x00000146   0x00000006   Code   RO         3373    .ARM.Collect$$_printf_percent$$00000009  c_w.l(_printf_d.o)
    0x0000014c   0x00000006   Code   RO         3374    .ARM.Collect$$_printf_percent$$0000000A  c_w.l(_printf_u.o)
    0x00000152   0x00000006   Code   RO         3371    .ARM.Collect$$_printf_percent$$0000000B  c_w.l(_printf_o.o)
    0x00000158   0x00000006   Code   RO         3370    .ARM.Collect$$_printf_percent$$0000000C  c_w.l(_printf_x.o)
    0x0000015e   0x0000000a   Code   RO         3432    .ARM.Collect$$_printf_percent$$00000012  c_w.l(_printf_l.o)
    0x00000168   0x00000006   Code   RO         3368    .ARM.Collect$$_printf_percent$$00000013  c_w.l(_printf_c.o)
    0x0000016e   0x00000006   Code   RO         3369    .ARM.Collect$$_printf_percent$$00000014  c_w.l(_printf_s.o)
    0x00000174   0x00000006   Code   RO         3376    .ARM.Collect$$_printf_percent$$00000015  c_w.l(_printf_lc.o)
    0x0000017a   0x00000004   Code   RO         3431    .ARM.Collect$$_printf_percent$$00000017  c_w.l(_printf_percent_end.o)
    0x0000017e   0x00000002   Code   RO         3501    .ARM.Collect$$libinit$$00000000  c_w.l(libinit.o)
    0x00000180   0x00000000   Code   RO         3513    .ARM.Collect$$libinit$$00000002  c_w.l(libinit2.o)
    0x00000180   0x00000000   Code   RO         3515    .ARM.Collect$$libinit$$00000004  c_w.l(libinit2.o)
    0x00000180   0x00000000   Code   RO         3518    .ARM.Collect$$libinit$$0000000A  c_w.l(libinit2.o)
    0x00000180   0x00000000   Code   RO         3520    .ARM.Collect$$libinit$$0000000C  c_w.l(libinit2.o)
    0x00000180   0x00000000   Code   RO         3522    .ARM.Collect$$libinit$$0000000E  c_w.l(libinit2.o)
    0x00000180   0x00000006   Code   RO         3523    .ARM.Collect$$libinit$$0000000F  c_w.l(libinit2.o)
    0x00000186   0x00000000   Code   RO         3525    .ARM.Collect$$libinit$$00000011  c_w.l(libinit2.o)
    0x00000186   0x0000000c   Code   RO         3526    .ARM.Collect$$libinit$$00000012  c_w.l(libinit2.o)
    0x00000192   0x00000000   Code   RO         3527    .ARM.Collect$$libinit$$00000013  c_w.l(libinit2.o)
    0x00000192   0x00000000   Code   RO         3529    .ARM.Collect$$libinit$$00000015  c_w.l(libinit2.o)
    0x00000192   0x00000000   Code   RO         3531    .ARM.Collect$$libinit$$00000017  c_w.l(libinit2.o)
    0x00000192   0x00000000   Code   RO         3533    .ARM.Collect$$libinit$$00000019  c_w.l(libinit2.o)
    0x00000192   0x00000000   Code   RO         3535    .ARM.Collect$$libinit$$0000001B  c_w.l(libinit2.o)
    0x00000192   0x00000000   Code   RO         3537    .ARM.Collect$$libinit$$0000001D  c_w.l(libinit2.o)
    0x00000192   0x00000000   Code   RO         3539    .ARM.Collect$$libinit$$0000001F  c_w.l(libinit2.o)
    0x00000192   0x00000000   Code   RO         3541    .ARM.Collect$$libinit$$00000021  c_w.l(libinit2.o)
    0x00000192   0x00000000   Code   RO         3543    .ARM.Collect$$libinit$$00000023  c_w.l(libinit2.o)
    0x00000192   0x00000000   Code   RO         3545    .ARM.Collect$$libinit$$00000025  c_w.l(libinit2.o)
    0x00000192   0x00000000   Code   RO         3549    .ARM.Collect$$libinit$$0000002C  c_w.l(libinit2.o)
    0x00000192   0x00000000   Code   RO         3551    .ARM.Collect$$libinit$$0000002E  c_w.l(libinit2.o)
    0x00000192   0x00000000   Code   RO         3553    .ARM.Collect$$libinit$$00000030  c_w.l(libinit2.o)
    0x00000192   0x00000000   Code   RO         3555    .ARM.Collect$$libinit$$00000032  c_w.l(libinit2.o)
    0x00000192   0x00000002   Code   RO         3556    .ARM.Collect$$libinit$$00000033  c_w.l(libinit2.o)
    0x00000194   0x00000002   Code   RO         3502    .ARM.Collect$$libshutdown$$00000000  c_w.l(libshutdown.o)
    0x00000196   0x00000000   Code   RO         3558    .ARM.Collect$$libshutdown$$00000002  c_w.l(libshutdown2.o)
    0x00000196   0x00000000   Code   RO         3560    .ARM.Collect$$libshutdown$$00000004  c_w.l(libshutdown2.o)
    0x00000196   0x00000000   Code   RO         3563    .ARM.Collect$$libshutdown$$00000007  c_w.l(libshutdown2.o)
    0x00000196   0x00000000   Code   RO         3566    .ARM.Collect$$libshutdown$$0000000A  c_w.l(libshutdown2.o)
    0x00000196   0x00000000   Code   RO         3568    .ARM.Collect$$libshutdown$$0000000C  c_w.l(libshutdown2.o)
    0x00000196   0x00000000   Code   RO         3571    .ARM.Collect$$libshutdown$$0000000F  c_w.l(libshutdown2.o)
    0x00000196   0x00000002   Code   RO         3572    .ARM.Collect$$libshutdown$$00000010  c_w.l(libshutdown2.o)
    0x00000198   0x00000000   Code   RO         3407    .ARM.Collect$$rtentry$$00000000  c_w.l(__rtentry.o)
    0x00000198   0x00000000   Code   RO         3444    .ARM.Collect$$rtentry$$00000002  c_w.l(__rtentry2.o)
    0x00000198   0x00000006   Code   RO         3456    .ARM.Collect$$rtentry$$00000004  c_w.l(__rtentry4.o)
    0x0000019e   0x00000000   Code   RO         3446    .ARM.Collect$$rtentry$$00000009  c_w.l(__rtentry2.o)
    0x0000019e   0x00000004   Code   RO         3447    .ARM.Collect$$rtentry$$0000000A  c_w.l(__rtentry2.o)
    0x000001a2   0x00000008   Code   RO         3448    .ARM.Collect$$rtentry$$0000000B  c_w.l(__rtentry2.o)
    0x000001aa   0x00000008   Code   RO         3450    .ARM.Collect$$rtentry$$0000000D  c_w.l(__rtentry2.o)
    0x000001b2   0x00000002   Code   RO         3408    .ARM.Collect$$rtexit$$00000000  c_w.l(rtexit.o)
    0x000001b4   0x00000000   Code   RO         3459    .ARM.Collect$$rtexit$$00000002  c_w.l(rtexit2.o)
    0x000001b4   0x00000004   Code   RO         3460    .ARM.Collect$$rtexit$$00000003  c_w.l(rtexit2.o)
    0x000001b8   0x00000006   Code   RO         3461    .ARM.Collect$$rtexit$$00000004  c_w.l(rtexit2.o)
    0x000001be   0x00000002   PAD
    0x000001c0   0x0000001c   Code   RO          514    .emb_text           rtx_conf_cm.o
    0x000001dc   0x0000003c   Code   RO         1160    .text               startup_lpc17xx.o
    0x00000218   0x00000008   Code   RO         3299    .text               c_w.l(libspace.o)
    0x00000220   0x0000002c   Code   RO         3304    .text               c_w.l(__2sprintf.o)
    0x0000024c   0x0000004e   Code   RO         3310    .text               c_w.l(_printf_pad.o)
    0x0000029a   0x00000024   Code   RO         3312    .text               c_w.l(_printf_truncate.o)
    0x000002be   0x00000002   PAD
    0x000002c0   0x0000003c   Code   RO         3377    .text               c_w.l(__0sscanf.o)
    0x000002fc   0x00000004   Code   RO         1159    .ARM.__at_0x02FC    startup_lpc17xx.o
    0x00000300   0x00000130   Code   RO         3027    .emb_text           RTX_CM3.lib(hal_cm3.o)
    0x00000430   0x000000ee   Code   RO         3302    .text               c_w.l(lludivv7m.o)
    0x0000051e   0x00000052   Code   RO         3314    .text               c_w.l(_printf_str.o)
    0x00000570   0x00000078   Code   RO         3316    .text               c_w.l(_printf_dec.o)
    0x000005e8   0x000000bc   Code   RO         3318    .text               c_w.l(_printf_wctomb.o)
    0x000006a4   0x00000054   Code   RO         3323    .text               c_w.l(_printf_oct_int.o)
    0x000006f8   0x00000058   Code   RO         3330    .text               c_w.l(_printf_hex_int.o)
    0x00000750   0x00000188   Code   RO         3365    .text               c_w.l(__printf_flags_ss_wp.o)
    0x000008d8   0x0000014c   Code   RO         3379    .text               c_w.l(_scanf_int.o)
    0x00000a24   0x0000001a   Code   RO         3381    .text               c_w.l(atoi.o)
    0x00000a3e   0x00000012   Code   RO         3383    .text               c_w.l(exit.o)
    0x00000a50   0x00000058   Code   RO         3385    .text               c_w.l(memcmp.o)
    0x00000aa8   0x00000048   Code   RO         3387    .text               c_w.l(strcpy.o)
    0x00000af0   0x0000003e   Code   RO         3389    .text               c_w.l(strlen.o)
    0x00000b2e   0x00000096   Code   RO         3391    .text               c_w.l(strncmp.o)
    0x00000bc4   0x0000008a   Code   RO         3393    .text               c_w.l(rt_memcpy_v6.o)
    0x00000c4e   0x00000064   Code   RO         3395    .text               c_w.l(rt_memcpy_w.o)
    0x00000cb2   0x00000044   Code   RO         3397    .text               c_w.l(rt_memclr.o)
    0x00000cf6   0x0000004e   Code   RO         3399    .text               c_w.l(rt_memclr_w.o)
    0x00000d44   0x00000080   Code   RO         3401    .text               c_w.l(strcmpv7m.o)
    0x00000dc4   0x00000006   Code   RO         3403    .text               c_w.l(heapauxi.o)
    0x00000dca   0x00000004   Code   RO         3419    .text               c_w.l(rt_errno_addr_twolibspace.o)
    0x00000dce   0x000000b2   Code   RO         3421    .text               c_w.l(_printf_intcommon.o)
    0x00000e80   0x00000030   Code   RO         3423    .text               c_w.l(_printf_char_common.o)
    0x00000eb0   0x0000000a   Code   RO         3425    .text               c_w.l(_sputc.o)
    0x00000eba   0x0000002c   Code   RO         3427    .text               c_w.l(_printf_char.o)
    0x00000ee6   0x0000002c   Code   RO         3429    .text               c_w.l(_printf_wchar.o)
    0x00000f12   0x0000001c   Code   RO         3433    .text               c_w.l(_chval.o)
    0x00000f2e   0x00000002   PAD
    0x00000f30   0x0000002c   Code   RO         3435    .text               c_w.l(scanf_char.o)
    0x00000f5c   0x00000040   Code   RO         3437    .text               c_w.l(_sgetc.o)
    0x00000f9c   0x00000070   Code   RO         3439    .text               c_w.l(strtol.o)
    0x0000100c   0x00000040   Code   RO         3441    .text               c_w.l(_wcrtomb.o)
    0x0000104c   0x00000010   Code   RO         3465    .text               c_w.l(rt_ctype_table.o)
    0x0000105c   0x00000012   Code   RO         3469    .text               c_w.l(isspace.o)
    0x0000106e   0x00000002   PAD
    0x00001070   0x00000374   Code   RO         3473    .text               c_w.l(_scanf.o)
    0x000013e4   0x0000009e   Code   RO         3475    .text               c_w.l(_strtoul.o)
    0x00001482   0x00000002   PAD
    0x00001484   0x0000000c   Code   RO         3477    .text               c_w.l(sys_exit.o)
    0x00001490   0x0000004a   Code   RO         3479    .text               c_w.l(sys_stackheap_outer.o)
    0x000014da   0x0000000a   Code   RO         3486    .text               c_w.l(rt_locale_twolibspace.o)
    0x000014e4   0x00000002   Code   RO         3503    .text               c_w.l(use_no_semi.o)
    0x000014e6   0x00000000   Code   RO         3505    .text               c_w.l(indicate_semi.o)
    0x000014e6   0x00000002   PAD
    0x000014e8   0x00000004   Code   RO         3294    SVC_TABLE           RTX_CM3.lib(svc_table.o)
    0x000014ec   0x00000028   Code   RO          122    i.ADC_IRQHandler    adc_mcb1700.o
    0x00001514   0x00000060   Code   RO          123    i.ADC_Initialize    adc_mcb1700.o
    0x00001574   0x0000001c   Code   RO          211    i.Buttons_GetState  buttons_mcb1700.o
    0x00001590   0x00000030   Code   RO          212    i.Buttons_Initialize  buttons_mcb1700.o
    0x000015c0   0x00000020   Code   RO          979    i.Clear_Channel_active_flag  gpdma_lpc17xx.o
    0x000015e0   0x00000198   Code   RO          575    i.Control           emac_lpc17xx.o
    0x00001778   0x00000008   Code   RO          576    i.ControlTimer      emac_lpc17xx.o
    0x00001780   0x00000180   Code   RO          980    i.DMA_IRQHandler    gpdma_lpc17xx.o
    0x00001900   0x00000048   Code   RO          577    i.ENET_IRQHandler   emac_lpc17xx.o
    0x00001948   0x00000030   Code   RO          271    i.GLCD_ClearScreen  glcd_mcb1700.o
    0x00001978   0x000000d0   Code   RO          274    i.GLCD_DrawChar     glcd_mcb1700.o
    0x00001a48   0x0000002c   Code   RO          278    i.GLCD_DrawString   glcd_mcb1700.o
    0x00001a74   0x000005b6   Code   RO          282    i.GLCD_Initialize   glcd_mcb1700.o
    0x0000202a   0x00000002   PAD
    0x0000202c   0x00000010   Code   RO          283    i.GLCD_SetBackgroundColor  glcd_mcb1700.o
    0x0000203c   0x00000010   Code   RO          284    i.GLCD_SetFont      glcd_mcb1700.o
    0x0000204c   0x00000010   Code   RO          285    i.GLCD_SetForegroundColor  glcd_mcb1700.o
    0x0000205c   0x000000ac   Code   RO          286    i.GLCD_SetWindow    glcd_mcb1700.o
    0x00002108   0x00000012   Code   RO          289    i.GLCD_WindowMax    glcd_mcb1700.o
    0x0000211a   0x00000002   PAD
    0x0000211c   0x000000f4   Code   RO          981    i.GPDMA_ChannelConfigure  gpdma_lpc17xx.o
    0x00002210   0x00000030   Code   RO          982    i.GPDMA_ChannelDisable  gpdma_lpc17xx.o
    0x00002240   0x00000030   Code   RO          984    i.GPDMA_ChannelGetCount  gpdma_lpc17xx.o
    0x00002270   0x000000a8   Code   RO          986    i.GPDMA_Initialize  gpdma_lpc17xx.o
    0x00002318   0x00000044   Code   RO          987    i.GPDMA_PeripheralSelect  gpdma_lpc17xx.o
    0x0000235c   0x00000080   Code   RO          988    i.GPDMA_Uninitialize  gpdma_lpc17xx.o
    0x000023dc   0x00000020   Code   RO         1069    i.GPIO_PinRead      gpio_lpc17xx.o
    0x000023fc   0x00000028   Code   RO         1070    i.GPIO_PinWrite     gpio_lpc17xx.o
    0x00002424   0x0000002c   Code   RO         1071    i.GPIO_PortClock    gpio_lpc17xx.o
    0x00002450   0x00000014   Code   RO         1072    i.GPIO_PortRead     gpio_lpc17xx.o
    0x00002464   0x00000038   Code   RO         1074    i.GPIO_SetDir       gpio_lpc17xx.o
    0x0000249c   0x0000000c   Code   RO          578    i.GetCapabilities   emac_lpc17xx.o
    0x000024a8   0x00000068   Code   RO          920    i.GetLinkInfo       phy_dp83848c.o
    0x00002510   0x0000002c   Code   RO          921    i.GetLinkState      phy_dp83848c.o
    0x0000253c   0x00000048   Code   RO          579    i.GetMacAddress     emac_lpc17xx.o
    0x00002584   0x00000054   Code   RO          580    i.GetRxFrameSize    emac_lpc17xx.o
    0x000025d8   0x00000008   Code   RO          581    i.GetRxFrameTime    emac_lpc17xx.o
    0x000025e0   0x00000044   Code   RO          749    i.GetSSPClockFreq   ssp_lpc17xx.o
    0x00002624   0x00000008   Code   RO          582    i.GetTxFrameTime    emac_lpc17xx.o
    0x0000262c   0x00000010   Code   RO          583    i.GetVersion        emac_lpc17xx.o
    0x0000263c   0x00000010   Code   RO          922    i.GetVersion        phy_dp83848c.o
    0x0000264c   0x00000170   Code   RO          584    i.Initialize        emac_lpc17xx.o
    0x000027bc   0x00000030   Code   RO          923    i.Initialize        phy_dp83848c.o
    0x000027ec   0x0000005c   Code   RO          470    i.LED_Initialize    led_mcb1700.o
    0x00002848   0x0000002c   Code   RO          472    i.LED_On            led_mcb1700.o
    0x00002874   0x000000e8   Code   RO          585    i.PHY_Read          emac_lpc17xx.o
    0x0000295c   0x000000d8   Code   RO          586    i.PHY_Write         emac_lpc17xx.o
    0x00002a34   0x000000fc   Code   RO         1123    i.PIN_Configure     pin_lpc17xx.o
    0x00002b30   0x00000224   Code   RO          587    i.PowerControl      emac_lpc17xx.o
    0x00002d54   0x000000d4   Code   RO          924    i.PowerControl      phy_dp83848c.o
    0x00002e28   0x00000074   Code   RO          588    i.ReadFrame         emac_lpc17xx.o
    0x00002e9c   0x00000018   Code   RO          750    i.SSP1_Control      ssp_lpc17xx.o
    0x00002eb4   0x00000014   Code   RO          751    i.SSP1_GPDMA_Rx_SignalEvent  ssp_lpc17xx.o
    0x00002ec8   0x00000014   Code   RO          752    i.SSP1_GPDMA_Tx_SignalEvent  ssp_lpc17xx.o
    0x00002edc   0x00000010   Code   RO          753    i.SSP1_GetDataCount  ssp_lpc17xx.o
    0x00002eec   0x00000010   Code   RO          754    i.SSP1_GetStatus    ssp_lpc17xx.o
    0x00002efc   0x00000010   Code   RO          755    i.SSP1_IRQHandler   ssp_lpc17xx.o
    0x00002f0c   0x00000014   Code   RO          756    i.SSP1_Initialize   ssp_lpc17xx.o
    0x00002f20   0x00000014   Code   RO          757    i.SSP1_PowerControl  ssp_lpc17xx.o
    0x00002f34   0x00000018   Code   RO          758    i.SSP1_Receive      ssp_lpc17xx.o
    0x00002f4c   0x00000018   Code   RO          759    i.SSP1_Send         ssp_lpc17xx.o
    0x00002f64   0x0000001c   Code   RO          760    i.SSP1_Transfer     ssp_lpc17xx.o
    0x00002f80   0x00000010   Code   RO          761    i.SSP1_Uninitialize  ssp_lpc17xx.o
    0x00002f90   0x0000000c   Code   RO          762    i.SSP_GetCapabilities  ssp_lpc17xx.o
    0x00002f9c   0x00000010   Code   RO          763    i.SSP_GetVersion    ssp_lpc17xx.o
    0x00002fac   0x0000051e   Code   RO          764    i.SSPx_Control      ssp_lpc17xx.o
    0x000034ca   0x00000036   Code   RO          765    i.SSPx_GPDMA_Rx_SignalEvent  ssp_lpc17xx.o
    0x00003500   0x0000001c   Code   RO          766    i.SSPx_GPDMA_Tx_SignalEvent  ssp_lpc17xx.o
    0x0000351c   0x0000002c   Code   RO          767    i.SSPx_GetDataCount  ssp_lpc17xx.o
    0x00003548   0x0000005a   Code   RO          768    i.SSPx_GetStatus    ssp_lpc17xx.o
    0x000035a2   0x00000104   Code   RO          769    i.SSPx_IRQHandler   ssp_lpc17xx.o
    0x000036a6   0x000000a8   Code   RO          770    i.SSPx_Initialize   ssp_lpc17xx.o
    0x0000374e   0x00000002   PAD
    0x00003750   0x000001b4   Code   RO          771    i.SSPx_PowerControl  ssp_lpc17xx.o
    0x00003904   0x0000015c   Code   RO          772    i.SSPx_Receive      ssp_lpc17xx.o
    0x00003a60   0x00000154   Code   RO          773    i.SSPx_Send         ssp_lpc17xx.o
    0x00003bb4   0x00000152   Code   RO          774    i.SSPx_Transfer     ssp_lpc17xx.o
    0x00003d06   0x00000070   Code   RO          775    i.SSPx_Uninitialize  ssp_lpc17xx.o
    0x00003d76   0x00000002   PAD
    0x00003d78   0x000000b8   Code   RO          589    i.SendFrame         emac_lpc17xx.o
    0x00003e30   0x000000ac   Code   RO          590    i.SetAddressFilter  emac_lpc17xx.o
    0x00003edc   0x00000040   Code   RO          925    i.SetInterface      phy_dp83848c.o
    0x00003f1c   0x0000004c   Code   RO          591    i.SetMacAddress     emac_lpc17xx.o
    0x00003f68   0x00000088   Code   RO          926    i.SetMode           phy_dp83848c.o
    0x00003ff0   0x00000038   Code   RO          989    i.Set_Channel_active_flag  gpdma_lpc17xx.o
    0x00004028   0x00000140   Code   RO         1170    i.SystemInit        system_lpc17xx.o
    0x00004168   0x00000100   Code   RO          592    i.Uninitialize      emac_lpc17xx.o
    0x00004268   0x00000014   Code   RO          927    i.Uninitialize      phy_dp83848c.o
    0x0000427c   0x0000001c   Code   RO          776    i.__NVIC_ClearPendingIRQ  ssp_lpc17xx.o
    0x00004298   0x0000001c   Code   RO          990    i.__NVIC_ClearPendingIRQ  gpdma_lpc17xx.o
    0x000042b4   0x0000002c   Code   RO          515    i.__user_perthread_libspace  rtx_conf_cm.o
    0x000042e0   0x00000046   Code   RO         2926    i._init_box         RTX_CM3.lib(rt_membox.o)
    0x00004326   0x0000000e   Code   RO         3358    i._is_digit         c_w.l(__printf_wp.o)
    0x00004334   0x00000020   Code   RO          516    i._mutex_acquire    rtx_conf_cm.o
    0x00004354   0x0000001c   Code   RO          518    i._mutex_release    rtx_conf_cm.o
    0x00004370   0x00000034   Code   RO         2403    i.add_server_id     Net_CM3_L.lib(net_http_server.o)
    0x000043a4   0x00000098   Code   RO         2140    i.arp_cache_alloc   Net_CM3_L.lib(net_arp.o)
    0x0000443c   0x00000040   Code   RO         2141    i.arp_is_cacheable  Net_CM3_L.lib(net_arp.o)
    0x0000447c   0x00000040   Code   RO         2142    i.arp_probe_run     Net_CM3_L.lib(net_arp.o)
    0x000044bc   0x00000080   Code   RO         2143    i.arp_proc_response  Net_CM3_L.lib(net_arp.o)
    0x0000453c   0x0000008c   Code   RO         2144    i.arp_send_reply    Net_CM3_L.lib(net_arp.o)
    0x000045c8   0x000000b8   Code   RO         2145    i.arp_send_request  Net_CM3_L.lib(net_arp.o)
    0x00004680   0x00000170   Code   RO         2404    i.chk_post_req      Net_CM3_L.lib(net_http_server.o)
    0x000047f0   0x0000001e   Code   RO         2405    i.cmp_fname_ext     Net_CM3_L.lib(net_http_server.o)
    0x0000480e   0x00000028   Code   RO         2406    i.cmp_header        Net_CM3_L.lib(net_http_server.o)
    0x00004836   0x00000002   PAD
    0x00004838   0x00000024   Code   RO           96    i.crc32_8bit        fichierweb.o
    0x0000485c   0x00000028   Code   RO          593    i.crc32_8bit_rev    emac_lpc17xx.o
    0x00004884   0x00000022   Code   RO          594    i.crc32_data        emac_lpc17xx.o
    0x000048a6   0x00000002   PAD
    0x000048a8   0x00000030   Code   RO         2979    i.dbg_init          RTX_CM3.lib(hal_cm.o)
    0x000048d8   0x00000020   Code   RO         2980    i.dbg_task_notify   RTX_CM3.lib(hal_cm.o)
    0x000048f8   0x00000010   Code   RO         2981    i.dbg_task_switch   RTX_CM3.lib(hal_cm.o)
    0x00004908   0x0000002c   Code   RO          290    i.delay_ms          glcd_mcb1700.o
    0x00004934   0x000000a0   Code   RO         2094    i.eth_check_link    Net_CM3_L.lib(net_eth.o)
    0x000049d4   0x00000010   Code   RO         2095    i.eth_lock          Net_CM3_L.lib(net_eth.o)
    0x000049e4   0x0000001e   Code   RO         2096    i.eth_make_mcast4   Net_CM3_L.lib(net_eth.o)
    0x00004a02   0x0000001a   Code   RO         2097    i.eth_make_mcast6   Net_CM3_L.lib(net_eth.o)
    0x00004a1c   0x00000014   Code   RO         2098    i.eth_notify        Net_CM3_L.lib(net_eth.o)
    0x00004a30   0x00000088   Code   RO         2100    i.eth_receive       Net_CM3_L.lib(net_eth.o)
    0x00004ab8   0x0000000c   Code   RO         2101    i.eth_unlock        Net_CM3_L.lib(net_eth.o)
    0x00004ac4   0x0000001c   Code   RO         3196    i.get_crc32         Net_CM3_L.lib(net_common.o)
    0x00004ae0   0x00000028   Code   RO         2407    i.get_next_field    Net_CM3_L.lib(net_http_server.o)
    0x00004b08   0x00000032   Code   RO         2408    i.get_next_par      Net_CM3_L.lib(net_http_server.o)
    0x00004b3a   0x00000022   Code   RO         2409    i.hex2byte          Net_CM3_L.lib(net_http_server.o)
    0x00004b5c   0x0000033c   Code   RO         2410    i.http_add_header   Net_CM3_L.lib(net_http_server.o)
    0x00004e98   0x000001b4   Code   RO         2411    i.http_error_msg    Net_CM3_L.lib(net_http_server.o)
    0x0000504c   0x00000078   Code   RO         2412    i.http_get_ftype    Net_CM3_L.lib(net_http_server.o)
    0x000050c4   0x0000005e   Code   RO         2413    i.http_kill_session  Net_CM3_L.lib(net_http_server.o)
    0x00005122   0x00000002   PAD
    0x00005124   0x00000218   Code   RO         2414    i.http_listener     Net_CM3_L.lib(net_http_server.o)
    0x0000533c   0x00000118   Code   RO         2415    i.http_open_file    Net_CM3_L.lib(net_http_server.o)
    0x00005454   0x00000154   Code   RO         2416    i.http_proc_header  Net_CM3_L.lib(net_http_server.o)
    0x000055a8   0x00000178   Code   RO         2417    i.http_proc_multipart  Net_CM3_L.lib(net_http_server.o)
    0x00005720   0x000000f4   Code   RO         2418    i.http_proc_post    Net_CM3_L.lib(net_http_server.o)
    0x00005814   0x000003a8   Code   RO         2419    i.http_server_run   Net_CM3_L.lib(net_http_server.o)
    0x00005bbc   0x00000040   Code   RO         2420    i.http_server_start  Net_CM3_L.lib(net_http_server.o)
    0x00005bfc   0x00000020   Code   RO         2421    i.http_strcpy       Net_CM3_L.lib(net_http_server.o)
    0x00005c1c   0x000000a4   Code   RO         2422    i.http_to_utc       Net_CM3_L.lib(net_http_server.o)
    0x00005cc0   0x00000030   Code   RO         2189    i.igmp_map_group    Net_CM3_L.lib(net_igmp.o)
    0x00005cf0   0x0000006c   Code   RO         2190    i.igmp_send_report  Net_CM3_L.lib(net_igmp.o)
    0x00005d5c   0x00000064   Code   RO           97    i.imageFileInfo     fichierweb.o
    0x00005dc0   0x00000068   Code   RO          595    i.init_rx_desc      emac_lpc17xx.o
    0x00005e28   0x0000005c   Code   RO          596    i.init_tx_desc      emac_lpc17xx.o
    0x00005e84   0x00000044   Code   RO          597    i.input_MDIO        emac_lpc17xx.o
    0x00005ec8   0x0000000a   Code   RO         3091    i.ip4_get_chksum    Net_CM3_L.lib(net_ip4.o)
    0x00005ed2   0x00000002   PAD
    0x00005ed4   0x00000090   Code   RO         3092    i.ip4_get_route     Net_CM3_L.lib(net_ip4.o)
    0x00005f64   0x0000002c   Code   RO         3119    i.ip6_get_route     Net_CM3_L.lib(net_ip6.o)
    0x00005f90   0x0000002a   Code   RO         1357    i.isrMessageGet     RTX_CM3.lib(rt_cmsis.o)
    0x00005fba   0x0000002c   Code   RO         1358    i.isrMessagePut     RTX_CM3.lib(rt_cmsis.o)
    0x00005fe6   0x00000028   Code   RO         1359    i.isrSemaphoreRelease  RTX_CM3.lib(rt_cmsis.o)
    0x0000600e   0x00000024   Code   RO         1360    i.isrSignalSet      RTX_CM3.lib(rt_cmsis.o)
    0x00006032   0x00000002   PAD
    0x00006034   0x00000028   Code   RO         2663    i.isr_evt_set       RTX_CM3.lib(rt_event.o)
    0x0000605c   0x00000056   Code   RO         2781    i.isr_mbx_receive   RTX_CM3.lib(rt_mailbox.o)
    0x000060b2   0x0000000e   Code   RO         2782    i.isr_mbx_send      RTX_CM3.lib(rt_mailbox.o)
    0x000060c0   0x00000010   Code   RO         2829    i.isr_sem_send      RTX_CM3.lib(rt_semaphore.o)
    0x000060d0   0x000000c0   Code   RO            1    i.main              udp_socket.o
    0x00006190   0x00000010   Code   RO         3174    i.mem_lock          Net_CM3_L.lib(net_mem.o)
    0x000061a0   0x0000000c   Code   RO         3175    i.mem_unlock        Net_CM3_L.lib(net_mem.o)
    0x000061ac   0x00000160   Code   RO         2391    i.nbns_listener     Net_CM3_L.lib(net_nbns_client.o)
    0x0000630c   0x0000009c   Code   RO         3037    i.ndp_cache_add     Net_CM3_L.lib(net_ndp.o)
    0x000063a8   0x00000084   Code   RO         3038    i.ndp_cache_alloc   Net_CM3_L.lib(net_ndp.o)
    0x0000642c   0x0000002c   Code   RO         3039    i.ndp_check_frame   Net_CM3_L.lib(net_ndp.o)
    0x00006458   0x0000005c   Code   RO         3040    i.ndp_is_onlink     Net_CM3_L.lib(net_ndp.o)
    0x000064b4   0x00000012   Code   RO         3041    i.ndp_next_opt      Net_CM3_L.lib(net_ndp.o)
    0x000064c6   0x00000002   PAD
    0x000064c8   0x000000b8   Code   RO         3042    i.ndp_prefix_add    Net_CM3_L.lib(net_ndp.o)
    0x00006580   0x00000040   Code   RO         3043    i.ndp_probe_run     Net_CM3_L.lib(net_ndp.o)
    0x000065c0   0x0000007c   Code   RO         3044    i.ndp_proc_response  Net_CM3_L.lib(net_ndp.o)
    0x0000663c   0x0000003c   Code   RO         3045    i.ndp_router_remove  Net_CM3_L.lib(net_ndp.o)
    0x00006678   0x0000006c   Code   RO         3046    i.ndp_send_reply    Net_CM3_L.lib(net_ndp.o)
    0x000066e4   0x00000084   Code   RO         3047    i.ndp_send_request  Net_CM3_L.lib(net_ndp.o)
    0x00006768   0x000000fc   Code   RO         3048    i.ndp_slaac_run     Net_CM3_L.lib(net_ndp.o)
    0x00006864   0x00000004   Code   RO         2423    i.netCGI_Charset    Net_CM3_L.lib(net_http_server.o)
    0x00006868   0x00000004   Code   RO         2424    i.netCGI_ContentType  Net_CM3_L.lib(net_http_server.o)
    0x0000686c   0x0000006c   Code   RO         2425    i.netCGI_GetEnvVar  Net_CM3_L.lib(net_http_server.o)
    0x000068d8   0x00000094   Code   RO            2    i.netCGI_ProcessData  udp_socket.o
    0x0000696c   0x00000002   Code   RO         2427    i.netCGI_ProcessQuery  Net_CM3_L.lib(net_http_server.o)
    0x0000696e   0x00000004   Code   RO         2428    i.netCGI_Redirect   Net_CM3_L.lib(net_http_server.o)
    0x00006972   0x00000002   PAD
    0x00006974   0x00000070   Code   RO            3    i.netCGI_Script     udp_socket.o
    0x000069e4   0x00000004   Code   RO         2430    i.netCGX_ContentType  Net_CM3_L.lib(net_http_server.o)
    0x000069e8   0x00000058   Code   RO         2536    i.netCore_Thread    Net_CM3_L.lib(net_sys.o)
    0x00006a40   0x00000002   Code   RO         2102    i.netETH_Notify     Net_CM3_L.lib(net_eth.o)
    0x00006a42   0x00000002   PAD
    0x00006a44   0x0000003c   Code   RO         2103    i.netETH_Thread     Net_CM3_L.lib(net_eth.o)
    0x00006a80   0x00000004   Code   RO         2431    i.netHTTPs_AcceptClient  Net_CM3_L.lib(net_http_server.o)
    0x00006a84   0x00000004   Code   RO         2432    i.netHTTPs_CheckAccount  Net_CM3_L.lib(net_http_server.o)
    0x00006a88   0x00000004   Code   RO         2433    i.netHTTPs_FileAccess  Net_CM3_L.lib(net_http_server.o)
    0x00006a8c   0x00000002   Code   RO         1204    i.netHTTPs_fclose   net_config.o
    0x00006a8e   0x00000004   Code   RO         1205    i.netHTTPs_fgets    net_config.o
    0x00006a92   0x00000004   Code   RO         1206    i.netHTTPs_fopen    net_config.o
    0x00006a96   0x00000004   Code   RO         1207    i.netHTTPs_fread    net_config.o
    0x00006a9a   0x00000002   Code   RO         1208    i.netHTTPs_fstat    net_config.o
    0x00006a9c   0x00000088   Code   RO         2539    i.netInitialize     Net_CM3_L.lib(net_sys.o)
    0x00006b24   0x0000007c   Code   RO         3230    i.netMAC_aton       Net_CM3_L.lib(net_addr.o)
    0x00006ba0   0x00000004   Code   RO         1210    i.netTLS_buf        net_config.o
    0x00006ba4   0x00000002   Code   RO         1211    i.netTLS_close      net_config.o
    0x00006ba6   0x00000002   Code   RO         1212    i.netTLS_send       net_config.o
    0x00006ba8   0x00000004   Code   RO         1213    i.netTLS_socket     net_config.o
    0x00006bac   0x00000004   Code   RO         2229    i.netUDP_GetBuffer  Net_CM3_L.lib(net_udp.o)
    0x00006bb0   0x00000018   Code   RO         2231    i.netUDP_GetSocket  Net_CM3_L.lib(net_udp.o)
    0x00006bc8   0x0000001c   Code   RO         2232    i.netUDP_Open       Net_CM3_L.lib(net_udp.o)
    0x00006be4   0x00000028   Code   RO         2234    i.netUDP_Send       Net_CM3_L.lib(net_udp.o)
    0x00006c0c   0x00000068   Code   RO         3232    i.net_addr4_aton    Net_CM3_L.lib(net_addr.o)
    0x00006c74   0x0000001a   Code   RO         3233    i.net_addr4_is_subnet  Net_CM3_L.lib(net_addr.o)
    0x00006c8e   0x00000002   PAD
    0x00006c90   0x000000f4   Code   RO         3235    i.net_addr6_aton    Net_CM3_L.lib(net_addr.o)
    0x00006d84   0x00000028   Code   RO         3236    i.net_addr6_comp    Net_CM3_L.lib(net_addr.o)
    0x00006dac   0x00000012   Code   RO         3237    i.net_addr6_copy    Net_CM3_L.lib(net_addr.o)
    0x00006dbe   0x00000002   PAD
    0x00006dc0   0x0000004c   Code   RO         3238    i.net_addr6_create  Net_CM3_L.lib(net_addr.o)
    0x00006e0c   0x0000002c   Code   RO         3239    i.net_addr6_get_solicited  Net_CM3_L.lib(net_addr.o)
    0x00006e38   0x00000018   Code   RO         3240    i.net_addr6_is_linklocal  Net_CM3_L.lib(net_addr.o)
    0x00006e50   0x0000006c   Code   RO         3241    i.net_addr6_is_onlink  Net_CM3_L.lib(net_addr.o)
    0x00006ebc   0x00000048   Code   RO         3242    i.net_addr6_is_solicited  Net_CM3_L.lib(net_addr.o)
    0x00006f04   0x00000018   Code   RO         3243    i.net_addr6_is_unspec  Net_CM3_L.lib(net_addr.o)
    0x00006f1c   0x0000000e   Code   RO         3248    i.net_addr_get_local  Net_CM3_L.lib(net_addr.o)
    0x00006f2a   0x00000022   Code   RO         3249    i.net_addr_is_unspec  Net_CM3_L.lib(net_addr.o)
    0x00006f4c   0x000000b0   Code   RO         2151    i.net_arp_cache_add  Net_CM3_L.lib(net_arp.o)
    0x00006ffc   0x00000094   Code   RO         2152    i.net_arp_cache_early  Net_CM3_L.lib(net_arp.o)
    0x00007090   0x000000b0   Code   RO         2153    i.net_arp_cache_find  Net_CM3_L.lib(net_arp.o)
    0x00007140   0x00000038   Code   RO         2155    i.net_arp_init      Net_CM3_L.lib(net_arp.o)
    0x00007178   0x0000002c   Code   RO         2156    i.net_arp_notify    Net_CM3_L.lib(net_arp.o)
    0x000071a4   0x00000148   Code   RO         2158    i.net_arp_process   Net_CM3_L.lib(net_arp.o)
    0x000072ec   0x000000f8   Code   RO         2159    i.net_arp_run       Net_CM3_L.lib(net_arp.o)
    0x000073e4   0x0000007a   Code   RO         3197    i.net_b64_decode    Net_CM3_L.lib(net_common.o)
    0x0000745e   0x00000002   PAD
    0x00007460   0x00000218   Code   RO         2106    i.net_eth_iface_init  Net_CM3_L.lib(net_eth.o)
    0x00007678   0x00000174   Code   RO         2107    i.net_eth_iface_run  Net_CM3_L.lib(net_eth.o)
    0x000077ec   0x00000020   Code   RO         2108    i.net_eth_is_my_addr  Net_CM3_L.lib(net_eth.o)
    0x0000780c   0x0000003c   Code   RO         2109    i.net_eth_output    Net_CM3_L.lib(net_eth.o)
    0x00007848   0x000000dc   Code   RO         2110    i.net_eth_send_frame  Net_CM3_L.lib(net_eth.o)
    0x00007924   0x00000108   Code   RO         2112    i.net_eth_update_filter  Net_CM3_L.lib(net_eth.o)
    0x00007a2c   0x000000a4   Code   RO         2450    i.net_http_server_init  Net_CM3_L.lib(net_http_server.o)
    0x00007ad0   0x00000014   Code   RO         2451    i.net_http_server_run  Net_CM3_L.lib(net_http_server.o)
    0x00007ae4   0x00000130   Code   RO         3154    i.net_icmp6_process  Net_CM3_L.lib(net_icmp6.o)
    0x00007c14   0x0000005c   Code   RO         3155    i.net_icmp6_send    Net_CM3_L.lib(net_icmp6.o)
    0x00007c70   0x00000050   Code   RO         3156    i.net_icmp6_send_echo  Net_CM3_L.lib(net_icmp6.o)
    0x00007cc0   0x000000e0   Code   RO         3144    i.net_icmp_process  Net_CM3_L.lib(net_icmp.o)
    0x00007da0   0x0000007c   Code   RO         3145    i.net_icmp_send_echo  Net_CM3_L.lib(net_icmp.o)
    0x00007e1c   0x0000003c   Code   RO         2193    i.net_igmp_collect_addr  Net_CM3_L.lib(net_igmp.o)
    0x00007e58   0x00000030   Code   RO         2194    i.net_igmp_host_init  Net_CM3_L.lib(net_igmp.o)
    0x00007e88   0x0000007c   Code   RO         2195    i.net_igmp_host_run  Net_CM3_L.lib(net_igmp.o)
    0x00007f04   0x0000001c   Code   RO         2196    i.net_igmp_is_member  Net_CM3_L.lib(net_igmp.o)
    0x00007f20   0x000000ec   Code   RO         2197    i.net_igmp_process  Net_CM3_L.lib(net_igmp.o)
    0x0000800c   0x0000004c   Code   RO         3093    i.net_ip4_checksum  Net_CM3_L.lib(net_ip4.o)
    0x00008058   0x000000cc   Code   RO         3094    i.net_ip4_chk_frame  Net_CM3_L.lib(net_ip4.o)
    0x00008124   0x00000032   Code   RO         3095    i.net_ip4_chksum_buf  Net_CM3_L.lib(net_ip4.o)
    0x00008156   0x00000002   PAD
    0x00008158   0x00000040   Code   RO         3096    i.net_ip4_get_local  Net_CM3_L.lib(net_ip4.o)
    0x00008198   0x00000010   Code   RO         3097    i.net_ip4_init      Net_CM3_L.lib(net_ip4.o)
    0x000081a8   0x0000002c   Code   RO         3098    i.net_ip4_is_subcast  Net_CM3_L.lib(net_ip4.o)
    0x000081d4   0x00000114   Code   RO         3099    i.net_ip4_send_frame  Net_CM3_L.lib(net_ip4.o)
    0x000082e8   0x00000034   Code   RO         3100    i.net_ip4_tx_offload  Net_CM3_L.lib(net_ip4.o)
    0x0000831c   0x00000052   Code   RO         3120    i.net_ip6_checksum  Net_CM3_L.lib(net_ip6.o)
    0x0000836e   0x00000002   PAD
    0x00008370   0x000000a4   Code   RO         3121    i.net_ip6_chk_frame  Net_CM3_L.lib(net_ip6.o)
    0x00008414   0x0000005c   Code   RO         3122    i.net_ip6_get_local  Net_CM3_L.lib(net_ip6.o)
    0x00008470   0x00000010   Code   RO         3123    i.net_ip6_init      Net_CM3_L.lib(net_ip6.o)
    0x00008480   0x000000b4   Code   RO         3124    i.net_ip6_send_frame  Net_CM3_L.lib(net_ip6.o)
    0x00008534   0x0000000c   Code   RO         3125    i.net_ip6_tx_netif  Net_CM3_L.lib(net_ip6.o)
    0x00008540   0x00000030   Code   RO         3126    i.net_ip6_tx_offload  Net_CM3_L.lib(net_ip6.o)
    0x00008570   0x00000028   Code   RO         2215    i.net_loop_iface_init  Net_CM3_L.lib(net_loop.o)
    0x00008598   0x00000094   Code   RO         2216    i.net_loop_iface_run  Net_CM3_L.lib(net_loop.o)
    0x0000862c   0x00000048   Code   RO         2217    i.net_loop_send_frame  Net_CM3_L.lib(net_loop.o)
    0x00008674   0x0000008c   Code   RO         3176    i.net_mem_alloc     Net_CM3_L.lib(net_mem.o)
    0x00008700   0x0000001c   Code   RO         3177    i.net_mem_avail     Net_CM3_L.lib(net_mem.o)
    0x0000871c   0x0000006c   Code   RO         3178    i.net_mem_free      Net_CM3_L.lib(net_mem.o)
    0x00008788   0x00000060   Code   RO         3179    i.net_mem_init      Net_CM3_L.lib(net_mem.o)
    0x000087e8   0x00000038   Code   RO         3180    i.net_mem_shrink    Net_CM3_L.lib(net_mem.o)
    0x00008820   0x00000020   Code   RO         3200    i.net_memcrc        Net_CM3_L.lib(net_common.o)
    0x00008840   0x0000002c   Code   RO         2392    i.net_nbns_client_init  Net_CM3_L.lib(net_nbns_client.o)
    0x0000886c   0x00000094   Code   RO         3053    i.net_ndp_cache_find  Net_CM3_L.lib(net_ndp.o)
    0x00008900   0x00000054   Code   RO         3055    i.net_ndp_cache_refresh  Net_CM3_L.lib(net_ndp.o)
    0x00008954   0x00000050   Code   RO         3057    i.net_ndp_init      Net_CM3_L.lib(net_ndp.o)
    0x000089a4   0x0000022c   Code   RO         3058    i.net_ndp_process   Net_CM3_L.lib(net_ndp.o)
    0x00008bd0   0x000000d0   Code   RO         3059    i.net_ndp_run       Net_CM3_L.lib(net_ndp.o)
    0x00008ca0   0x00000034   Code   RO         2542    i.net_path          Net_CM3_L.lib(net_sys.o)
    0x00008cd4   0x00000010   Code   RO         2520    i.net_ping_client_init  Net_CM3_L.lib(net_ping.o)
    0x00008ce4   0x00000040   Code   RO         2521    i.net_ping_client_run  Net_CM3_L.lib(net_ping.o)
    0x00008d24   0x00000004   Code   RO         1215    i.net_ppp_send_frame  net_config.o
    0x00008d28   0x0000001c   Code   RO         2543    i.net_rand32        Net_CM3_L.lib(net_sys.o)
    0x00008d44   0x00000004   Code   RO         1218    i.net_slip_send_frame  net_config.o
    0x00008d48   0x00000016   Code   RO         3202    i.net_strchr        Net_CM3_L.lib(net_common.o)
    0x00008d5e   0x0000001a   Code   RO         3203    i.net_strcmp        Net_CM3_L.lib(net_common.o)
    0x00008d78   0x00000012   Code   RO         3204    i.net_strcpy        Net_CM3_L.lib(net_common.o)
    0x00008d8a   0x0000001a   Code   RO         3206    i.net_strtoupper    Net_CM3_L.lib(net_common.o)
    0x00008da4   0x00000002   Code   RO         1220    i.net_sys_error     net_config.o
    0x00008da6   0x00000002   PAD
    0x00008da8   0x00000010   Code   RO         2544    i.net_sys_lock      Net_CM3_L.lib(net_sys.o)
    0x00008db8   0x00000014   Code   RO         2545    i.net_sys_tick      Net_CM3_L.lib(net_sys.o)
    0x00008dcc   0x0000000c   Code   RO         2546    i.net_sys_unlock    Net_CM3_L.lib(net_sys.o)
    0x00008dd8   0x00000020   Code   RO         2547    i.net_sys_wakeup    Net_CM3_L.lib(net_sys.o)
    0x00008df8   0x0000005c   Code   RO         2294    i.net_tcp_abort     Net_CM3_L.lib(net_tcp.o)
    0x00008e54   0x000000ac   Code   RO         2297    i.net_tcp_close     Net_CM3_L.lib(net_tcp.o)
    0x00008f00   0x0000001e   Code   RO         2300    i.net_tcp_get_buf   Net_CM3_L.lib(net_tcp.o)
    0x00008f1e   0x00000002   PAD
    0x00008f20   0x00000028   Code   RO         2302    i.net_tcp_get_mss   Net_CM3_L.lib(net_tcp.o)
    0x00008f48   0x0000004c   Code   RO         2304    i.net_tcp_get_socket  Net_CM3_L.lib(net_tcp.o)
    0x00008f94   0x0000002c   Code   RO         2305    i.net_tcp_get_state  Net_CM3_L.lib(net_tcp.o)
    0x00008fc0   0x0000007c   Code   RO         2307    i.net_tcp_listen    Net_CM3_L.lib(net_tcp.o)
    0x0000903c   0x0000050e   Code   RO         2309    i.net_tcp_process   Net_CM3_L.lib(net_tcp.o)
    0x0000954a   0x00000002   PAD
    0x0000954c   0x000000e8   Code   RO         2313    i.net_tcp_send      Net_CM3_L.lib(net_tcp.o)
    0x00009634   0x000000a4   Code   RO         2314    i.net_tcp_set_option  Net_CM3_L.lib(net_tcp.o)
    0x000096d8   0x00000014   Code   RO         2315    i.net_tcp_socket_init  Net_CM3_L.lib(net_tcp.o)
    0x000096ec   0x000002d0   Code   RO         2316    i.net_tcp_socket_run  Net_CM3_L.lib(net_tcp.o)
    0x000099bc   0x0000001e   Code   RO         2238    i.net_udp_get_buf   Net_CM3_L.lib(net_udp.o)
    0x000099da   0x00000002   PAD
    0x000099dc   0x0000004c   Code   RO         2240    i.net_udp_get_socket  Net_CM3_L.lib(net_udp.o)
    0x00009a28   0x0000006c   Code   RO         2242    i.net_udp_open      Net_CM3_L.lib(net_udp.o)
    0x00009a94   0x000000e4   Code   RO         2243    i.net_udp_process   Net_CM3_L.lib(net_udp.o)
    0x00009b78   0x00000174   Code   RO         2245    i.net_udp_send      Net_CM3_L.lib(net_udp.o)
    0x00009cec   0x00000014   Code   RO         2247    i.net_udp_socket_init  Net_CM3_L.lib(net_udp.o)
    0x00009d00   0x00000018   Code   RO         1361    i.osDelay           RTX_CM3.lib(rt_cmsis.o)
    0x00009d18   0x00000024   Code   RO         1362    i.osKernelInitialize  RTX_CM3.lib(rt_cmsis.o)
    0x00009d3c   0x0000006c   Code   RO         1364    i.osKernelStart     RTX_CM3.lib(rt_cmsis.o)
    0x00009da8   0x00000018   Code   RO         1365    i.osKernelSysTick   RTX_CM3.lib(rt_cmsis.o)
    0x00009dc0   0x00000018   Code   RO         1373    i.osMessageGet      RTX_CM3.lib(rt_cmsis.o)
    0x00009dd8   0x0000002c   Code   RO         1375    i.osMutexCreate     RTX_CM3.lib(rt_cmsis.o)
    0x00009e04   0x00000018   Code   RO         1377    i.osMutexRelease    RTX_CM3.lib(rt_cmsis.o)
    0x00009e1c   0x00000018   Code   RO         1378    i.osMutexWait       RTX_CM3.lib(rt_cmsis.o)
    0x00009e34   0x0000002c   Code   RO         1383    i.osSemaphoreCreate  RTX_CM3.lib(rt_cmsis.o)
    0x00009e60   0x00000018   Code   RO         1385    i.osSemaphoreRelease  RTX_CM3.lib(rt_cmsis.o)
    0x00009e78   0x00000018   Code   RO         1386    i.osSemaphoreWait   RTX_CM3.lib(rt_cmsis.o)
    0x00009e90   0x00000018   Code   RO         1387    i.osSignalClear     RTX_CM3.lib(rt_cmsis.o)
    0x00009ea8   0x00000018   Code   RO         1388    i.osSignalSet       RTX_CM3.lib(rt_cmsis.o)
    0x00009ec0   0x00000018   Code   RO         1389    i.osSignalWait      RTX_CM3.lib(rt_cmsis.o)
    0x00009ed8   0x0000002c   Code   RO         1390    i.osThreadCreate    RTX_CM3.lib(rt_cmsis.o)
    0x00009f04   0x00000018   Code   RO         1391    i.osThreadExit      RTX_CM3.lib(rt_cmsis.o)
    0x00009f1c   0x00000018   Code   RO         1396    i.osThreadYield     RTX_CM3.lib(rt_cmsis.o)
    0x00009f34   0x0000000c   Code   RO         1397    i.osTimerCall       RTX_CM3.lib(rt_cmsis.o)
    0x00009f40   0x0000002c   Code   RO         1398    i.osTimerCreate     RTX_CM3.lib(rt_cmsis.o)
    0x00009f6c   0x00000018   Code   RO         1400    i.osTimerStart      RTX_CM3.lib(rt_cmsis.o)
    0x00009f84   0x0000002c   Code   RO         1402    i.osTimerThread     RTX_CM3.lib(rt_cmsis.o)
    0x00009fb0   0x00000022   Code   RO          519    i.os_error          rtx_conf_cm.o
    0x00009fd2   0x00000004   Code   RO          520    i.os_idle_demon     rtx_conf_cm.o
    0x00009fd6   0x00000002   PAD
    0x00009fd8   0x00000028   Code   RO         2573    i.os_tick_init      RTX_CM3.lib(rt_system.o)
    0x0000a000   0x00000002   Code   RO         2574    i.os_tick_irqack    RTX_CM3.lib(rt_system.o)
    0x0000a002   0x00000002   PAD
    0x0000a004   0x00000010   Code   RO         2575    i.os_tick_ovf       RTX_CM3.lib(rt_system.o)
    0x0000a014   0x00000014   Code   RO         2576    i.os_tick_val       RTX_CM3.lib(rt_system.o)
    0x0000a028   0x00000040   Code   RO          598    i.output_MDIO       emac_lpc17xx.o
    0x0000a068   0x0000001c   Code   RO         2522    i.ping_send_req     Net_CM3_L.lib(net_ping.o)
    0x0000a084   0x00000058   Code   RO         2453    i.proc_req_line     Net_CM3_L.lib(net_http_server.o)
    0x0000a0dc   0x00000044   Code   RO          291    i.rd_dat            glcd_mcb1700.o
    0x0000a120   0x000000c8   Code   RO          292    i.rd_id_man         glcd_mcb1700.o
    0x0000a1e8   0x00000010   Code   RO          293    i.rd_reg            glcd_mcb1700.o
    0x0000a1f8   0x000000a0   Code   RO         2454    i.read_script_line  Net_CM3_L.lib(net_http_server.o)
    0x0000a298   0x0000001a   Code   RO         2927    i.rt_alloc_box      RTX_CM3.lib(rt_membox.o)
    0x0000a2b2   0x0000003e   Code   RO         2955    i.rt_alloc_mem      RTX_CM3.lib(rt_memory.o)
    0x0000a2f0   0x00000038   Code   RO         1976    i.rt_block          RTX_CM3.lib(rt_task.o)
    0x0000a328   0x00000048   Code   RO         2904    i.rt_chk_robin      RTX_CM3.lib(rt_robin.o)
    0x0000a370   0x00000070   Code   RO         2705    i.rt_dec_dly        RTX_CM3.lib(rt_list.o)
    0x0000a3e0   0x00000044   Code   RO         1977    i.rt_dispatch       RTX_CM3.lib(rt_task.o)
    0x0000a424   0x00000006   Code   RO         2871    i.rt_dly_wait       RTX_CM3.lib(rt_time.o)
    0x0000a42a   0x00000002   PAD
    0x0000a42c   0x0000001c   Code   RO         2664    i.rt_evt_clr        RTX_CM3.lib(rt_event.o)
    0x0000a448   0x00000050   Code   RO         2666    i.rt_evt_psh        RTX_CM3.lib(rt_event.o)
    0x0000a498   0x0000005c   Code   RO         2667    i.rt_evt_set        RTX_CM3.lib(rt_event.o)
    0x0000a4f4   0x0000003c   Code   RO         2668    i.rt_evt_wait       RTX_CM3.lib(rt_event.o)
    0x0000a530   0x0000002c   Code   RO         2928    i.rt_free_box       RTX_CM3.lib(rt_membox.o)
    0x0000a55c   0x00000028   Code   RO         2956    i.rt_free_mem       RTX_CM3.lib(rt_memory.o)
    0x0000a584   0x00000028   Code   RO         2706    i.rt_get_first      RTX_CM3.lib(rt_list.o)
    0x0000a5ac   0x00000024   Code   RO         2707    i.rt_get_same_rdy_prio  RTX_CM3.lib(rt_list.o)
    0x0000a5d0   0x00000008   Code   RO         1407    i.rt_id2obj         RTX_CM3.lib(rt_cmsis.o)
    0x0000a5d8   0x00000048   Code   RO         1978    i.rt_init_context   RTX_CM3.lib(rt_task.o)
    0x0000a620   0x0000001a   Code   RO         2957    i.rt_init_mem       RTX_CM3.lib(rt_memory.o)
    0x0000a63a   0x00000002   PAD
    0x0000a63c   0x00000018   Code   RO         2905    i.rt_init_robin     RTX_CM3.lib(rt_robin.o)
    0x0000a654   0x00000080   Code   RO         2982    i.rt_init_stack     RTX_CM3.lib(hal_cm.o)
    0x0000a6d4   0x00000008   Code   RO         2783    i.rt_mbx_check      RTX_CM3.lib(rt_mailbox.o)
    0x0000a6dc   0x0000001a   Code   RO         2784    i.rt_mbx_init       RTX_CM3.lib(rt_mailbox.o)
    0x0000a6f6   0x00000002   PAD
    0x0000a6f8   0x000000f0   Code   RO         2785    i.rt_mbx_psh        RTX_CM3.lib(rt_mailbox.o)
    0x0000a7e8   0x000000b4   Code   RO         2787    i.rt_mbx_wait       RTX_CM3.lib(rt_mailbox.o)
    0x0000a89c   0x00000044   Code   RO         1408    i.rt_ms2tick        RTX_CM3.lib(rt_cmsis.o)
    0x0000a8e0   0x00000010   Code   RO         2061    i.rt_mut_init       RTX_CM3.lib(rt_mutex.o)
    0x0000a8f0   0x000000d8   Code   RO         2062    i.rt_mut_release    RTX_CM3.lib(rt_mutex.o)
    0x0000a9c8   0x00000078   Code   RO         2063    i.rt_mut_wait       RTX_CM3.lib(rt_mutex.o)
    0x0000aa40   0x0000007c   Code   RO         2577    i.rt_pop_req        RTX_CM3.lib(rt_system.o)
    0x0000aabc   0x00000020   Code   RO         2578    i.rt_psh_req        RTX_CM3.lib(rt_system.o)
    0x0000aadc   0x0000005c   Code   RO         2708    i.rt_psq_enq        RTX_CM3.lib(rt_list.o)
    0x0000ab38   0x00000048   Code   RO         2709    i.rt_put_dly        RTX_CM3.lib(rt_list.o)
    0x0000ab80   0x00000036   Code   RO         2710    i.rt_put_prio       RTX_CM3.lib(rt_list.o)
    0x0000abb6   0x00000002   PAD
    0x0000abb8   0x00000014   Code   RO         2711    i.rt_put_rdy_first  RTX_CM3.lib(rt_list.o)
    0x0000abcc   0x00000034   Code   RO         2712    i.rt_resort_prio    RTX_CM3.lib(rt_list.o)
    0x0000ac00   0x00000006   Code   RO         2983    i.rt_ret_val        RTX_CM3.lib(hal_cm.o)
    0x0000ac06   0x00000008   Code   RO         2984    i.rt_ret_val2       RTX_CM3.lib(hal_cm.o)
    0x0000ac0e   0x00000028   Code   RO         2713    i.rt_rmv_dly        RTX_CM3.lib(rt_list.o)
    0x0000ac36   0x00000002   PAD
    0x0000ac38   0x00000030   Code   RO         2714    i.rt_rmv_list       RTX_CM3.lib(rt_list.o)
    0x0000ac68   0x0000000c   Code   RO         2831    i.rt_sem_init       RTX_CM3.lib(rt_semaphore.o)
    0x0000ac74   0x00000034   Code   RO         2832    i.rt_sem_psh        RTX_CM3.lib(rt_semaphore.o)
    0x0000aca8   0x0000002a   Code   RO         2833    i.rt_sem_send       RTX_CM3.lib(rt_semaphore.o)
    0x0000acd2   0x00000002   PAD
    0x0000acd4   0x00000040   Code   RO         2834    i.rt_sem_wait       RTX_CM3.lib(rt_semaphore.o)
    0x0000ad14   0x00000024   Code   RO         2580    i.rt_stk_check      RTX_CM3.lib(rt_system.o)
    0x0000ad38   0x00000028   Code   RO         1979    i.rt_switch_req     RTX_CM3.lib(rt_task.o)
    0x0000ad60   0x000000cc   Code   RO         1980    i.rt_sys_init       RTX_CM3.lib(rt_task.o)
    0x0000ae2c   0x00000078   Code   RO         1981    i.rt_sys_start      RTX_CM3.lib(rt_task.o)
    0x0000aea4   0x00000040   Code   RO         2582    i.rt_systick        RTX_CM3.lib(rt_system.o)
    0x0000aee4   0x00000012   Code   RO         1409    i.rt_tid2ptcb       RTX_CM3.lib(rt_cmsis.o)
    0x0000aef6   0x00000002   PAD
    0x0000aef8   0x00000034   Code   RO         1410    i.rt_timer_insert   RTX_CM3.lib(rt_cmsis.o)
    0x0000af2c   0x0000003c   Code   RO         1411    i.rt_timer_remove   RTX_CM3.lib(rt_cmsis.o)
    0x0000af68   0x00000088   Code   RO         1982    i.rt_tsk_create     RTX_CM3.lib(rt_task.o)
    0x0000aff0   0x0000017c   Code   RO         1983    i.rt_tsk_delete     RTX_CM3.lib(rt_task.o)
    0x0000b16c   0x00000030   Code   RO         1984    i.rt_tsk_pass       RTX_CM3.lib(rt_task.o)
    0x0000b19c   0x0000007c   Code   RO         1985    i.rt_tsk_prio       RTX_CM3.lib(rt_task.o)
    0x0000b218   0x00000010   Code   RO         1986    i.rt_tsk_self       RTX_CM3.lib(rt_task.o)
    0x0000b228   0x00000048   Code   RO         2455    i.search_delim      Net_CM3_L.lib(net_http_server.o)
    0x0000b270   0x00000040   Code   RO            4    i.send_udp_data_7   udp_socket.o
    0x0000b2b0   0x00000040   Code   RO            5    i.send_udp_data_8   udp_socket.o
    0x0000b2f0   0x0000002c   Code   RO          294    i.spi_tran          glcd_mcb1700.o
    0x0000b31c   0x00000088   Code   RO          295    i.spi_tran_man      glcd_mcb1700.o
    0x0000b3a4   0x00000012   Code   RO         1412    i.svcDelay          RTX_CM3.lib(rt_cmsis.o)
    0x0000b3b6   0x00000002   PAD
    0x0000b3b8   0x00000070   Code   RO         1413    i.svcKernelInitialize  RTX_CM3.lib(rt_cmsis.o)
    0x0000b428   0x00000048   Code   RO         1415    i.svcKernelStart    RTX_CM3.lib(rt_cmsis.o)
    0x0000b470   0x00000038   Code   RO         1416    i.svcKernelSysTick  RTX_CM3.lib(rt_cmsis.o)
    0x0000b4a8   0x00000024   Code   RO         1418    i.svcMessageCreate  RTX_CM3.lib(rt_cmsis.o)
    0x0000b4cc   0x0000003a   Code   RO         1419    i.svcMessageGet     RTX_CM3.lib(rt_cmsis.o)
    0x0000b506   0x0000001c   Code   RO         1421    i.svcMutexCreate    RTX_CM3.lib(rt_cmsis.o)
    0x0000b522   0x00000022   Code   RO         1423    i.svcMutexRelease   RTX_CM3.lib(rt_cmsis.o)
    0x0000b544   0x0000003a   Code   RO         1424    i.svcMutexWait      RTX_CM3.lib(rt_cmsis.o)
    0x0000b57e   0x00000024   Code   RO         1426    i.svcSemaphoreCreate  RTX_CM3.lib(rt_cmsis.o)
    0x0000b5a2   0x00000028   Code   RO         1428    i.svcSemaphoreRelease  RTX_CM3.lib(rt_cmsis.o)
    0x0000b5ca   0x00000032   Code   RO         1429    i.svcSemaphoreWait  RTX_CM3.lib(rt_cmsis.o)
    0x0000b5fc   0x00000024   Code   RO         1430    i.svcSignalClear    RTX_CM3.lib(rt_cmsis.o)
    0x0000b620   0x00000024   Code   RO         1431    i.svcSignalSet      RTX_CM3.lib(rt_cmsis.o)
    0x0000b644   0x00000054   Code   RO         1432    i.svcSignalWait     RTX_CM3.lib(rt_cmsis.o)
    0x0000b698   0x0000006c   Code   RO         1433    i.svcThreadCreate   RTX_CM3.lib(rt_cmsis.o)
    0x0000b704   0x0000001c   Code   RO         1434    i.svcThreadGetId    RTX_CM3.lib(rt_cmsis.o)
    0x0000b720   0x00000038   Code   RO         1437    i.svcThreadTerminate  RTX_CM3.lib(rt_cmsis.o)
    0x0000b758   0x0000000a   Code   RO         1438    i.svcThreadYield    RTX_CM3.lib(rt_cmsis.o)
    0x0000b762   0x00000018   Code   RO         1439    i.svcTimerCall      RTX_CM3.lib(rt_cmsis.o)
    0x0000b77a   0x00000002   PAD
    0x0000b77c   0x00000038   Code   RO         1440    i.svcTimerCreate    RTX_CM3.lib(rt_cmsis.o)
    0x0000b7b4   0x00000064   Code   RO         1442    i.svcTimerStart     RTX_CM3.lib(rt_cmsis.o)
    0x0000b818   0x0000005c   Code   RO         1448    i.sysTimerTick      RTX_CM3.lib(rt_cmsis.o)
    0x0000b874   0x0000004c   Code   RO         2548    i.sys_proc_tick     Net_CM3_L.lib(net_sys.o)
    0x0000b8c0   0x000000e0   Code   RO         2317    i.tcp_map_socket    Net_CM3_L.lib(net_tcp.o)
    0x0000b9a0   0x0000005e   Code   RO         2318    i.tcp_parse_opt     Net_CM3_L.lib(net_tcp.o)
    0x0000b9fe   0x00000002   PAD
    0x0000ba00   0x000000d4   Code   RO         2319    i.tcp_proc_acknr    Net_CM3_L.lib(net_tcp.o)
    0x0000bad4   0x00000060   Code   RO         2320    i.tcp_proc_dupack   Net_CM3_L.lib(net_tcp.o)
    0x0000bb34   0x0000001a   Code   RO         2321    i.tcp_que_free      Net_CM3_L.lib(net_tcp.o)
    0x0000bb4e   0x0000001a   Code   RO         2322    i.tcp_que_init      Net_CM3_L.lib(net_tcp.o)
    0x0000bb68   0x00000098   Code   RO         2323    i.tcp_que_resend    Net_CM3_L.lib(net_tcp.o)
    0x0000bc00   0x0000007a   Code   RO         2324    i.tcp_send_ctrl     Net_CM3_L.lib(net_tcp.o)
    0x0000bc7a   0x00000060   Code   RO         2325    i.tcp_send_data     Net_CM3_L.lib(net_tcp.o)
    0x0000bcda   0x00000076   Code   RO         2326    i.tcp_send_reset    Net_CM3_L.lib(net_tcp.o)
    0x0000bd50   0x0000002c   Code   RO         2327    i.tcp_set_cwnd      Net_CM3_L.lib(net_tcp.o)
    0x0000bd7c   0x00000074   Code   RO         2328    i.tcp_transit       Net_CM3_L.lib(net_tcp.o)
    0x0000bdf0   0x000000ec   Code   RO         2329    i.tcp_write         Net_CM3_L.lib(net_tcp.o)
    0x0000bedc   0x0000002c   Code   RO          599    i.turnaround_MDIO   emac_lpc17xx.o
    0x0000bf08   0x00000128   Code   RO            6    i.udp_cb_func       udp_socket.o
    0x0000c030   0x0000002c   Code   RO         2248    i.udp_port_in_use   Net_CM3_L.lib(net_udp.o)
    0x0000c05c   0x000000f0   Code   RO         2456    i.utc_to_http       Net_CM3_L.lib(net_http_server.o)
    0x0000c14c   0x0000004c   Code   RO          296    i.wr_cmd            glcd_mcb1700.o
    0x0000c198   0x00000034   Code   RO          298    i.wr_dat_only       glcd_mcb1700.o
    0x0000c1cc   0x00000018   Code   RO          299    i.wr_dat_start      glcd_mcb1700.o
    0x0000c1e4   0x00000014   Code   RO          300    i.wr_dat_stop       glcd_mcb1700.o
    0x0000c1f8   0x00000090   Code   RO          301    i.wr_reg            glcd_mcb1700.o
    0x0000c288   0x0000002c   Code   RO         3489    locale$$code        c_w.l(lc_ctype_c.o)
    0x0000c2b4   0x00000028   Data   RO            8    .constdata          udp_socket.o
    0x0000c2dc   0x00015274   Data   RO           98    .constdata          fichierweb.o
    0x00021550   0x00000002   Data   RO          126    .constdata          adc_mcb1700.o
    0x00021552   0x00000002   Data   RO          214    .constdata          buttons_mcb1700.o
    0x00021554   0x000018a0   Data   RO          259    .constdata          glcd_fonts.o
    0x00022df4   0x00000010   Data   RO          475    .constdata          led_mcb1700.o
    0x00022e04   0x00000068   Data   RO          522    .constdata          rtx_conf_cm.o
    0x00022e6c   0x0000004c   Data   RO          601    .constdata          emac_lpc17xx.o
    0x00022eb8   0x0000007c   Data   RO          778    .constdata          ssp_lpc17xx.o
    0x00022f34   0x00000024   Data   RO          929    .constdata          phy_dp83848c.o
    0x00022f58   0x00000148   Data   RO         1222    .constdata          net_config.o
    0x000230a0   0x00000006   Data   RO         2114    .constdata          Net_CM3_L.lib(net_eth.o)
    0x000230a6   0x00000008   Data   RO         2198    .constdata          Net_CM3_L.lib(net_igmp.o)
    0x000230ae   0x00000008   Data   RO         2393    .constdata          Net_CM3_L.lib(net_nbns_client.o)
    0x000230b6   0x000000fa   Data   RO         2457    .constdata          Net_CM3_L.lib(net_http_server.o)
    0x000231b0   0x00000012   Data   RO         2524    .constdata          Net_CM3_L.lib(net_ping.o)
    0x000231c2   0x00000002   PAD
    0x000231c4   0x00000008   Data   RO         2551    .constdata          Net_CM3_L.lib(net_sys.o)
    0x000231cc   0x00000008   Data   RO         3101    .constdata          Net_CM3_L.lib(net_ip4.o)
    0x000231d4   0x00000020   Data   RO         3127    .constdata          Net_CM3_L.lib(net_ip6.o)
    0x000231f4   0x00000010   Data   RO         3128    .constdata          Net_CM3_L.lib(net_ip6.o)
    0x00023204   0x00000018   Data   RO         3166    .constdata          Net_CM3_L.lib(net_http_server_err.o)
    0x0002321c   0x00000010   Data   RO         3253    .constdata          Net_CM3_L.lib(net_addr.o)
    0x0002322c   0x00000008   Data   RO         3319    .constdata          c_w.l(_printf_wctomb.o)
    0x00023234   0x00000028   Data   RO         3331    .constdata          c_w.l(_printf_hex_int.o)
    0x0002325c   0x00000011   Data   RO         3366    .constdata          c_w.l(__printf_flags_ss_wp.o)
    0x0002326d   0x00000003   PAD
    0x00023270   0x0000005d   Data   RO         1223    .conststring        net_config.o
    0x000232cd   0x00000003   PAD
    0x000232d0   0x000001ff   Data   RO         3167    .conststring        Net_CM3_L.lib(net_http_server_err.o)
    0x000234cf   0x00000001   PAD
    0x000234d0   0x00000020   Data   RO         3613    Region$$Table       anon$$obj.o
    0x000234f0   0x00000110   Data   RO         3488    locale$$data        c_w.l(lc_ctype_c.o)


    Execution Region RW_IRAM1 (Base: 0x10000000, Size: 0x000077a8, Max: 0x00008000, ABSOLUTE)

    Base Addr    Size         Type   Attr      Idx    E Section Name        Object

    0x10000000   0x00000025   Data   RW            9    .data               udp_socket.o
    0x10000025   0x00000001   PAD
    0x10000026   0x00000003   Data   RW          127    .data               adc_mcb1700.o
    0x10000029   0x00000003   PAD
    0x1000002c   0x00000011   Data   RW          302    .data               glcd_mcb1700.o
    0x1000003d   0x00000003   PAD
    0x10000040   0x00000014   Data   RW          523    .data               rtx_conf_cm.o
    0x10000054   0x00000018   Data   RW          602    .data               emac_lpc17xx.o
    0x1000006c   0x00000010   Data   RW          779    .data               ssp_lpc17xx.o
    0x1000007c   0x00000008   Data   RW          992    .data               gpdma_lpc17xx.o
    0x10000084   0x00000004   Data   RW         1171    .data               system_lpc17xx.o
    0x10000088   0x0000000e   Data   RW         1224    .data               net_config.o
    0x10000096   0x00000002   PAD
    0x10000098   0x00000008   Data   RW         1451    .data               RTX_CM3.lib(rt_cmsis.o)
    0x100000a0   0x00000008   Data   RW         1988    .data               RTX_CM3.lib(rt_task.o)
    0x100000a8   0x00000001   Data   RW         2161    .data               Net_CM3_L.lib(net_arp.o)
    0x100000a9   0x00000001   PAD
    0x100000aa   0x00000004   Data   RW         2199    .data               Net_CM3_L.lib(net_igmp.o)
    0x100000ae   0x00000002   PAD
    0x100000b0   0x00000008   Data   RW         2218    .data               Net_CM3_L.lib(net_loop.o)
    0x100000b8   0x00000002   Data   RW         2250    .data               Net_CM3_L.lib(net_udp.o)
    0x100000ba   0x00000004   Data   RW         2332    .data               Net_CM3_L.lib(net_tcp.o)
    0x100000be   0x00000001   Data   RW         2394    .data               Net_CM3_L.lib(net_nbns_client.o)
    0x100000bf   0x00000001   PAD
    0x100000c0   0x00000010   Data   RW         2458    .data               Net_CM3_L.lib(net_http_server.o)
    0x100000d0   0x00000008   Data   RW         2552    .data               Net_CM3_L.lib(net_sys.o)
    0x100000d8   0x00000008   Data   RW         2585    .data               RTX_CM3.lib(rt_system.o)
    0x100000e0   0x00000004   Data   RW         2875    .data               RTX_CM3.lib(rt_time.o)
    0x100000e4   0x00000008   Data   RW         2906    .data               RTX_CM3.lib(rt_robin.o)
    0x100000ec   0x00000001   Data   RW         2985    .data               RTX_CM3.lib(hal_cm.o)
    0x100000ed   0x00000001   Data   RW         3061    .data               Net_CM3_L.lib(net_ndp.o)
    0x100000ee   0x00000002   PAD
    0x100000f0   0x00000008   Data   RW         3102    .data               Net_CM3_L.lib(net_ip4.o)
    0x100000f8   0x00000008   Data   RW         3129    .data               Net_CM3_L.lib(net_ip6.o)
    0x10000100   0x00000015   Zero   RW            7    .bss                udp_socket.o
    0x10000115   0x00000003   PAD
    0x10000118   0x00001358   Zero   RW          521    .bss                rtx_conf_cm.o
    0x10001470   0x00002a74   Zero   RW          600    .bss                emac_lpc17xx.o
    0x10003ee4   0x00000028   Zero   RW          777    .bss                ssp_lpc17xx.o
    0x10003f0c   0x0000000c   Zero   RW          928    .bss                phy_dp83848c.o
    0x10003f18   0x000000a0   Zero   RW          991    .bss                gpdma_lpc17xx.o
    0x10003fb8   0x00003360   Zero   RW         1221    .bss                net_config.o
    0x10007318   0x00000034   Zero   RW         1987    .bss                RTX_CM3.lib(rt_task.o)
    0x1000734c   0x00000094   Zero   RW         2113    .bss                Net_CM3_L.lib(net_eth.o)
    0x100073e0   0x00000010   Zero   RW         2160    .bss                Net_CM3_L.lib(net_arp.o)
    0x100073f0   0x00000014   Zero   RW         2249    .bss                Net_CM3_L.lib(net_udp.o)
    0x10007404   0x00000020   Zero   RW         2523    .bss                Net_CM3_L.lib(net_ping.o)
    0x10007424   0x00000030   Zero   RW         2549    .bss                Net_CM3_L.lib(net_sys.o)
    0x10007454   0x00000018   Zero   RW         2550    .bss                Net_CM3_L.lib(net_sys.o)
    0x1000746c   0x00000030   Zero   RW         2715    .bss                RTX_CM3.lib(rt_list.o)
    0x1000749c   0x0000003c   Zero   RW         3060    .bss                Net_CM3_L.lib(net_ndp.o)
    0x100074d8   0x00000014   Zero   RW         3181    .bss                Net_CM3_L.lib(net_mem.o)
    0x100074ec   0x0000005c   Zero   RW         3252    .bss                Net_CM3_L.lib(net_addr.o)
    0x10007548   0x00000060   Zero   RW         3300    .bss                c_w.l(libspace.o)
    0x100075a8   0x00000000   Zero   RW         1157    HEAP                startup_lpc17xx.o
    0x100075a8   0x00000200   Zero   RW         1156    STACK               startup_lpc17xx.o


==============================================================================

Image component sizes


      Code (inc. data)   RO Data    RW Data    ZI Data      Debug   Object Name

       136         30          2          3          0      46347   adc_mcb1700.o
        76         10          2          0          0       1981   buttons_mcb1700.o
      3302        288         76         24      10868      54745   emac_lpc17xx.o
       136          8      86644          0          0       1844   fichierweb.o
         0          0       6304          0          0        736   glcd_fonts.o
      2824        110          0         17          0      18562   glcd_mcb1700.o
      1204         94          0          8        160       8062   gpdma_lpc17xx.o
       192         24          0          0          0       2826   gpio_lpc17xx.o
       136          8         16          0          0       1916   led_mcb1700.o
        38          0        421         14      13152      24104   net_config.o
       644         44         36          0         12      10390   phy_dp83848c.o
       252          6          0          0          0        804   pin_lpc17xx.o
       170         38        104         20       4952       9563   rtx_conf_cm.o
      3896        106        124         16         40      26604   ssp_lpc17xx.o
        64         26        204          0        512        968   startup_lpc17xx.o
       320         18          0          4          0        775   system_lpc17xx.o
       876        138         40         37         21      21152   udp_socket.o

    ----------------------------------------------------------------------
     14280        948      94008        152      29720     231379   Object Totals
         0          0         32          0          0          0   (incl. Generated)
        14          0          3          9          3          0   (incl. Padding)

    ----------------------------------------------------------------------

      Code (inc. data)   RO Data    RW Data    ZI Data      Debug   Library Member Name

       952         54         16          0         92       1012   net_addr.o
      1908        136          0          1         16       1120   net_arp.o
       274          4          0          0          0        504   net_common.o
      1946        122          6          0        148       1188   net_eth.o
      5946       1282        250         16          0       2724   net_http_server.o
         0          0        535          0          0          0   net_http_server_err.o
       348         22          0          0          0        164   net_icmp.o
       476         32          0          0          0        252   net_icmp6.o
       652         54          8          4          0        572   net_igmp.o
       936         72          8          8          0        824   net_ip4.o
       638         72         48          8          0        648   net_ip6.o
       260         26          0          8          0        244   net_loop.o
       456         46          0          0         20        556   net_mem.o
       396         26          8          1          0        176   net_nbns_client.o
      2442        174          0          1         60       1504   net_ndp.o
       108         20         18          0         32        212   net_ping.o
       460         72          8          8         72        640   net_sys.o
      4570        170          0          4          0       2104   net_tcp.o
       974         42          0          2         20        876   net_udp.o
       238         24          0          1          0       3312   hal_cm.o
       304         36          0          0          0        768   hal_cm3.o
      2284        250          0          8          0      51688   rt_cmsis.o
       300         24          0          0          0       3183   rt_event.o
       566         44          0          0         48       8792   rt_list.o
       554         10          0          0          0       3949   rt_mailbox.o
       140          0          0          0          0       1925   rt_membox.o
       128          0          0          0          0       2307   rt_memory.o
       352         14          0          0          0       2105   rt_mutex.o
        96         22          0          8          0       1158   rt_robin.o
       186         10          0          0          0       2902   rt_semaphore.o
       334         64          0          8          0       7091   rt_system.o
      1264        184          0          8         52      10147   rt_task.o
         6          0          0          4          0        652   rt_time.o
         4          4          0          0          0        208   svc_table.o
        60          8          0          0          0         84   __0sscanf.o
        44          6          0          0          0         84   __2sprintf.o
         8          0          0          0          0         68   __main.o
       392          4         17          0          0         92   __printf_flags_ss_wp.o
        14          0          0          0          0         68   __printf_wp.o
         0          0          0          0          0          0   __rtentry.o
        20          0          0          0          0          0   __rtentry2.o
         6          0          0          0          0          0   __rtentry4.o
        52          8          0          0          0          0   __scatter.o
        26          0          0          0          0          0   __scatter_copy.o
        28          0          0          0          0          0   __scatter_zi.o
        28          0          0          0          0         68   _chval.o
         6          0          0          0          0          0   _printf_c.o
        44          0          0          0          0        108   _printf_char.o
        48          6          0          0          0         96   _printf_char_common.o
         6          0          0          0          0          0   _printf_d.o
       120         16          0          0          0         92   _printf_dec.o
        88          4         40          0          0         88   _printf_hex_int.o
         6          0          0          0          0          0   _printf_i.o
       178          0          0          0          0         88   _printf_intcommon.o
        10          0          0          0          0          0   _printf_l.o
         6          0          0          0          0          0   _printf_lc.o
         6          0          0          0          0          0   _printf_o.o
        84         10          0          0          0         88   _printf_oct_int.o
        78          0          0          0          0        108   _printf_pad.o
         0          0          0          0          0          0   _printf_percent.o
         4          0          0          0          0          0   _printf_percent_end.o
         6          0          0          0          0          0   _printf_s.o
        82          0          0          0          0         80   _printf_str.o
        36          0          0          0          0         84   _printf_truncate.o
         6          0          0          0          0          0   _printf_u.o
        44          0          0          0          0        108   _printf_wchar.o
       188          6          8          0          0         92   _printf_wctomb.o
         6          0          0          0          0          0   _printf_x.o
       884          6          0          0          0        100   _scanf.o
       332          0          0          0          0         96   _scanf_int.o
        64          0          0          0          0         84   _sgetc.o
        10          0          0          0          0         68   _sputc.o
       158          0          0          0          0         92   _strtoul.o
        64          0          0          0          0         92   _wcrtomb.o
        26          0          0          0          0         80   atoi.o
        18          0          0          0          0         80   exit.o
         6          0          0          0          0        152   heapauxi.o
         0          0          0          0          0          0   indicate_semi.o
        18          0          0          0          0         76   isspace.o
        44         10        272          0          0         76   lc_ctype_c.o
         2          0          0          0          0          0   libinit.o
        20          0          0          0          0          0   libinit2.o
         2          0          0          0          0          0   libshutdown.o
         2          0          0          0          0          0   libshutdown2.o
         8          4          0          0         96         68   libspace.o
       238          0          0          0          0        100   lludivv7m.o
        88          0          0          0          0         76   memcmp.o
        16          4          0          0          0         76   rt_ctype_table.o
         4          0          0          0          0         68   rt_errno_addr_twolibspace.o
        10          0          0          0          0         76   rt_locale_twolibspace.o
        68          0          0          0          0         68   rt_memclr.o
        78          0          0          0          0         80   rt_memclr_w.o
       138          0          0          0          0         68   rt_memcpy_v6.o
       100          0          0          0          0         80   rt_memcpy_w.o
         2          0          0          0          0          0   rtexit.o
        10          0          0          0          0          0   rtexit2.o
        44          8          0          0          0         84   scanf_char.o
       128          0          0          0          0         68   strcmpv7m.o
        72          0          0          0          0         80   strcpy.o
        62          0          0          0          0         76   strlen.o
       150          0          0          0          0         80   strncmp.o
       112          0          0          0          0         88   strtol.o
        12          4          0          0          0         68   sys_exit.o
        74          0          0          0          0         80   sys_stackheap_outer.o
         2          0          0          0          0         68   use_no_semi.o

    ----------------------------------------------------------------------
     35360       3216       1248        104        656     119451   Library Totals
        66          0          6          6          0          0   (incl. Padding)

    ----------------------------------------------------------------------

      Code (inc. data)   RO Data    RW Data    ZI Data      Debug   Library Name

     23742       2426        905         61        460      15320   Net_CM3_L.lib
      6756        686          0         37        100     100187   RTX_CM3.lib
      4796        104        337          0         96       3944   c_w.l

    ----------------------------------------------------------------------
     35360       3216       1248        104        656     119451   Library Totals

    ----------------------------------------------------------------------

==============================================================================


      Code (inc. data)   RO Data    RW Data    ZI Data      Debug   

     49640       4164      95256        256      30376     326334   Grand Totals
     49640       4164      95256        256      30376     326334   ELF Image Totals
     49640       4164      95256        256          0          0   ROM Totals

==============================================================================

    Total RO  Size (Code + RO Data)               144896 ( 141.50kB)
    Total RW  Size (RW Data + ZI Data)             30632 (  29.91kB)
    Total ROM Size (Code + RO Data + RW Data)     145152 ( 141.75kB)

==============================================================================

