Component: ARM Compiler 5.06 update 1 (build 61) Tool: armlink [4d35a8]

==============================================================================

Section Cross References

    fichierweb.o(i.imageFileInfo) refers to fichierweb.o(i.crc32_8bit) for crc32_8bit
    fichierweb.o(i.imageFileInfo) refers to fichierweb.o(.constdata) for imageFileTable
    udp_socket.o(i.main) refers to led_mcb1700.o(i.LED_Initialize) for LED_Initialize
    udp_socket.o(i.main) refers to adc_mcb1700.o(i.ADC_Initialize) for ADC_Initialize
    udp_socket.o(i.main) refers to glcd_mcb1700.o(i.GLCD_Initialize) for GLCD_Initialize
    udp_socket.o(i.main) refers to glcd_mcb1700.o(i.GLCD_SetBackgroundColor) for GLCD_SetBackgroundColor
    udp_socket.o(i.main) refers to glcd_mcb1700.o(i.GLCD_SetForegroundColor) for GLCD_SetForegroundColor
    udp_socket.o(i.main) refers to glcd_mcb1700.o(i.GLCD_ClearScreen) for GLCD_ClearScreen
    udp_socket.o(i.main) refers to glcd_mcb1700.o(i.GLCD_SetFont) for GLCD_SetFont
    udp_socket.o(i.main) refers to glcd_mcb1700.o(i.GLCD_DrawString) for GLCD_DrawString
    udp_socket.o(i.main) refers to buttons_mcb1700.o(i.Buttons_Initialize) for Buttons_Initialize
    udp_socket.o(i.main) refers to net_sys.o(i.netInitialize) for netInitialize
    udp_socket.o(i.main) refers to net_udp.o(i.netUDP_GetSocket) for netUDP_GetSocket
    udp_socket.o(i.main) refers to net_udp.o(i.netUDP_Open) for netUDP_Open
    udp_socket.o(i.main) refers to glcd_fonts.o(.constdata) for GLCD_Font_16x24
    udp_socket.o(i.main) refers to udp_socket.o(i.udp_cb_func) for udp_cb_func
    udp_socket.o(i.main) refers to udp_socket.o(.data) for udp_sock
    udp_socket.o(i.netCGI_ProcessData) refers to net_http_server.o(i.netCGI_GetEnvVar) for netCGI_GetEnvVar
    udp_socket.o(i.netCGI_ProcessData) refers to strncmp.o(.text) for strncmp
    udp_socket.o(i.netCGI_ProcessData) refers to strcpy.o(.text) for strcpy
    udp_socket.o(i.netCGI_ProcessData) refers to glcd_mcb1700.o(i.GLCD_DrawString) for GLCD_DrawString
    udp_socket.o(i.netCGI_ProcessData) refers to udp_socket.o(.bss) for lcd_text
    udp_socket.o(i.netCGI_ProcessData) refers to udp_socket.o(.data) for P2
    udp_socket.o(i.netCGI_Script) refers to _printf_pad.o(.text) for _printf_pre_padding
    udp_socket.o(i.netCGI_Script) refers to _printf_percent.o(.ARM.Collect$$_printf_percent$$00000000) for _printf_percent
    udp_socket.o(i.netCGI_Script) refers to _printf_p.o(.ARM.Collect$$_printf_percent$$00000002) for _printf_p
    udp_socket.o(i.netCGI_Script) refers to _printf_s.o(.ARM.Collect$$_printf_percent$$00000014) for _printf_s
    udp_socket.o(i.netCGI_Script) refers to _printf_n.o(.ARM.Collect$$_printf_percent$$00000001) for _printf_n
    udp_socket.o(i.netCGI_Script) refers to _printf_charcount.o(.text) for _printf_charcount
    udp_socket.o(i.netCGI_Script) refers to _printf_hex_int_ptr.o(.text) for _printf_longlong_hex
    udp_socket.o(i.netCGI_Script) refers to _printf_str.o(.text) for _printf_str
    udp_socket.o(i.netCGI_Script) refers to _printf_truncate.o(.text) for _printf_truncate_unsigned
    udp_socket.o(i.netCGI_Script) refers to _printf_d.o(.ARM.Collect$$_printf_percent$$00000009) for _printf_d
    udp_socket.o(i.netCGI_Script) refers to _printf_i.o(.ARM.Collect$$_printf_percent$$00000008) for _printf_i
    udp_socket.o(i.netCGI_Script) refers to _printf_u.o(.ARM.Collect$$_printf_percent$$0000000A) for _printf_u
    udp_socket.o(i.netCGI_Script) refers to _printf_o.o(.ARM.Collect$$_printf_percent$$0000000B) for _printf_o
    udp_socket.o(i.netCGI_Script) refers to _printf_x.o(.ARM.Collect$$_printf_percent$$0000000C) for _printf_x
    udp_socket.o(i.netCGI_Script) refers to _printf_c.o(.ARM.Collect$$_printf_percent$$00000013) for _printf_c
    udp_socket.o(i.netCGI_Script) refers to _printf_lc.o(.ARM.Collect$$_printf_percent$$00000015) for _printf_lc
    udp_socket.o(i.netCGI_Script) refers to _printf_dec.o(.text) for _printf_int_dec
    udp_socket.o(i.netCGI_Script) refers to _printf_oct_int.o(.text) for _printf_longlong_oct
    udp_socket.o(i.netCGI_Script) refers to _printf_wctomb.o(.text) for _printf_wctomb
    udp_socket.o(i.netCGI_Script) refers to __2sprintf.o(.text) for __2sprintf
    udp_socket.o(i.netCGI_Script) refers to udp_socket.o(i.send_udp_data) for send_udp_data
    udp_socket.o(i.netCGI_Script) refers to udp_socket.o(.bss) for lcd_text
    udp_socket.o(i.netCGI_Script) refers to udp_socket.o(.data) for AskBattery
    udp_socket.o(i.send_udp_data) refers to rt_memcpy_w.o(.text) for __aeabi_memcpy4
    udp_socket.o(i.send_udp_data) refers to net_udp.o(i.netUDP_GetBuffer) for netUDP_GetBuffer
    udp_socket.o(i.send_udp_data) refers to net_udp.o(i.netUDP_Send) for netUDP_Send
    udp_socket.o(i.send_udp_data) refers to udp_socket.o(.data) for udp_sock
    udp_socket.o(i.send_udp_data) refers to udp_socket.o(.constdata) for .constdata
    udp_socket.o(i.udp_cb_func) refers to _printf_pad.o(.text) for _printf_pre_padding
[...]
    osSignalWait                             0x00009c21   Thumb Code    18  rt_cmsis.o(i.osSignalWait)
    osThreadCreate                           0x00009c39   Thumb Code    36  rt_cmsis.o(i.osThreadCreate)
    osThreadExit                             0x00009c65   Thumb Code    14  rt_cmsis.o(i.osThreadExit)
    osThreadYield                            0x00009c7d   Thumb Code    18  rt_cmsis.o(i.osThreadYield)
    osTimerCall                              0x00009c95   Thumb Code     8  rt_cmsis.o(i.osTimerCall)
    osTimerCreate                            0x00009ca1   Thumb Code    36  rt_cmsis.o(i.osTimerCreate)
    osTimerStart                             0x00009ccd   Thumb Code    18  rt_cmsis.o(i.osTimerStart)
    osTimerThread                            0x00009ce5   Thumb Code    38  rt_cmsis.o(i.osTimerThread)
    os_error                                 0x00009d11   Thumb Code    34  rtx_conf_cm.o(i.os_error)
    os_idle_demon                            0x00009d33   Thumb Code     4  rtx_conf_cm.o(i.os_idle_demon)
    os_tick_init                             0x00009d39   Thumb Code    32  rt_system.o(i.os_tick_init)
    os_tick_irqack                           0x00009d61   Thumb Code     2  rt_system.o(i.os_tick_irqack)
    os_tick_ovf                              0x00009d65   Thumb Code    10  rt_system.o(i.os_tick_ovf)
    os_tick_val                              0x00009d75   Thumb Code    14  rt_system.o(i.os_tick_val)
    rt_alloc_box                             0x00009ff9   Thumb Code    26  rt_membox.o(i.rt_alloc_box)
    rt_alloc_mem                             0x0000a013   Thumb Code    62  rt_memory.o(i.rt_alloc_mem)
    rt_block                                 0x0000a051   Thumb Code    48  rt_task.o(i.rt_block)
    rt_chk_robin                             0x0000a089   Thumb Code    60  rt_robin.o(i.rt_chk_robin)
    rt_dec_dly                               0x0000a0d1   Thumb Code   102  rt_list.o(i.rt_dec_dly)
    rt_dispatch                              0x0000a141   Thumb Code    60  rt_task.o(i.rt_dispatch)
    rt_evt_clr                               0x0000a185   Thumb Code    22  rt_event.o(i.rt_evt_clr)
    rt_evt_psh                               0x0000a1a1   Thumb Code    76  rt_event.o(i.rt_evt_psh)
    rt_evt_set                               0x0000a1f1   Thumb Code    88  rt_event.o(i.rt_evt_set)
    rt_evt_wait                              0x0000a24d   Thumb Code    56  rt_event.o(i.rt_evt_wait)
    rt_free_box                              0x0000a289   Thumb Code    44  rt_membox.o(i.rt_free_box)
    rt_free_mem                              0x0000a2b5   Thumb Code    40  rt_memory.o(i.rt_free_mem)
    rt_get_first                             0x0000a2dd   Thumb Code    40  rt_list.o(i.rt_get_first)
    rt_get_same_rdy_prio                     0x0000a305   Thumb Code    26  rt_list.o(i.rt_get_same_rdy_prio)
    rt_init_mem                              0x0000a379   Thumb Code    26  rt_memory.o(i.rt_init_mem)
    rt_init_robin                            0x0000a395   Thumb Code    14  rt_robin.o(i.rt_init_robin)
    rt_init_stack                            0x0000a3ad   Thumb Code   118  hal_cm.o(i.rt_init_stack)
    rt_mbx_check                             0x0000a42d   Thumb Code     8  rt_mailbox.o(i.rt_mbx_check)
    rt_mbx_init                              0x0000a435   Thumb Code    26  rt_mailbox.o(i.rt_mbx_init)
    rt_mbx_psh                               0x0000a451   Thumb Code   236  rt_mailbox.o(i.rt_mbx_psh)
    rt_mbx_wait                              0x0000a541   Thumb Code   174  rt_mailbox.o(i.rt_mbx_wait)
    rt_mut_init                              0x0000a639   Thumb Code    16  rt_mutex.o(i.rt_mut_init)
    rt_mut_release                           0x0000a649   Thumb Code   208  rt_mutex.o(i.rt_mut_release)
    rt_mut_wait                              0x0000a721   Thumb Code   114  rt_mutex.o(i.rt_mut_wait)
    rt_pop_req                               0x0000a799   Thumb Code   112  rt_system.o(i.rt_pop_req)
    rt_psh_req                               0x0000a815   Thumb Code    22  rt_system.o(i.rt_psh_req)
    rt_psq_enq                               0x0000a835   Thumb Code    88  rt_list.o(i.rt_psq_enq)
    rt_put_dly                               0x0000a891   Thumb Code    68  rt_list.o(i.rt_put_dly)
    rt_put_prio                              0x0000a8d9   Thumb Code    54  rt_list.o(i.rt_put_prio)
    rt_put_rdy_first                         0x0000a911   Thumb Code    14  rt_list.o(i.rt_put_rdy_first)
    rt_resort_prio                           0x0000a925   Thumb Code    46  rt_list.o(i.rt_resort_prio)
    rt_ret_val                               0x0000a959   Thumb Code     6  hal_cm.o(i.rt_ret_val)
    rt_ret_val2                              0x0000a95f   Thumb Code     8  hal_cm.o(i.rt_ret_val2)
    rt_rmv_dly                               0x0000a967   Thumb Code    40  rt_list.o(i.rt_rmv_dly)
    rt_rmv_list                              0x0000a991   Thumb Code    44  rt_list.o(i.rt_rmv_list)
    rt_sem_init                              0x0000a9c1   Thumb Code    12  rt_semaphore.o(i.rt_sem_init)
    rt_sem_psh                               0x0000a9cd   Thumb Code    48  rt_semaphore.o(i.rt_sem_psh)
    rt_sem_send                              0x0000aa01   Thumb Code    42  rt_semaphore.o(i.rt_sem_send)
    rt_sem_wait                              0x0000aa2d   Thumb Code    58  rt_semaphore.o(i.rt_sem_wait)
    rt_stk_check                             0x0000aa6d   Thumb Code    28  rt_system.o(i.rt_stk_check)
    rt_switch_req                            0x0000aa91   Thumb Code    30  rt_task.o(i.rt_switch_req)
    rt_sys_init                              0x0000aab9   Thumb Code   138  rt_task.o(i.rt_sys_init)
    rt_sys_start                             0x0000ab85   Thumb Code   110  rt_task.o(i.rt_sys_start)
    rt_systick                               0x0000abfd   Thumb Code    50  rt_system.o(i.rt_systick)
    rt_tsk_create                            0x0000acc1   Thumb Code   118  rt_task.o(i.rt_tsk_create)
    rt_tsk_delete                            0x0000ad49   Thumb Code   352  rt_task.o(i.rt_tsk_delete)
    rt_tsk_pass                              0x0000aec5   Thumb Code    38  rt_task.o(i.rt_tsk_pass)
    rt_tsk_prio                              0x0000aef5   Thumb Code   108  rt_task.o(i.rt_tsk_prio)
    rt_tsk_self                              0x0000af71   Thumb Code    12  rt_task.o(i.rt_tsk_self)
    send_udp_data                            0x0000afc9   Thumb Code    58  udp_socket.o(i.send_udp_data)
    svcKernelInitialize                      0x0000b0c1   Thumb Code    80  rt_cmsis.o(i.svcKernelInitialize)
    svcKernelStart                           0x0000b131   Thumb Code    62  rt_cmsis.o(i.svcKernelStart)
    svcKernelSysTick                         0x0000b179   Thumb Code    46  rt_cmsis.o(i.svcKernelSysTick)
    svcMessageCreate                         0x0000b1b1   Thumb Code    36  rt_cmsis.o(i.svcMessageCreate)
    svcMessageGet                            0x0000b1d5   Thumb Code    58  rt_cmsis.o(i.svcMessageGet)
    svcMutexCreate                           0x0000b20f   Thumb Code    28  rt_cmsis.o(i.svcMutexCreate)
    svcMutexRelease                          0x0000b22b   Thumb Code    34  rt_cmsis.o(i.svcMutexRelease)
    svcMutexWait                             0x0000b24d   Thumb Code    58  rt_cmsis.o(i.svcMutexWait)
    svcSemaphoreCreate                       0x0000b287   Thumb Code    36  rt_cmsis.o(i.svcSemaphoreCreate)
    svcSemaphoreRelease                      0x0000b2ab   Thumb Code    40  rt_cmsis.o(i.svcSemaphoreRelease)
    svcSemaphoreWait                         0x0000b2d3   Thumb Code    50  rt_cmsis.o(i.svcSemaphoreWait)
    svcSignalClear                           0x0000b305   Thumb Code    36  rt_cmsis.o(i.svcSignalClear)
    svcSignalSet                             0x0000b329   Thumb Code    36  rt_cmsis.o(i.svcSignalSet)
    svcSignalWait                            0x0000b34d   Thumb Code    80  rt_cmsis.o(i.svcSignalWait)
    svcThreadCreate                          0x0000b3a1   Thumb Code    96  rt_cmsis.o(i.svcThreadCreate)
    svcThreadGetId                           0x0000b40d   Thumb Code    22  rt_cmsis.o(i.svcThreadGetId)
    svcThreadTerminate                       0x0000b429   Thumb Code    50  rt_cmsis.o(i.svcThreadTerminate)
    svcThreadYield                           0x0000b461   Thumb Code    10  rt_cmsis.o(i.svcThreadYield)
    svcTimerCall                             0x0000b46b   Thumb Code    24  rt_cmsis.o(i.svcTimerCall)
    svcTimerCreate                           0x0000b485   Thumb Code    52  rt_cmsis.o(i.svcTimerCreate)
    svcTimerStart                            0x0000b4bd   Thumb Code    96  rt_cmsis.o(i.svcTimerStart)
    sysTimerTick                             0x0000b521   Thumb Code    84  rt_cmsis.o(i.sysTimerTick)
    udp_cb_func                              0x0000bc11   Thumb Code   116  udp_socket.o(i.udp_cb_func)
    _get_lc_ctype                            0x0000bee5   Thumb Code    44  lc_ctype_c.o(locale$$code)
    imageLastModified                        0x0000bf10   Data           4  fichierweb.o(.constdata)
    ADC_PIN                                  0x0001673b   Data           2  adc_mcb1700.o(.constdata)
    BUTTON_PIN                               0x0001673d   Data           2  buttons_mcb1700.o(.constdata)
    GLCD_Font_6x8                            0x00017fc0   Data          16  glcd_fonts.o(.constdata)
    GLCD_Font_16x24                          0x00017fd0   Data          16  glcd_fonts.o(.constdata)
    LED_PIN                                  0x00017fe0   Data          16  led_mcb1700.o(.constdata)
    os_maxtaskrun                            0x00017ff0   Data           2  rtx_conf_cm.o(.constdata)
    os_stackinfo                             0x00017ff4   Data           4  rtx_conf_cm.o(.constdata)
    os_rrobin                                0x00017ff8   Data           4  rtx_conf_cm.o(.constdata)
    os_tickfreq                              0x00017ffc   Data           4  rtx_conf_cm.o(.constdata)
    os_tickus_i                              0x00018000   Data           2  rtx_conf_cm.o(.constdata)
    os_tickus_f                              0x00018002   Data           2  rtx_conf_cm.o(.constdata)
    os_trv                                   0x00018004   Data           4  rtx_conf_cm.o(.constdata)
    os_flags                                 0x00018008   Data           1  rtx_conf_cm.o(.constdata)
    CMSIS_RTOS_API_Version                   0x0001800c   Data           4  rtx_conf_cm.o(.constdata)
    CMSIS_RTOS_RTX_Version                   0x00018010   Data           4  rtx_conf_cm.o(.constdata)
    os_clockrate                             0x00018014   Data           4  rtx_conf_cm.o(.constdata)
    os_timernum                              0x00018018   Data           4  rtx_conf_cm.o(.constdata)
    mp_tcb_size                              0x0001801c   Data           2  rtx_conf_cm.o(.constdata)
    mp_stk_size                              0x00018020   Data           4  rtx_conf_cm.o(.constdata)
    os_stack_sz                              0x00018024   Data           4  rtx_conf_cm.o(.constdata)
    os_fifo_size                             0x00018028   Data           1  rtx_conf_cm.o(.constdata)
    os_thread_def_osTimerThread              0x0001802c   Data          16  rtx_conf_cm.o(.constdata)
    os_messageQ_def_osTimerMessageQ          0x0001803c   Data           8  rtx_conf_cm.o(.constdata)
    mp_tmr_size                              0x00018044   Data           2  rtx_conf_cm.o(.constdata)
    os_thread_def_main                       0x00018048   Data          16  rtx_conf_cm.o(.constdata)
    Driver_ETH_MAC0                          0x00018060   Data          68  emac_lpc17xx.o(.constdata)
    Driver_SPI1                              0x000180f4   Data          44  ssp_lpc17xx.o(.constdata)
    Driver_ETH_PHY0                          0x00018124   Data          32  phy_dp83848c.o(.constdata)
    os_mutex_def_net_lock                    0x00018144   Data           4  net_config.o(.constdata)
    os_mutex_def_mem_lock                    0x00018148   Data           4  net_config.o(.constdata)
    os_thread_def_netCore_Thread             0x0001814c   Data          16  net_config.o(.constdata)
    net_sys_config                           0x0001815c   Data          32  net_config.o(.constdata)
    os_semaphore_def_eth0_lock               0x0001817c   Data           4  net_config.o(.constdata)
    os_thread_def_netETH_Thread              0x00018180   Data          16  net_config.o(.constdata)
    net_eth0_config                          0x000181c0   Data          32  net_config.o(.constdata)
    net_localm                               0x000181e0   Data          12  net_config.o(.constdata)
    net_localm6                              0x000181ec   Data          12  net_config.o(.constdata)
    net_udp_config                           0x000181f8   Data           8  net_config.o(.constdata)
    net_tcp_config                           0x00018200   Data          20  net_config.o(.constdata)
    net_http_config                          0x00018214   Data          40  net_config.o(.constdata)
    net_sys_func                             0x0001823c   Data          72  net_config.o(.constdata)
    net_mac_bcast                            0x00018284   Data           6  net_eth.o(.constdata)
    net_ping_payload                         0x0001838c   Data          18  net_ping.o(.constdata)
    os_timer_def_net_tick                    0x000183a0   Data           8  net_sys.o(.constdata)
    net_addr4_bcast                          0x000183a8   Data           4  net_ip4.o(.constdata)
    net_addr4_loopback                       0x000183ac   Data           4  net_ip4.o(.constdata)
    net_addr6_all_nodes                      0x000183b0   Data          16  net_ip6.o(.constdata)
    net_addr6_loopback                       0x000183c0   Data          16  net_ip6.o(.constdata)
    net_addr6_all_routers                    0x000183d0   Data          16  net_ip6.o(.constdata)
    net_http_error                           0x000183e0   Data          24  net_http_server_err.o(.constdata)
    net_addr_null                            0x000183f8   Data          16  net_addr.o(.constdata)
    Region$$Table$$Base                      0x000186c8   Number         0  anon$$obj.o(Region$$Table)
    Region$$Table$$Limit                     0x000186e8   Number         0  anon$$obj.o(Region$$Table)
    __ctype                                  0x000186f5   Data           0  lc_ctype_c.o(locale$$data)
    __MW_NET_VER                             0x07030000   Number         0  net_version.o ABSOLUTE
    ip_addr                                  0x10000000   Data           4  udp_socket.o(.data)
    mask                                     0x10000004   Data           4  udp_socket.o(.data)
    gateway                                  0x10000008   Data           4  udp_socket.o(.data)
    pri_dns                                  0x1000000c   Data           4  udp_socket.o(.data)
    sec_dns                                  0x10000010   Data           4  udp_socket.o(.data)
    udp_sock                                 0x10000014   Data           4  udp_socket.o(.data)
    AskBattery                               0x10000018   Data           2  udp_socket.o(.data)
    tensions                                 0x1000001a   Data           2  udp_socket.o(.data)
    i                                        0x1000001c   Data           4  udp_socket.o(.data)
    P2                                       0x10000020   Data           1  udp_socket.o(.data)
    osThreadId_osTimerThread                 0x1000003c   Data           4  rtx_conf_cm.o(.data)
    osMessageQId_osTimerMessageQ             0x10000040   Data           4  rtx_conf_cm.o(.data)
    os_tmr                                   0x10000044   Data           4  rtx_conf_cm.o(.data)
    m_tmr                                    0x10000048   Data           4  rtx_conf_cm.o(.data)
    iap_entry                                0x10000064   Data           4  emac_lpc17xx.o(.data)
    SystemCoreClock                          0x10000080   Data           4  system_lpc17xx.o(.data)
    os_semaphore_cb_eth0_lock                0x10000084   Data           8  net_config.o(.data)
    os_initialized                           0x10000094   Data           1  rt_cmsis.o(.data)
    os_running                               0x10000095   Data           1  rt_cmsis.o(.data)
    os_timer_head                            0x10000098   Data           4  rt_cmsis.o(.data)
    os_tsk                                   0x1000009c   Data           8  rt_task.o(.data)
    os_tick_irqn                             0x100000d4   Data           4  rt_system.o(.data)
    os_time                                  0x100000d8   Data           4  rt_time.o(.data)
    os_robin                                 0x100000dc   Data           8  rt_robin.o(.data)
    dbg_msg                                  0x100000e4   Data           1  hal_cm.o(.data)
    lcd_text                                 0x100000f8   Data          21  udp_socket.o(.bss)
    mp_tcb                                   0x10000110   Data         376  rtx_conf_cm.o(.bss)
    mp_stk                                   0x10000288   Data        1200  rtx_conf_cm.o(.bss)
    os_stack_mem                             0x10000738   Data        2384  rtx_conf_cm.o(.bss)
    os_fifo                                  0x10001088   Data         132  rtx_conf_cm.o(.bss)
    os_active_TCB                            0x1000110c   Data          28  rtx_conf_cm.o(.bss)
    os_messageQ_q_osTimerMessageQ            0x10001128   Data          32  rtx_conf_cm.o(.bss)
    os_mutex_cb_net_lock                     0x10006e90   Data          16  net_config.o(.bss)
    os_mutex_cb_mem_lock                     0x10006ea0   Data          16  net_config.o(.bss)
    os_idle_TCB                              0x1000730c   Data          52  rt_task.o(.bss)
    net_eth_control                          0x10007340   Data         148  net_eth.o(.bss)
    net_ping_control                         0x100073f8   Data          32  net_ping.o(.bss)
    net_sys_control                          0x10007418   Data          48  net_sys.o(.bss)
    os_timer_cb_net_tick                     0x10007448   Data          24  net_sys.o(.bss)
    os_rdy                                   0x10007460   Data          24  rt_list.o(.bss)
    os_dly                                   0x10007478   Data          24  rt_list.o(.bss)
    __libspace_start                         0x1000753c   Data          96  libspace.o(.bss)
    __temporary_stack_top$libspace           0x1000759c   Data           0  libspace.o(.bss)



==============================================================================

Memory Map of the image

  Image Entry point : 0x000000cd

  Load Region LR_IROM1 (Base: 0x00000000, Size: 0x000188f0, Max: 0x00080000, ABSOLUTE)

    Execution Region ER_IROM1 (Base: 0x00000000, Size: 0x000187f8, Max: 0x00080000, ABSOLUTE)

    Base Addr    Size         Type   Attr      Idx    E Section Name        Object

    0x00000000   0x000000cc   Data   RO         1152    RESET               startup_lpc17xx.o
    0x000000cc   0x00000008   Code   RO         3395  * !!!main             c_w.l(__main.o)
    0x000000d4   0x00000034   Code   RO         3604    !!!scatter          c_w.l(__scatter.o)
    0x00000108   0x0000001a   Code   RO         3606    !!handler_copy      c_w.l(__scatter_copy.o)
    0x00000122   0x00000002   PAD
    0x00000124   0x0000001c   Code   RO         3608    !!handler_zi        c_w.l(__scatter_zi.o)
    0x00000140   0x00000000   Code   RO         3365    .ARM.Collect$$_printf_percent$$00000000  c_w.l(_printf_percent.o)
    0x00000140   0x00000006   Code   RO         3358    .ARM.Collect$$_printf_percent$$00000001  c_w.l(_printf_n.o)
    0x00000146   0x00000006   Code   RO         3360    .ARM.Collect$$_printf_percent$$00000002  c_w.l(_printf_p.o)
    0x0000014c   0x00000006   Code   RO         3362    .ARM.Collect$$_printf_percent$$00000008  c_w.l(_printf_i.o)
    0x00000152   0x00000006   Code   RO         3363    .ARM.Collect$$_printf_percent$$00000009  c_w.l(_printf_d.o)
    0x00000158   0x00000006   Code   RO         3364    .ARM.Collect$$_printf_percent$$0000000A  c_w.l(_printf_u.o)
    0x0000015e   0x00000006   Code   RO         3361    .ARM.Collect$$_printf_percent$$0000000B  c_w.l(_printf_o.o)
    0x00000164   0x00000006   Code   RO         3359    .ARM.Collect$$_printf_percent$$0000000C  c_w.l(_printf_x.o)
    0x0000016a   0x0000000a   Code   RO         3422    .ARM.Collect$$_printf_percent$$00000012  c_w.l(_printf_l.o)
    0x00000174   0x00000006   Code   RO         3356    .ARM.Collect$$_printf_percent$$00000013  c_w.l(_printf_c.o)
    0x0000017a   0x00000006   Code   RO         3357    .ARM.Collect$$_printf_percent$$00000014  c_w.l(_printf_s.o)
    0x00000180   0x00000006   Code   RO         3366    .ARM.Collect$$_printf_percent$$00000015  c_w.l(_printf_lc.o)
    0x00000186   0x00000004   Code   RO         3421    .ARM.Collect$$_printf_percent$$00000017  c_w.l(_printf_percent_end.o)
    0x0000018a   0x00000002   Code   RO         3491    .ARM.Collect$$libinit$$00000000  c_w.l(libinit.o)
    0x0000018c   0x00000000   Code   RO         3503    .ARM.Collect$$libinit$$00000002  c_w.l(libinit2.o)
    0x0000018c   0x00000000   Code   RO         3505    .ARM.Collect$$libinit$$00000004  c_w.l(libinit2.o)
    0x0000018c   0x00000000   Code   RO         3508    .ARM.Collect$$libinit$$0000000A  c_w.l(libinit2.o)
    0x0000018c   0x00000000   Code   RO         3510    .ARM.Collect$$libinit$$0000000C  c_w.l(libinit2.o)
    0x0000018c   0x00000000   Code   RO         3512    .ARM.Collect$$libinit$$0000000E  c_w.l(libinit2.o)
    0x0000018c   0x00000006   Code   RO         3513    .ARM.Collect$$libinit$$0000000F  c_w.l(libinit2.o)
    0x00000192   0x00000000   Code   RO         3515    .ARM.Collect$$libinit$$00000011  c_w.l(libinit2.o)
    0x00000192   0x0000000c   Code   RO         3516    .ARM.Collect$$libinit$$00000012  c_w.l(libinit2.o)
    0x0000019e   0x00000000   Code   RO         3517    .ARM.Collect$$libinit$$00000013  c_w.l(libinit2.o)
    0x0000019e   0x00000000   Code   RO         3519    .ARM.Collect$$libinit$$00000015  c_w.l(libinit2.o)
    0x0000019e   0x00000000   Code   RO         3521    .ARM.Collect$$libinit$$00000017  c_w.l(libinit2.o)
    0x0000019e   0x00000000   Code   RO         3523    .ARM.Collect$$libinit$$00000019  c_w.l(libinit2.o)
    0x0000019e   0x00000000   Code   RO         3525    .ARM.Collect$$libinit$$0000001B  c_w.l(libinit2.o)
    0x0000019e   0x00000000   Code   RO         3527    .ARM.Collect$$libinit$$0000001D  c_w.l(libinit2.o)
    0x0000019e   0x00000000   Code   RO         3529    .ARM.Collect$$libinit$$0000001F  c_w.l(libinit2.o)
    0x0000019e   0x00000000   Code   RO         3531    .ARM.Collect$$libinit$$00000021  c_w.l(libinit2.o)
    0x0000019e   0x00000000   Code   RO         3533    .ARM.Collect$$libinit$$00000023  c_w.l(libinit2.o)
    0x0000019e   0x00000000   Code   RO         3535    .ARM.Collect$$libinit$$00000025  c_w.l(libinit2.o)
    0x0000019e   0x00000000   Code   RO         3539    .ARM.Collect$$libinit$$0000002C  c_w.l(libinit2.o)
    0x0000019e   0x00000000   Code   RO         3541    .ARM.Collect$$libinit$$0000002E  c_w.l(libinit2.o)
    0x0000019e   0x00000000   Code   RO         3543    .ARM.Collect$$libinit$$00000030  c_w.l(libinit2.o)
    0x0000019e   0x00000000   Code   RO         3545    .ARM.Collect$$libinit$$00000032  c_w.l(libinit2.o)
    0x0000019e   0x00000002   Code   RO         3546    .ARM.Collect$$libinit$$00000033  c_w.l(libinit2.o)
    0x000001a0   0x00000002   Code   RO         3492    .ARM.Collect$$libshutdown$$00000000  c_w.l(libshutdown.o)
    0x000001a2   0x00000000   Code   RO         3548    .ARM.Collect$$libshutdown$$00000002  c_w.l(libshutdown2.o)
    0x000001a2   0x00000000   Code   RO         3550    .ARM.Collect$$libshutdown$$00000004  c_w.l(libshutdown2.o)
    0x000001a2   0x00000000   Code   RO         3553    .ARM.Collect$$libshutdown$$00000007  c_w.l(libshutdown2.o)
    0x000001a2   0x00000000   Code   RO         3556    .ARM.Collect$$libshutdown$$0000000A  c_w.l(libshutdown2.o)
    0x000001a2   0x00000000   Code   RO         3558    .ARM.Collect$$libshutdown$$0000000C  c_w.l(libshutdown2.o)
    0x000001a2   0x00000000   Code   RO         3561    .ARM.Collect$$libshutdown$$0000000F  c_w.l(libshutdown2.o)
    0x000001a2   0x00000002   Code   RO         3562    .ARM.Collect$$libshutdown$$00000010  c_w.l(libshutdown2.o)
    0x000001a4   0x00000000   Code   RO         3397    .ARM.Collect$$rtentry$$00000000  c_w.l(__rtentry.o)
    0x000001a4   0x00000000   Code   RO         3434    .ARM.Collect$$rtentry$$00000002  c_w.l(__rtentry2.o)
    0x000001a4   0x00000006   Code   RO         3446    .ARM.Collect$$rtentry$$00000004  c_w.l(__rtentry4.o)
    0x000001aa   0x00000000   Code   RO         3436    .ARM.Collect$$rtentry$$00000009  c_w.l(__rtentry2.o)
    0x000001aa   0x00000004   Code   RO         3437    .ARM.Collect$$rtentry$$0000000A  c_w.l(__rtentry2.o)
    0x000001ae   0x00000008   Code   RO         3438    .ARM.Collect$$rtentry$$0000000B  c_w.l(__rtentry2.o)
    0x000001b6   0x00000008   Code   RO         3440    .ARM.Collect$$rtentry$$0000000D  c_w.l(__rtentry2.o)
    0x000001be   0x00000002   Code   RO         3398    .ARM.Collect$$rtexit$$00000000  c_w.l(rtexit.o)
    0x000001c0   0x00000000   Code   RO         3449    .ARM.Collect$$rtexit$$00000002  c_w.l(rtexit2.o)
    0x000001c0   0x00000004   Code   RO         3450    .ARM.Collect$$rtexit$$00000003  c_w.l(rtexit2.o)
    0x000001c4   0x00000006   Code   RO         3451    .ARM.Collect$$rtexit$$00000004  c_w.l(rtexit2.o)
    0x000001ca   0x00000002   PAD
    0x000001cc   0x0000001c   Code   RO          508    .emb_text           rtx_conf_cm.o
    0x000001e8   0x0000003c   Code   RO         1154    .text               startup_lpc17xx.o
    0x00000224   0x00000008   Code   RO         3285    .text               c_w.l(libspace.o)
    0x0000022c   0x0000002c   Code   RO         3290    .text               c_w.l(__2sprintf.o)
    0x00000258   0x0000004e   Code   RO         3296    .text               c_w.l(_printf_pad.o)
    0x000002a6   0x00000024   Code   RO         3298    .text               c_w.l(_printf_truncate.o)
    0x000002ca   0x00000028   Code   RO         3304    .text               c_w.l(_printf_charcount.o)
    0x000002f2   0x00000006   Code   RO         3393    .text               c_w.l(heapauxi.o)
    0x000002f8   0x00000004   Code   RO         3409    .text               c_w.l(rt_errno_addr_twolibspace.o)
    0x000002fc   0x00000004   Code   RO         1153    .ARM.__at_0x02FC    startup_lpc17xx.o
    0x00000300   0x00000130   Code   RO         3013    .emb_text           RTX_CM3.lib(hal_cm3.o)
    0x00000430   0x000000ee   Code   RO         3288    .text               c_w.l(lludivv7m.o)
    0x0000051e   0x00000052   Code   RO         3300    .text               c_w.l(_printf_str.o)
    0x00000570   0x00000078   Code   RO         3302    .text               c_w.l(_printf_dec.o)
    0x000005e8   0x000000bc   Code   RO         3306    .text               c_w.l(_printf_wctomb.o)
    0x000006a4   0x00000054   Code   RO         3311    .text               c_w.l(_printf_oct_int.o)
    0x000006f8   0x0000007c   Code   RO         3327    .text               c_w.l(_printf_hex_int_ptr.o)
    0x00000774   0x00000188   Code   RO         3353    .text               c_w.l(__printf_flags_ss_wp.o)
    0x000008fc   0x0000003c   Code   RO         3367    .text               c_w.l(__0sscanf.o)
    0x00000938   0x0000014c   Code   RO         3369    .text               c_w.l(_scanf_int.o)
    0x00000a84   0x0000001a   Code   RO         3371    .text               c_w.l(atoi.o)
    0x00000a9e   0x00000012   Code   RO         3373    .text               c_w.l(exit.o)
    0x00000ab0   0x00000058   Code   RO         3375    .text               c_w.l(memcmp.o)
    0x00000b08   0x00000048   Code   RO         3377    .text               c_w.l(strcpy.o)
    0x00000b50   0x0000003e   Code   RO         3379    .text               c_w.l(strlen.o)
    0x00000b8e   0x00000096   Code   RO         3381    .text               c_w.l(strncmp.o)
    0x00000c24   0x0000008a   Code   RO         3383    .text               c_w.l(rt_memcpy_v6.o)
    0x00000cae   0x00000064   Code   RO         3385    .text               c_w.l(rt_memcpy_w.o)
    0x00000d12   0x00000044   Code   RO         3387    .text               c_w.l(rt_memclr.o)
    0x00000d56   0x0000004e   Code   RO         3389    .text               c_w.l(rt_memclr_w.o)
    0x00000da4   0x00000080   Code   RO         3391    .text               c_w.l(strcmpv7m.o)
    0x00000e24   0x000000b2   Code   RO         3411    .text               c_w.l(_printf_intcommon.o)
    0x00000ed6   0x00000002   PAD
    0x00000ed8   0x00000030   Code   RO         3413    .text               c_w.l(_printf_char_common.o)
    0x00000f08   0x0000000a   Code   RO         3415    .text               c_w.l(_sputc.o)
    0x00000f12   0x0000002c   Code   RO         3417    .text               c_w.l(_printf_char.o)
    0x00000f3e   0x0000002c   Code   RO         3419    .text               c_w.l(_printf_wchar.o)
    0x00000f6a   0x0000001c   Code   RO         3423    .text               c_w.l(_chval.o)
    0x00000f86   0x00000002   PAD
    0x00000f88   0x0000002c   Code   RO         3425    .text               c_w.l(scanf_char.o)
    0x00000fb4   0x00000040   Code   RO         3427    .text               c_w.l(_sgetc.o)
    0x00000ff4   0x00000070   Code   RO         3429    .text               c_w.l(strtol.o)
    0x00001064   0x00000040   Code   RO         3431    .text               c_w.l(_wcrtomb.o)
    0x000010a4   0x00000010   Code   RO         3455    .text               c_w.l(rt_ctype_table.o)
    0x000010b4   0x00000012   Code   RO         3459    .text               c_w.l(isspace.o)
    0x000010c6   0x00000002   PAD
    0x000010c8   0x00000374   Code   RO         3463    .text               c_w.l(_scanf.o)
    0x0000143c   0x0000009e   Code   RO         3465    .text               c_w.l(_strtoul.o)
    0x000014da   0x00000002   PAD
    0x000014dc   0x0000000c   Code   RO         3467    .text               c_w.l(sys_exit.o)
    0x000014e8   0x0000004a   Code   RO         3469    .text               c_w.l(sys_stackheap_outer.o)
    0x00001532   0x0000000a   Code   RO         3476    .text               c_w.l(rt_locale_twolibspace.o)
    0x0000153c   0x00000002   Code   RO         3493    .text               c_w.l(use_no_semi.o)
    0x0000153e   0x00000000   Code   RO         3495    .text               c_w.l(indicate_semi.o)
    0x0000153e   0x00000002   PAD
    0x00001540   0x00000004   Code   RO         3280    SVC_TABLE           RTX_CM3.lib(svc_table.o)
    0x00001544   0x00000028   Code   RO          116    i.ADC_IRQHandler    adc_mcb1700.o
    0x0000156c   0x00000060   Code   RO          117    i.ADC_Initialize    adc_mcb1700.o
    0x000015cc   0x00000030   Code   RO          206    i.Buttons_Initialize  buttons_mcb1700.o
    0x000015fc   0x00000020   Code   RO          973    i.Clear_Channel_active_flag  gpdma_lpc17xx.o
    0x0000161c   0x00000198   Code   RO          569    i.Control           emac_lpc17xx.o
    0x000017b4   0x00000008   Code   RO          570    i.ControlTimer      emac_lpc17xx.o
    0x000017bc   0x00000180   Code   RO          974    i.DMA_IRQHandler    gpdma_lpc17xx.o
    0x0000193c   0x00000048   Code   RO          571    i.ENET_IRQHandler   emac_lpc17xx.o
    0x00001984   0x00000030   Code   RO          265    i.GLCD_ClearScreen  glcd_mcb1700.o
    0x000019b4   0x000000d0   Code   RO          268    i.GLCD_DrawChar     glcd_mcb1700.o
    0x00001a84   0x0000002c   Code   RO          272    i.GLCD_DrawString   glcd_mcb1700.o
    0x00001ab0   0x000005b6   Code   RO          276    i.GLCD_Initialize   glcd_mcb1700.o
    0x00002066   0x00000002   PAD
    0x00002068   0x00000010   Code   RO          277    i.GLCD_SetBackgroundColor  glcd_mcb1700.o
    0x00002078   0x00000010   Code   RO          278    i.GLCD_SetFont      glcd_mcb1700.o
    0x00002088   0x00000010   Code   RO          279    i.GLCD_SetForegroundColor  glcd_mcb1700.o
    0x00002098   0x000000ac   Code   RO          280    i.GLCD_SetWindow    glcd_mcb1700.o
    0x00002144   0x00000012   Code   RO          283    i.GLCD_WindowMax    glcd_mcb1700.o
    0x00002156   0x00000002   PAD
    0x00002158   0x000000f4   Code   RO          975    i.GPDMA_ChannelConfigure  gpdma_lpc17xx.o
    0x0000224c   0x00000030   Code   RO          976    i.GPDMA_ChannelDisable  gpdma_lpc17xx.o
    0x0000227c   0x00000030   Code   RO          978    i.GPDMA_ChannelGetCount  gpdma_lpc17xx.o
    0x000022ac   0x000000a8   Code   RO          980    i.GPDMA_Initialize  gpdma_lpc17xx.o
    0x00002354   0x00000044   Code   RO          981    i.GPDMA_PeripheralSelect  gpdma_lpc17xx.o
    0x00002398   0x00000080   Code   RO          982    i.GPDMA_Uninitialize  gpdma_lpc17xx.o
    0x00002418   0x00000020   Code   RO         1063    i.GPIO_PinRead      gpio_lpc17xx.o
    0x00002438   0x00000028   Code   RO         1064    i.GPIO_PinWrite     gpio_lpc17xx.o
    0x00002460   0x0000002c   Code   RO         1065    i.GPIO_PortClock    gpio_lpc17xx.o
    0x0000248c   0x00000014   Code   RO         1066    i.GPIO_PortRead     gpio_lpc17xx.o
    0x000024a0   0x00000038   Code   RO         1068    i.GPIO_SetDir       gpio_lpc17xx.o
    0x000024d8   0x0000000c   Code   RO          572    i.GetCapabilities   emac_lpc17xx.o
    0x000024e4   0x00000068   Code   RO          914    i.GetLinkInfo       phy_dp83848c.o
    0x0000254c   0x0000002c   Code   RO          915    i.GetLinkState      phy_dp83848c.o
    0x00002578   0x00000048   Code   RO          573    i.GetMacAddress     emac_lpc17xx.o
    0x000025c0   0x00000054   Code   RO          574    i.GetRxFrameSize    emac_lpc17xx.o
    0x00002614   0x00000008   Code   RO          575    i.GetRxFrameTime    emac_lpc17xx.o
    0x0000261c   0x00000044   Code   RO          743    i.GetSSPClockFreq   ssp_lpc17xx.o
    0x00002660   0x00000008   Code   RO          576    i.GetTxFrameTime    emac_lpc17xx.o
    0x00002668   0x00000010   Code   RO          577    i.GetVersion        emac_lpc17xx.o
    0x00002678   0x00000010   Code   RO          916    i.GetVersion        phy_dp83848c.o
    0x00002688   0x00000170   Code   RO          578    i.Initialize        emac_lpc17xx.o
    0x000027f8   0x00000030   Code   RO          917    i.Initialize        phy_dp83848c.o
    0x00002828   0x0000005c   Code   RO          464    i.LED_Initialize    led_mcb1700.o
    0x00002884   0x0000002c   Code   RO          466    i.LED_On            led_mcb1700.o
    0x000028b0   0x000000e8   Code   RO          579    i.PHY_Read          emac_lpc17xx.o
    0x00002998   0x000000d8   Code   RO          580    i.PHY_Write         emac_lpc17xx.o
    0x00002a70   0x000000fc   Code   RO         1117    i.PIN_Configure     pin_lpc17xx.o
    0x00002b6c   0x00000224   Code   RO          581    i.PowerControl      emac_lpc17xx.o
    0x00002d90   0x000000d4   Code   RO          918    i.PowerControl      phy_dp83848c.o
    0x00002e64   0x00000074   Code   RO          582    i.ReadFrame         emac_lpc17xx.o
    0x00002ed8   0x00000018   Code   RO          744    i.SSP1_Control      ssp_lpc17xx.o
    0x00002ef0   0x00000014   Code   RO          745    i.SSP1_GPDMA_Rx_SignalEvent  ssp_lpc17xx.o
    0x00002f04   0x00000014   Code   RO          746    i.SSP1_GPDMA_Tx_SignalEvent  ssp_lpc17xx.o
    0x00002f18   0x00000010   Code   RO          747    i.SSP1_GetDataCount  ssp_lpc17xx.o
    0x00002f28   0x00000010   Code   RO          748    i.SSP1_GetStatus    ssp_lpc17xx.o
    0x00002f38   0x00000010   Code   RO          749    i.SSP1_IRQHandler   ssp_lpc17xx.o
    0x00002f48   0x00000014   Code   RO          750    i.SSP1_Initialize   ssp_lpc17xx.o
    0x00002f5c   0x00000014   Code   RO          751    i.SSP1_PowerControl  ssp_lpc17xx.o
    0x00002f70   0x00000018   Code   RO          752    i.SSP1_Receive      ssp_lpc17xx.o
    0x00002f88   0x00000018   Code   RO          753    i.SSP1_Send         ssp_lpc17xx.o
    0x00002fa0   0x0000001c   Code   RO          754    i.SSP1_Transfer     ssp_lpc17xx.o
    0x00002fbc   0x00000010   Code   RO          755    i.SSP1_Uninitialize  ssp_lpc17xx.o
    0x00002fcc   0x0000000c   Code   RO          756    i.SSP_GetCapabilities  ssp_lpc17xx.o
    0x00002fd8   0x00000010   Code   RO          757    i.SSP_GetVersion    ssp_lpc17xx.o
    0x00002fe8   0x0000051e   Code   RO          758    i.SSPx_Control      ssp_lpc17xx.o
    0x00003506   0x00000036   Code   RO          759    i.SSPx_GPDMA_Rx_SignalEvent  ssp_lpc17xx.o
    0x0000353c   0x0000001c   Code   RO          760    i.SSPx_GPDMA_Tx_SignalEvent  ssp_lpc17xx.o
    0x00003558   0x0000002c   Code   RO          761    i.SSPx_GetDataCount  ssp_lpc17xx.o
    0x00003584   0x0000005a   Code   RO          762    i.SSPx_GetStatus    ssp_lpc17xx.o
    0x000035de   0x00000104   Code   RO          763    i.SSPx_IRQHandler   ssp_lpc17xx.o
    0x000036e2   0x000000a8   Code   RO          764    i.SSPx_Initialize   ssp_lpc17xx.o
    0x0000378a   0x00000002   PAD
    0x0000378c   0x000001b4   Code   RO          765    i.SSPx_PowerControl  ssp_lpc17xx.o
    0x00003940   0x0000015c   Code   RO          766    i.SSPx_Receive      ssp_lpc17xx.o
    0x00003a9c   0x00000154   Code   RO          767    i.SSPx_Send         ssp_lpc17xx.o
    0x00003bf0   0x00000152   Code   RO          768    i.SSPx_Transfer     ssp_lpc17xx.o
    0x00003d42   0x00000070   Code   RO          769    i.SSPx_Uninitialize  ssp_lpc17xx.o
    0x00003db2   0x00000002   PAD
    0x00003db4   0x000000b8   Code   RO          583    i.SendFrame         emac_lpc17xx.o
    0x00003e6c   0x000000ac   Code   RO          584    i.SetAddressFilter  emac_lpc17xx.o
    0x00003f18   0x00000040   Code   RO          919    i.SetInterface      phy_dp83848c.o
    0x00003f58   0x0000004c   Code   RO          585    i.SetMacAddress     emac_lpc17xx.o
    0x00003fa4   0x00000088   Code   RO          920    i.SetMode           phy_dp83848c.o
    0x0000402c   0x00000038   Code   RO          983    i.Set_Channel_active_flag  gpdma_lpc17xx.o
    0x00004064   0x00000140   Code   RO         1164    i.SystemInit        system_lpc17xx.o
    0x000041a4   0x00000100   Code   RO          586    i.Uninitialize      emac_lpc17xx.o
    0x000042a4   0x00000014   Code   RO          921    i.Uninitialize      phy_dp83848c.o
    0x000042b8   0x0000001c   Code   RO          770    i.__NVIC_ClearPendingIRQ  ssp_lpc17xx.o
    0x000042d4   0x0000001c   Code   RO          984    i.__NVIC_ClearPendingIRQ  gpdma_lpc17xx.o
    0x000042f0   0x0000002c   Code   RO          509    i.__user_perthread_libspace  rtx_conf_cm.o
    0x0000431c   0x00000046   Code   RO         2912    i._init_box         RTX_CM3.lib(rt_membox.o)
    0x00004362   0x0000000e   Code   RO         3346    i._is_digit         c_w.l(__printf_wp.o)
    0x00004370   0x00000020   Code   RO          510    i._mutex_acquire    rtx_conf_cm.o
    0x00004390   0x0000001c   Code   RO          512    i._mutex_release    rtx_conf_cm.o
    0x000043ac   0x00000034   Code   RO         2389    i.add_server_id     Net_CM3_L.lib(net_http_server.o)
    0x000043e0   0x00000098   Code   RO         2152    i.arp_cache_alloc   Net_CM3_L.lib(net_arp.o)
    0x00004478   0x00000040   Code   RO         2153    i.arp_is_cacheable  Net_CM3_L.lib(net_arp.o)
    0x000044b8   0x00000040   Code   RO         2154    i.arp_probe_run     Net_CM3_L.lib(net_arp.o)
    0x000044f8   0x00000080   Code   RO         2155    i.arp_proc_response  Net_CM3_L.lib(net_arp.o)
    0x00004578   0x0000008c   Code   RO         2156    i.arp_send_reply    Net_CM3_L.lib(net_arp.o)
    0x00004604   0x000000b8   Code   RO         2157    i.arp_send_request  Net_CM3_L.lib(net_arp.o)
    0x000046bc   0x00000170   Code   RO         2390    i.chk_post_req      Net_CM3_L.lib(net_http_server.o)
    0x0000482c   0x0000001e   Code   RO         2391    i.cmp_fname_ext     Net_CM3_L.lib(net_http_server.o)
    0x0000484a   0x00000028   Code   RO         2392    i.cmp_header        Net_CM3_L.lib(net_http_server.o)
    0x00004872   0x00000002   PAD
    0x00004874   0x00000024   Code   RO            1    i.crc32_8bit        fichierweb.o
    0x00004898   0x00000028   Code   RO          587    i.crc32_8bit_rev    emac_lpc17xx.o
    0x000048c0   0x00000022   Code   RO          588    i.crc32_data        emac_lpc17xx.o
    0x000048e2   0x00000002   PAD
    0x000048e4   0x00000030   Code   RO         2965    i.dbg_init          RTX_CM3.lib(hal_cm.o)
    0x00004914   0x00000020   Code   RO         2966    i.dbg_task_notify   RTX_CM3.lib(hal_cm.o)
    0x00004934   0x00000010   Code   RO         2967    i.dbg_task_switch   RTX_CM3.lib(hal_cm.o)
    0x00004944   0x0000002c   Code   RO          284    i.delay_ms          glcd_mcb1700.o
    0x00004970   0x000000a0   Code   RO         2106    i.eth_check_link    Net_CM3_L.lib(net_eth.o)
    0x00004a10   0x00000010   Code   RO         2107    i.eth_lock          Net_CM3_L.lib(net_eth.o)
    0x00004a20   0x0000001e   Code   RO         2108    i.eth_make_mcast4   Net_CM3_L.lib(net_eth.o)
    0x00004a3e   0x0000001a   Code   RO         2109    i.eth_make_mcast6   Net_CM3_L.lib(net_eth.o)
    0x00004a58   0x00000014   Code   RO         2110    i.eth_notify        Net_CM3_L.lib(net_eth.o)
    0x00004a6c   0x00000088   Code   RO         2112    i.eth_receive       Net_CM3_L.lib(net_eth.o)
    0x00004af4   0x0000000c   Code   RO         2113    i.eth_unlock        Net_CM3_L.lib(net_eth.o)
    0x00004b00   0x0000001c   Code   RO         3182    i.get_crc32         Net_CM3_L.lib(net_common.o)
    0x00004b1c   0x00000028   Code   RO         2393    i.get_next_field    Net_CM3_L.lib(net_http_server.o)
    0x00004b44   0x00000032   Code   RO         2394    i.get_next_par      Net_CM3_L.lib(net_http_server.o)
    0x00004b76   0x00000022   Code   RO         2395    i.hex2byte          Net_CM3_L.lib(net_http_server.o)
    0x00004b98   0x0000033c   Code   RO         2396    i.http_add_header   Net_CM3_L.lib(net_http_server.o)
    0x00004ed4   0x000001b4   Code   RO         2397    i.http_error_msg    Net_CM3_L.lib(net_http_server.o)
    0x00005088   0x00000078   Code   RO         2398    i.http_get_ftype    Net_CM3_L.lib(net_http_server.o)
    0x00005100   0x0000005e   Code   RO         2399    i.http_kill_session  Net_CM3_L.lib(net_http_server.o)
    0x0000515e   0x00000002   PAD
    0x00005160   0x00000218   Code   RO         2400    i.http_listener     Net_CM3_L.lib(net_http_server.o)
    0x00005378   0x00000118   Code   RO         2401    i.http_open_file    Net_CM3_L.lib(net_http_server.o)
    0x00005490   0x00000154   Code   RO         2402    i.http_proc_header  Net_CM3_L.lib(net_http_server.o)
    0x000055e4   0x00000178   Code   RO         2403    i.http_proc_multipart  Net_CM3_L.lib(net_http_server.o)
    0x0000575c   0x000000f4   Code   RO         2404    i.http_proc_post    Net_CM3_L.lib(net_http_server.o)
    0x00005850   0x000003a8   Code   RO         2405    i.http_server_run   Net_CM3_L.lib(net_http_server.o)
    0x00005bf8   0x00000040   Code   RO         2406    i.http_server_start  Net_CM3_L.lib(net_http_server.o)
    0x00005c38   0x00000020   Code   RO         2407    i.http_strcpy       Net_CM3_L.lib(net_http_server.o)
    0x00005c58   0x000000a4   Code   RO         2408    i.http_to_utc       Net_CM3_L.lib(net_http_server.o)
    0x00005cfc   0x00000064   Code   RO            2    i.imageFileInfo     fichierweb.o
    0x00005d60   0x00000068   Code   RO          589    i.init_rx_desc      emac_lpc17xx.o
    0x00005dc8   0x0000005c   Code   RO          590    i.init_tx_desc      emac_lpc17xx.o
    0x00005e24   0x00000044   Code   RO          591    i.input_MDIO        emac_lpc17xx.o
    0x00005e68   0x0000000a   Code   RO         3077    i.ip4_get_chksum    Net_CM3_L.lib(net_ip4.o)
    0x00005e72   0x00000002   PAD
    0x00005e74   0x00000090   Code   RO         3078    i.ip4_get_route     Net_CM3_L.lib(net_ip4.o)
    0x00005f04   0x0000002c   Code   RO         3105    i.ip6_get_route     Net_CM3_L.lib(net_ip6.o)
    0x00005f30   0x0000002a   Code   RO         1369    i.isrMessageGet     RTX_CM3.lib(rt_cmsis.o)
    0x00005f5a   0x0000002c   Code   RO         1370    i.isrMessagePut     RTX_CM3.lib(rt_cmsis.o)
    0x00005f86   0x00000028   Code   RO         1371    i.isrSemaphoreRelease  RTX_CM3.lib(rt_cmsis.o)
    0x00005fae   0x00000024   Code   RO         1372    i.isrSignalSet      RTX_CM3.lib(rt_cmsis.o)
    0x00005fd2   0x00000002   PAD
    0x00005fd4   0x00000028   Code   RO         2649    i.isr_evt_set       RTX_CM3.lib(rt_event.o)
    0x00005ffc   0x00000056   Code   RO         2767    i.isr_mbx_receive   RTX_CM3.lib(rt_mailbox.o)
    0x00006052   0x0000000e   Code   RO         2768    i.isr_mbx_send      RTX_CM3.lib(rt_mailbox.o)
    0x00006060   0x00000010   Code   RO         2815    i.isr_sem_send      RTX_CM3.lib(rt_semaphore.o)
    0x00006070   0x00000084   Code   RO           29    i.main              udp_socket.o
    0x000060f4   0x00000010   Code   RO         3160    i.mem_lock          Net_CM3_L.lib(net_mem.o)
    0x00006104   0x0000000c   Code   RO         3161    i.mem_unlock        Net_CM3_L.lib(net_mem.o)
    0x00006110   0x00000160   Code   RO         2377    i.nbns_listener     Net_CM3_L.lib(net_nbns_client.o)
    0x00006270   0x0000009c   Code   RO         3023    i.ndp_cache_add     Net_CM3_L.lib(net_ndp.o)
    0x0000630c   0x00000084   Code   RO         3024    i.ndp_cache_alloc   Net_CM3_L.lib(net_ndp.o)
    0x00006390   0x0000002c   Code   RO         3025    i.ndp_check_frame   Net_CM3_L.lib(net_ndp.o)
    0x000063bc   0x0000005c   Code   RO         3026    i.ndp_is_onlink     Net_CM3_L.lib(net_ndp.o)
    0x00006418   0x00000012   Code   RO         3027    i.ndp_next_opt      Net_CM3_L.lib(net_ndp.o)
    0x0000642a   0x00000002   PAD
    0x0000642c   0x000000b8   Code   RO         3028    i.ndp_prefix_add    Net_CM3_L.lib(net_ndp.o)
    0x000064e4   0x00000040   Code   RO         3029    i.ndp_probe_run     Net_CM3_L.lib(net_ndp.o)
    0x00006524   0x0000007c   Code   RO         3030    i.ndp_proc_response  Net_CM3_L.lib(net_ndp.o)
    0x000065a0   0x0000003c   Code   RO         3031    i.ndp_router_remove  Net_CM3_L.lib(net_ndp.o)
    0x000065dc   0x0000006c   Code   RO         3032    i.ndp_send_reply    Net_CM3_L.lib(net_ndp.o)
    0x00006648   0x00000084   Code   RO         3033    i.ndp_send_request  Net_CM3_L.lib(net_ndp.o)
    0x000066cc   0x000000fc   Code   RO         3034    i.ndp_slaac_run     Net_CM3_L.lib(net_ndp.o)
    0x000067c8   0x00000004   Code   RO         2409    i.netCGI_Charset    Net_CM3_L.lib(net_http_server.o)
    0x000067cc   0x00000004   Code   RO         2410    i.netCGI_ContentType  Net_CM3_L.lib(net_http_server.o)
    0x000067d0   0x0000006c   Code   RO         2411    i.netCGI_GetEnvVar  Net_CM3_L.lib(net_http_server.o)
    0x0000683c   0x00000094   Code   RO           30    i.netCGI_ProcessData  udp_socket.o
    0x000068d0   0x00000002   Code   RO         2413    i.netCGI_ProcessQuery  Net_CM3_L.lib(net_http_server.o)
    0x000068d2   0x00000004   Code   RO         2414    i.netCGI_Redirect   Net_CM3_L.lib(net_http_server.o)
    0x000068d6   0x00000002   PAD
    0x000068d8   0x00000068   Code   RO           31    i.netCGI_Script     udp_socket.o
    0x00006940   0x00000004   Code   RO         2416    i.netCGX_ContentType  Net_CM3_L.lib(net_http_server.o)
    0x00006944   0x00000058   Code   RO         2522    i.netCore_Thread    Net_CM3_L.lib(net_sys.o)
    0x0000699c   0x00000002   Code   RO         2114    i.netETH_Notify     Net_CM3_L.lib(net_eth.o)
    0x0000699e   0x00000002   PAD
    0x000069a0   0x0000003c   Code   RO         2115    i.netETH_Thread     Net_CM3_L.lib(net_eth.o)
    0x000069dc   0x00000004   Code   RO         2417    i.netHTTPs_AcceptClient  Net_CM3_L.lib(net_http_server.o)
    0x000069e0   0x00000004   Code   RO         2418    i.netHTTPs_CheckAccount  Net_CM3_L.lib(net_http_server.o)
    0x000069e4   0x00000004   Code   RO         2419    i.netHTTPs_FileAccess  Net_CM3_L.lib(net_http_server.o)
    0x000069e8   0x00000002   Code   RO         1198    i.netHTTPs_fclose   net_config.o
    0x000069ea   0x00000004   Code   RO         1199    i.netHTTPs_fgets    net_config.o
    0x000069ee   0x00000004   Code   RO         1200    i.netHTTPs_fopen    net_config.o
    0x000069f2   0x00000004   Code   RO         1201    i.netHTTPs_fread    net_config.o
    0x000069f6   0x00000002   Code   RO         1202    i.netHTTPs_fstat    net_config.o
    0x000069f8   0x00000088   Code   RO         2525    i.netInitialize     Net_CM3_L.lib(net_sys.o)
    0x00006a80   0x0000007c   Code   RO         3216    i.netMAC_aton       Net_CM3_L.lib(net_addr.o)
    0x00006afc   0x00000004   Code   RO         1204    i.netTLS_buf        net_config.o
    0x00006b00   0x00000002   Code   RO         1205    i.netTLS_close      net_config.o
    0x00006b02   0x00000002   Code   RO         1206    i.netTLS_send       net_config.o
    0x00006b04   0x00000004   Code   RO         1207    i.netTLS_socket     net_config.o
    0x00006b08   0x00000004   Code   RO         2215    i.netUDP_GetBuffer  Net_CM3_L.lib(net_udp.o)
    0x00006b0c   0x00000018   Code   RO         2217    i.netUDP_GetSocket  Net_CM3_L.lib(net_udp.o)
    0x00006b24   0x0000001c   Code   RO         2218    i.netUDP_Open       Net_CM3_L.lib(net_udp.o)
    0x00006b40   0x00000028   Code   RO         2220    i.netUDP_Send       Net_CM3_L.lib(net_udp.o)
    0x00006b68   0x00000068   Code   RO         3218    i.net_addr4_aton    Net_CM3_L.lib(net_addr.o)
    0x00006bd0   0x0000001a   Code   RO         3219    i.net_addr4_is_subnet  Net_CM3_L.lib(net_addr.o)
    0x00006bea   0x00000002   PAD
    0x00006bec   0x000000f4   Code   RO         3221    i.net_addr6_aton    Net_CM3_L.lib(net_addr.o)
    0x00006ce0   0x00000028   Code   RO         3222    i.net_addr6_comp    Net_CM3_L.lib(net_addr.o)
    0x00006d08   0x00000012   Code   RO         3223    i.net_addr6_copy    Net_CM3_L.lib(net_addr.o)
    0x00006d1a   0x00000002   PAD
    0x00006d1c   0x0000004c   Code   RO         3224    i.net_addr6_create  Net_CM3_L.lib(net_addr.o)
    0x00006d68   0x0000002c   Code   RO         3225    i.net_addr6_get_solicited  Net_CM3_L.lib(net_addr.o)
    0x00006d94   0x00000018   Code   RO         3226    i.net_addr6_is_linklocal  Net_CM3_L.lib(net_addr.o)
    0x00006dac   0x0000006c   Code   RO         3227    i.net_addr6_is_onlink  Net_CM3_L.lib(net_addr.o)
    0x00006e18   0x00000048   Code   RO         3228    i.net_addr6_is_solicited  Net_CM3_L.lib(net_addr.o)
    0x00006e60   0x00000018   Code   RO         3229    i.net_addr6_is_unspec  Net_CM3_L.lib(net_addr.o)
    0x00006e78   0x0000000e   Code   RO         3234    i.net_addr_get_local  Net_CM3_L.lib(net_addr.o)
    0x00006e86   0x00000022   Code   RO         3235    i.net_addr_is_unspec  Net_CM3_L.lib(net_addr.o)
    0x00006ea8   0x000000b0   Code   RO         2163    i.net_arp_cache_add  Net_CM3_L.lib(net_arp.o)
    0x00006f58   0x00000094   Code   RO         2164    i.net_arp_cache_early  Net_CM3_L.lib(net_arp.o)
    0x00006fec   0x000000b0   Code   RO         2165    i.net_arp_cache_find  Net_CM3_L.lib(net_arp.o)
    0x0000709c   0x00000038   Code   RO         2167    i.net_arp_init      Net_CM3_L.lib(net_arp.o)
    0x000070d4   0x0000002c   Code   RO         2168    i.net_arp_notify    Net_CM3_L.lib(net_arp.o)
    0x00007100   0x00000148   Code   RO         2170    i.net_arp_process   Net_CM3_L.lib(net_arp.o)
    0x00007248   0x000000f8   Code   RO         2171    i.net_arp_run       Net_CM3_L.lib(net_arp.o)
    0x00007340   0x0000007a   Code   RO         3183    i.net_b64_decode    Net_CM3_L.lib(net_common.o)
    0x000073ba   0x00000002   PAD
    0x000073bc   0x00000218   Code   RO         2118    i.net_eth_iface_init  Net_CM3_L.lib(net_eth.o)
    0x000075d4   0x00000174   Code   RO         2119    i.net_eth_iface_run  Net_CM3_L.lib(net_eth.o)
    0x00007748   0x00000020   Code   RO         2120    i.net_eth_is_my_addr  Net_CM3_L.lib(net_eth.o)
    0x00007768   0x0000003c   Code   RO         2121    i.net_eth_output    Net_CM3_L.lib(net_eth.o)
    0x000077a4   0x000000dc   Code   RO         2122    i.net_eth_send_frame  Net_CM3_L.lib(net_eth.o)
    0x00007880   0x00000108   Code   RO         2124    i.net_eth_update_filter  Net_CM3_L.lib(net_eth.o)
    0x00007988   0x000000a4   Code   RO         2436    i.net_http_server_init  Net_CM3_L.lib(net_http_server.o)
    0x00007a2c   0x00000014   Code   RO         2437    i.net_http_server_run  Net_CM3_L.lib(net_http_server.o)
    0x00007a40   0x00000130   Code   RO         3140    i.net_icmp6_process  Net_CM3_L.lib(net_icmp6.o)
    0x00007b70   0x0000005c   Code   RO         3141    i.net_icmp6_send    Net_CM3_L.lib(net_icmp6.o)
    0x00007bcc   0x00000050   Code   RO         3142    i.net_icmp6_send_echo  Net_CM3_L.lib(net_icmp6.o)
    0x00007c1c   0x000000e0   Code   RO         3130    i.net_icmp_process  Net_CM3_L.lib(net_icmp.o)
    0x00007cfc   0x0000007c   Code   RO         3131    i.net_icmp_send_echo  Net_CM3_L.lib(net_icmp.o)
    0x00007d78   0x00000004   Code   RO         1208    i.net_igmp_collect_addr  net_config.o
    0x00007d7c   0x00000004   Code   RO         1209    i.net_igmp_is_member  net_config.o
    0x00007d80   0x00000002   Code   RO         1210    i.net_igmp_process  net_config.o
    0x00007d82   0x0000004c   Code   RO         3079    i.net_ip4_checksum  Net_CM3_L.lib(net_ip4.o)
    0x00007dce   0x00000002   PAD
    0x00007dd0   0x000000cc   Code   RO         3080    i.net_ip4_chk_frame  Net_CM3_L.lib(net_ip4.o)
    0x00007e9c   0x00000032   Code   RO         3081    i.net_ip4_chksum_buf  Net_CM3_L.lib(net_ip4.o)
    0x00007ece   0x00000002   PAD
    0x00007ed0   0x00000040   Code   RO         3082    i.net_ip4_get_local  Net_CM3_L.lib(net_ip4.o)
    0x00007f10   0x00000010   Code   RO         3083    i.net_ip4_init      Net_CM3_L.lib(net_ip4.o)
    0x00007f20   0x0000002c   Code   RO         3084    i.net_ip4_is_subcast  Net_CM3_L.lib(net_ip4.o)
    0x00007f4c   0x00000114   Code   RO         3085    i.net_ip4_send_frame  Net_CM3_L.lib(net_ip4.o)
    0x00008060   0x00000034   Code   RO         3086    i.net_ip4_tx_offload  Net_CM3_L.lib(net_ip4.o)
    0x00008094   0x00000052   Code   RO         3106    i.net_ip6_checksum  Net_CM3_L.lib(net_ip6.o)
    0x000080e6   0x00000002   PAD
    0x000080e8   0x000000a4   Code   RO         3107    i.net_ip6_chk_frame  Net_CM3_L.lib(net_ip6.o)
    0x0000818c   0x0000005c   Code   RO         3108    i.net_ip6_get_local  Net_CM3_L.lib(net_ip6.o)
    0x000081e8   0x00000010   Code   RO         3109    i.net_ip6_init      Net_CM3_L.lib(net_ip6.o)
    0x000081f8   0x000000b4   Code   RO         3110    i.net_ip6_send_frame  Net_CM3_L.lib(net_ip6.o)
    0x000082ac   0x0000000c   Code   RO         3111    i.net_ip6_tx_netif  Net_CM3_L.lib(net_ip6.o)
    0x000082b8   0x00000030   Code   RO         3112    i.net_ip6_tx_offload  Net_CM3_L.lib(net_ip6.o)
    0x000082e8   0x00000028   Code   RO         2201    i.net_loop_iface_init  Net_CM3_L.lib(net_loop.o)
    0x00008310   0x00000094   Code   RO         2202    i.net_loop_iface_run  Net_CM3_L.lib(net_loop.o)
    0x000083a4   0x00000048   Code   RO         2203    i.net_loop_send_frame  Net_CM3_L.lib(net_loop.o)
    0x000083ec   0x0000008c   Code   RO         3162    i.net_mem_alloc     Net_CM3_L.lib(net_mem.o)
    0x00008478   0x0000001c   Code   RO         3163    i.net_mem_avail     Net_CM3_L.lib(net_mem.o)
    0x00008494   0x0000006c   Code   RO         3164    i.net_mem_free      Net_CM3_L.lib(net_mem.o)
    0x00008500   0x00000060   Code   RO         3165    i.net_mem_init      Net_CM3_L.lib(net_mem.o)
    0x00008560   0x00000038   Code   RO         3166    i.net_mem_shrink    Net_CM3_L.lib(net_mem.o)
    0x00008598   0x00000020   Code   RO         3186    i.net_memcrc        Net_CM3_L.lib(net_common.o)
    0x000085b8   0x0000002c   Code   RO         2378    i.net_nbns_client_init  Net_CM3_L.lib(net_nbns_client.o)
    0x000085e4   0x00000094   Code   RO         3039    i.net_ndp_cache_find  Net_CM3_L.lib(net_ndp.o)
    0x00008678   0x00000054   Code   RO         3041    i.net_ndp_cache_refresh  Net_CM3_L.lib(net_ndp.o)
    0x000086cc   0x00000050   Code   RO         3043    i.net_ndp_init      Net_CM3_L.lib(net_ndp.o)
    0x0000871c   0x0000022c   Code   RO         3044    i.net_ndp_process   Net_CM3_L.lib(net_ndp.o)
    0x00008948   0x000000d0   Code   RO         3045    i.net_ndp_run       Net_CM3_L.lib(net_ndp.o)
    0x00008a18   0x00000034   Code   RO         2528    i.net_path          Net_CM3_L.lib(net_sys.o)
    0x00008a4c   0x00000010   Code   RO         2506    i.net_ping_client_init  Net_CM3_L.lib(net_ping.o)
    0x00008a5c   0x00000040   Code   RO         2507    i.net_ping_client_run  Net_CM3_L.lib(net_ping.o)
    0x00008a9c   0x00000004   Code   RO         1212    i.net_ppp_send_frame  net_config.o
    0x00008aa0   0x0000001c   Code   RO         2529    i.net_rand32        Net_CM3_L.lib(net_sys.o)
    0x00008abc   0x00000004   Code   RO         1215    i.net_slip_send_frame  net_config.o
    0x00008ac0   0x00000016   Code   RO         3188    i.net_strchr        Net_CM3_L.lib(net_common.o)
    0x00008ad6   0x0000001a   Code   RO         3189    i.net_strcmp        Net_CM3_L.lib(net_common.o)
    0x00008af0   0x00000012   Code   RO         3190    i.net_strcpy        Net_CM3_L.lib(net_common.o)
    0x00008b02   0x0000001a   Code   RO         3192    i.net_strtoupper    Net_CM3_L.lib(net_common.o)
    0x00008b1c   0x00000002   Code   RO         1217    i.net_sys_error     net_config.o
    0x00008b1e   0x00000002   PAD
    0x00008b20   0x00000010   Code   RO         2530    i.net_sys_lock      Net_CM3_L.lib(net_sys.o)
    0x00008b30   0x00000014   Code   RO         2531    i.net_sys_tick      Net_CM3_L.lib(net_sys.o)
    0x00008b44   0x0000000c   Code   RO         2532    i.net_sys_unlock    Net_CM3_L.lib(net_sys.o)
    0x00008b50   0x00000020   Code   RO         2533    i.net_sys_wakeup    Net_CM3_L.lib(net_sys.o)
    0x00008b70   0x0000005c   Code   RO         2280    i.net_tcp_abort     Net_CM3_L.lib(net_tcp.o)
    0x00008bcc   0x000000ac   Code   RO         2283    i.net_tcp_close     Net_CM3_L.lib(net_tcp.o)
    0x00008c78   0x0000001e   Code   RO         2286    i.net_tcp_get_buf   Net_CM3_L.lib(net_tcp.o)
    0x00008c96   0x00000002   PAD
    0x00008c98   0x00000028   Code   RO         2288    i.net_tcp_get_mss   Net_CM3_L.lib(net_tcp.o)
    0x00008cc0   0x0000004c   Code   RO         2290    i.net_tcp_get_socket  Net_CM3_L.lib(net_tcp.o)
    0x00008d0c   0x0000002c   Code   RO         2291    i.net_tcp_get_state  Net_CM3_L.lib(net_tcp.o)
    0x00008d38   0x0000007c   Code   RO         2293    i.net_tcp_listen    Net_CM3_L.lib(net_tcp.o)
    0x00008db4   0x0000050e   Code   RO         2295    i.net_tcp_process   Net_CM3_L.lib(net_tcp.o)
    0x000092c2   0x00000002   PAD
    0x000092c4   0x000000e8   Code   RO         2299    i.net_tcp_send      Net_CM3_L.lib(net_tcp.o)
    0x000093ac   0x000000a4   Code   RO         2300    i.net_tcp_set_option  Net_CM3_L.lib(net_tcp.o)
    0x00009450   0x00000014   Code   RO         2301    i.net_tcp_socket_init  Net_CM3_L.lib(net_tcp.o)
    0x00009464   0x000002d0   Code   RO         2302    i.net_tcp_socket_run  Net_CM3_L.lib(net_tcp.o)
    0x00009734   0x0000001e   Code   RO         2224    i.net_udp_get_buf   Net_CM3_L.lib(net_udp.o)
    0x00009752   0x00000002   PAD
    0x00009754   0x0000004c   Code   RO         2226    i.net_udp_get_socket  Net_CM3_L.lib(net_udp.o)
    0x000097a0   0x0000006c   Code   RO         2228    i.net_udp_open      Net_CM3_L.lib(net_udp.o)
    0x0000980c   0x000000e4   Code   RO         2229    i.net_udp_process   Net_CM3_L.lib(net_udp.o)
    0x000098f0   0x00000174   Code   RO         2231    i.net_udp_send      Net_CM3_L.lib(net_udp.o)
    0x00009a64   0x00000014   Code   RO         2233    i.net_udp_socket_init  Net_CM3_L.lib(net_udp.o)
    0x00009a78   0x00000024   Code   RO         1374    i.osKernelInitialize  RTX_CM3.lib(rt_cmsis.o)
    0x00009a9c   0x0000006c   Code   RO         1376    i.osKernelStart     RTX_CM3.lib(rt_cmsis.o)
    0x00009b08   0x00000018   Code   RO         1377    i.osKernelSysTick   RTX_CM3.lib(rt_cmsis.o)
    0x00009b20   0x00000018   Code   RO         1385    i.osMessageGet      RTX_CM3.lib(rt_cmsis.o)
    0x00009b38   0x0000002c   Code   RO         1387    i.osMutexCreate     RTX_CM3.lib(rt_cmsis.o)
    0x00009b64   0x00000018   Code   RO         1389    i.osMutexRelease    RTX_CM3.lib(rt_cmsis.o)
    0x00009b7c   0x00000018   Code   RO         1390    i.osMutexWait       RTX_CM3.lib(rt_cmsis.o)
    0x00009b94   0x0000002c   Code   RO         1395    i.osSemaphoreCreate  RTX_CM3.lib(rt_cmsis.o)
    0x00009bc0   0x00000018   Code   RO         1397    i.osSemaphoreRelease  RTX_CM3.lib(rt_cmsis.o)
    0x00009bd8   0x00000018   Code   RO         1398    i.osSemaphoreWait   RTX_CM3.lib(rt_cmsis.o)
    0x00009bf0   0x00000018   Code   RO         1399    i.osSignalClear     RTX_CM3.lib(rt_cmsis.o)
    0x00009c08   0x00000018   Code   RO         1400    i.osSignalSet       RTX_CM3.lib(rt_cmsis.o)
    0x00009c20   0x00000018   Code   RO         1401    i.osSignalWait      RTX_CM3.lib(rt_cmsis.o)
    0x00009c38   0x0000002c   Code   RO         1402    i.osThreadCreate    RTX_CM3.lib(rt_cmsis.o)
    0x00009c64   0x00000018   Code   RO         1403    i.osThreadExit      RTX_CM3.lib(rt_cmsis.o)
    0x00009c7c   0x00000018   Code   RO         1408    i.osThreadYield     RTX_CM3.lib(rt_cmsis.o)
    0x00009c94   0x0000000c   Code   RO         1409    i.osTimerCall       RTX_CM3.lib(rt_cmsis.o)
    0x00009ca0   0x0000002c   Code   RO         1410    i.osTimerCreate     RTX_CM3.lib(rt_cmsis.o)
    0x00009ccc   0x00000018   Code   RO         1412    i.osTimerStart      RTX_CM3.lib(rt_cmsis.o)
    0x00009ce4   0x0000002c   Code   RO         1414    i.osTimerThread     RTX_CM3.lib(rt_cmsis.o)
    0x00009d10   0x00000022   Code   RO          513    i.os_error          rtx_conf_cm.o
    0x00009d32   0x00000004   Code   RO          514    i.os_idle_demon     rtx_conf_cm.o
    0x00009d36   0x00000002   PAD
    0x00009d38   0x00000028   Code   RO         2559    i.os_tick_init      RTX_CM3.lib(rt_system.o)
    0x00009d60   0x00000002   Code   RO         2560    i.os_tick_irqack    RTX_CM3.lib(rt_system.o)
    0x00009d62   0x00000002   PAD
    0x00009d64   0x00000010   Code   RO         2561    i.os_tick_ovf       RTX_CM3.lib(rt_system.o)
    0x00009d74   0x00000014   Code   RO         2562    i.os_tick_val       RTX_CM3.lib(rt_system.o)
    0x00009d88   0x00000040   Code   RO          592    i.output_MDIO       emac_lpc17xx.o
    0x00009dc8   0x0000001c   Code   RO         2508    i.ping_send_req     Net_CM3_L.lib(net_ping.o)
    0x00009de4   0x00000058   Code   RO         2439    i.proc_req_line     Net_CM3_L.lib(net_http_server.o)
    0x00009e3c   0x00000044   Code   RO          285    i.rd_dat            glcd_mcb1700.o
    0x00009e80   0x000000c8   Code   RO          286    i.rd_id_man         glcd_mcb1700.o
    0x00009f48   0x00000010   Code   RO          287    i.rd_reg            glcd_mcb1700.o
    0x00009f58   0x000000a0   Code   RO         2440    i.read_script_line  Net_CM3_L.lib(net_http_server.o)
    0x00009ff8   0x0000001a   Code   RO         2913    i.rt_alloc_box      RTX_CM3.lib(rt_membox.o)
    0x0000a012   0x0000003e   Code   RO         2941    i.rt_alloc_mem      RTX_CM3.lib(rt_memory.o)
    0x0000a050   0x00000038   Code   RO         1988    i.rt_block          RTX_CM3.lib(rt_task.o)
    0x0000a088   0x00000048   Code   RO         2890    i.rt_chk_robin      RTX_CM3.lib(rt_robin.o)
    0x0000a0d0   0x00000070   Code   RO         2691    i.rt_dec_dly        RTX_CM3.lib(rt_list.o)
    0x0000a140   0x00000044   Code   RO         1989    i.rt_dispatch       RTX_CM3.lib(rt_task.o)
    0x0000a184   0x0000001c   Code   RO         2650    i.rt_evt_clr        RTX_CM3.lib(rt_event.o)
    0x0000a1a0   0x00000050   Code   RO         2652    i.rt_evt_psh        RTX_CM3.lib(rt_event.o)
    0x0000a1f0   0x0000005c   Code   RO         2653    i.rt_evt_set        RTX_CM3.lib(rt_event.o)
    0x0000a24c   0x0000003c   Code   RO         2654    i.rt_evt_wait       RTX_CM3.lib(rt_event.o)
    0x0000a288   0x0000002c   Code   RO         2914    i.rt_free_box       RTX_CM3.lib(rt_membox.o)
    0x0000a2b4   0x00000028   Code   RO         2942    i.rt_free_mem       RTX_CM3.lib(rt_memory.o)
    0x0000a2dc   0x00000028   Code   RO         2692    i.rt_get_first      RTX_CM3.lib(rt_list.o)
    0x0000a304   0x00000024   Code   RO         2693    i.rt_get_same_rdy_prio  RTX_CM3.lib(rt_list.o)
    0x0000a328   0x00000008   Code   RO         1419    i.rt_id2obj         RTX_CM3.lib(rt_cmsis.o)
    0x0000a330   0x00000048   Code   RO         1990    i.rt_init_context   RTX_CM3.lib(rt_task.o)
    0x0000a378   0x0000001a   Code   RO         2943    i.rt_init_mem       RTX_CM3.lib(rt_memory.o)
    0x0000a392   0x00000002   PAD
    0x0000a394   0x00000018   Code   RO         2891    i.rt_init_robin     RTX_CM3.lib(rt_robin.o)
    0x0000a3ac   0x00000080   Code   RO         2968    i.rt_init_stack     RTX_CM3.lib(hal_cm.o)
    0x0000a42c   0x00000008   Code   RO         2769    i.rt_mbx_check      RTX_CM3.lib(rt_mailbox.o)
    0x0000a434   0x0000001a   Code   RO         2770    i.rt_mbx_init       RTX_CM3.lib(rt_mailbox.o)
    0x0000a44e   0x00000002   PAD
    0x0000a450   0x000000f0   Code   RO         2771    i.rt_mbx_psh        RTX_CM3.lib(rt_mailbox.o)
    0x0000a540   0x000000b4   Code   RO         2773    i.rt_mbx_wait       RTX_CM3.lib(rt_mailbox.o)
    0x0000a5f4   0x00000044   Code   RO         1420    i.rt_ms2tick        RTX_CM3.lib(rt_cmsis.o)
    0x0000a638   0x00000010   Code   RO         2073    i.rt_mut_init       RTX_CM3.lib(rt_mutex.o)
    0x0000a648   0x000000d8   Code   RO         2074    i.rt_mut_release    RTX_CM3.lib(rt_mutex.o)
    0x0000a720   0x00000078   Code   RO         2075    i.rt_mut_wait       RTX_CM3.lib(rt_mutex.o)
    0x0000a798   0x0000007c   Code   RO         2563    i.rt_pop_req        RTX_CM3.lib(rt_system.o)
    0x0000a814   0x00000020   Code   RO         2564    i.rt_psh_req        RTX_CM3.lib(rt_system.o)
    0x0000a834   0x0000005c   Code   RO         2694    i.rt_psq_enq        RTX_CM3.lib(rt_list.o)
    0x0000a890   0x00000048   Code   RO         2695    i.rt_put_dly        RTX_CM3.lib(rt_list.o)
    0x0000a8d8   0x00000036   Code   RO         2696    i.rt_put_prio       RTX_CM3.lib(rt_list.o)
    0x0000a90e   0x00000002   PAD
    0x0000a910   0x00000014   Code   RO         2697    i.rt_put_rdy_first  RTX_CM3.lib(rt_list.o)
    0x0000a924   0x00000034   Code   RO         2698    i.rt_resort_prio    RTX_CM3.lib(rt_list.o)
    0x0000a958   0x00000006   Code   RO         2969    i.rt_ret_val        RTX_CM3.lib(hal_cm.o)
    0x0000a95e   0x00000008   Code   RO         2970    i.rt_ret_val2       RTX_CM3.lib(hal_cm.o)
    0x0000a966   0x00000028   Code   RO         2699    i.rt_rmv_dly        RTX_CM3.lib(rt_list.o)
    0x0000a98e   0x00000002   PAD
    0x0000a990   0x00000030   Code   RO         2700    i.rt_rmv_list       RTX_CM3.lib(rt_list.o)
    0x0000a9c0   0x0000000c   Code   RO         2817    i.rt_sem_init       RTX_CM3.lib(rt_semaphore.o)
    0x0000a9cc   0x00000034   Code   RO         2818    i.rt_sem_psh        RTX_CM3.lib(rt_semaphore.o)
    0x0000aa00   0x0000002a   Code   RO         2819    i.rt_sem_send       RTX_CM3.lib(rt_semaphore.o)
    0x0000aa2a   0x00000002   PAD
    0x0000aa2c   0x00000040   Code   RO         2820    i.rt_sem_wait       RTX_CM3.lib(rt_semaphore.o)
    0x0000aa6c   0x00000024   Code   RO         2566    i.rt_stk_check      RTX_CM3.lib(rt_system.o)
    0x0000aa90   0x00000028   Code   RO         1991    i.rt_switch_req     RTX_CM3.lib(rt_task.o)
    0x0000aab8   0x000000cc   Code   RO         1992    i.rt_sys_init       RTX_CM3.lib(rt_task.o)
    0x0000ab84   0x00000078   Code   RO         1993    i.rt_sys_start      RTX_CM3.lib(rt_task.o)
    0x0000abfc   0x00000040   Code   RO         2568    i.rt_systick        RTX_CM3.lib(rt_system.o)
    0x0000ac3c   0x00000012   Code   RO         1421    i.rt_tid2ptcb       RTX_CM3.lib(rt_cmsis.o)
    0x0000ac4e   0x00000002   PAD
    0x0000ac50   0x00000034   Code   RO         1422    i.rt_timer_insert   RTX_CM3.lib(rt_cmsis.o)
    0x0000ac84   0x0000003c   Code   RO         1423    i.rt_timer_remove   RTX_CM3.lib(rt_cmsis.o)
    0x0000acc0   0x00000088   Code   RO         1994    i.rt_tsk_create     RTX_CM3.lib(rt_task.o)
    0x0000ad48   0x0000017c   Code   RO         1995    i.rt_tsk_delete     RTX_CM3.lib(rt_task.o)
    0x0000aec4   0x00000030   Code   RO         1996    i.rt_tsk_pass       RTX_CM3.lib(rt_task.o)
    0x0000aef4   0x0000007c   Code   RO         1997    i.rt_tsk_prio       RTX_CM3.lib(rt_task.o)
    0x0000af70   0x00000010   Code   RO         1998    i.rt_tsk_self       RTX_CM3.lib(rt_task.o)
    0x0000af80   0x00000048   Code   RO         2441    i.search_delim      Net_CM3_L.lib(net_http_server.o)
    0x0000afc8   0x00000044   Code   RO           32    i.send_udp_data     udp_socket.o
    0x0000b00c   0x0000002c   Code   RO          288    i.spi_tran          glcd_mcb1700.o
    0x0000b038   0x00000088   Code   RO          289    i.spi_tran_man      glcd_mcb1700.o
    0x0000b0c0   0x00000070   Code   RO         1425    i.svcKernelInitialize  RTX_CM3.lib(rt_cmsis.o)
    0x0000b130   0x00000048   Code   RO         1427    i.svcKernelStart    RTX_CM3.lib(rt_cmsis.o)
    0x0000b178   0x00000038   Code   RO         1428    i.svcKernelSysTick  RTX_CM3.lib(rt_cmsis.o)
    0x0000b1b0   0x00000024   Code   RO         1430    i.svcMessageCreate  RTX_CM3.lib(rt_cmsis.o)
    0x0000b1d4   0x0000003a   Code   RO         1431    i.svcMessageGet     RTX_CM3.lib(rt_cmsis.o)
    0x0000b20e   0x0000001c   Code   RO         1433    i.svcMutexCreate    RTX_CM3.lib(rt_cmsis.o)
    0x0000b22a   0x00000022   Code   RO         1435    i.svcMutexRelease   RTX_CM3.lib(rt_cmsis.o)
    0x0000b24c   0x0000003a   Code   RO         1436    i.svcMutexWait      RTX_CM3.lib(rt_cmsis.o)
    0x0000b286   0x00000024   Code   RO         1438    i.svcSemaphoreCreate  RTX_CM3.lib(rt_cmsis.o)
    0x0000b2aa   0x00000028   Code   RO         1440    i.svcSemaphoreRelease  RTX_CM3.lib(rt_cmsis.o)
    0x0000b2d2   0x00000032   Code   RO         1441    i.svcSemaphoreWait  RTX_CM3.lib(rt_cmsis.o)
    0x0000b304   0x00000024   Code   RO         1442    i.svcSignalClear    RTX_CM3.lib(rt_cmsis.o)
    0x0000b328   0x00000024   Code   RO         1443    i.svcSignalSet      RTX_CM3.lib(rt_cmsis.o)
    0x0000b34c   0x00000054   Code   RO         1444    i.svcSignalWait     RTX_CM3.lib(rt_cmsis.o)
    0x0000b3a0   0x0000006c   Code   RO         1445    i.svcThreadCreate   RTX_CM3.lib(rt_cmsis.o)
    0x0000b40c   0x0000001c   Code   RO         1446    i.svcThreadGetId    RTX_CM3.lib(rt_cmsis.o)
    0x0000b428   0x00000038   Code   RO         1449    i.svcThreadTerminate  RTX_CM3.lib(rt_cmsis.o)
    0x0000b460   0x0000000a   Code   RO         1450    i.svcThreadYield    RTX_CM3.lib(rt_cmsis.o)
    0x0000b46a   0x00000018   Code   RO         1451    i.svcTimerCall      RTX_CM3.lib(rt_cmsis.o)
    0x0000b482   0x00000002   PAD
    0x0000b484   0x00000038   Code   RO         1452    i.svcTimerCreate    RTX_CM3.lib(rt_cmsis.o)
    0x0000b4bc   0x00000064   Code   RO         1454    i.svcTimerStart     RTX_CM3.lib(rt_cmsis.o)
    0x0000b520   0x0000005c   Code   RO         1460    i.sysTimerTick      RTX_CM3.lib(rt_cmsis.o)
    0x0000b57c   0x0000004c   Code   RO         2534    i.sys_proc_tick     Net_CM3_L.lib(net_sys.o)
    0x0000b5c8   0x000000e0   Code   RO         2303    i.tcp_map_socket    Net_CM3_L.lib(net_tcp.o)
    0x0000b6a8   0x0000005e   Code   RO         2304    i.tcp_parse_opt     Net_CM3_L.lib(net_tcp.o)
    0x0000b706   0x00000002   PAD
    0x0000b708   0x000000d4   Code   RO         2305    i.tcp_proc_acknr    Net_CM3_L.lib(net_tcp.o)
    0x0000b7dc   0x00000060   Code   RO         2306    i.tcp_proc_dupack   Net_CM3_L.lib(net_tcp.o)
    0x0000b83c   0x0000001a   Code   RO         2307    i.tcp_que_free      Net_CM3_L.lib(net_tcp.o)
    0x0000b856   0x0000001a   Code   RO         2308    i.tcp_que_init      Net_CM3_L.lib(net_tcp.o)
    0x0000b870   0x00000098   Code   RO         2309    i.tcp_que_resend    Net_CM3_L.lib(net_tcp.o)
    0x0000b908   0x0000007a   Code   RO         2310    i.tcp_send_ctrl     Net_CM3_L.lib(net_tcp.o)
    0x0000b982   0x00000060   Code   RO         2311    i.tcp_send_data     Net_CM3_L.lib(net_tcp.o)
    0x0000b9e2   0x00000076   Code   RO         2312    i.tcp_send_reset    Net_CM3_L.lib(net_tcp.o)
    0x0000ba58   0x0000002c   Code   RO         2313    i.tcp_set_cwnd      Net_CM3_L.lib(net_tcp.o)
    0x0000ba84   0x00000074   Code   RO         2314    i.tcp_transit       Net_CM3_L.lib(net_tcp.o)
    0x0000baf8   0x000000ec   Code   RO         2315    i.tcp_write         Net_CM3_L.lib(net_tcp.o)
    0x0000bbe4   0x0000002c   Code   RO          593    i.turnaround_MDIO   emac_lpc17xx.o
    0x0000bc10   0x0000007c   Code   RO           33    i.udp_cb_func       udp_socket.o
    0x0000bc8c   0x0000002c   Code   RO         2234    i.udp_port_in_use   Net_CM3_L.lib(net_udp.o)
    0x0000bcb8   0x000000f0   Code   RO         2442    i.utc_to_http       Net_CM3_L.lib(net_http_server.o)
    0x0000bda8   0x0000004c   Code   RO          290    i.wr_cmd            glcd_mcb1700.o
    0x0000bdf4   0x00000034   Code   RO          292    i.wr_dat_only       glcd_mcb1700.o
    0x0000be28   0x00000018   Code   RO          293    i.wr_dat_start      glcd_mcb1700.o
    0x0000be40   0x00000014   Code   RO          294    i.wr_dat_stop       glcd_mcb1700.o
    0x0000be54   0x00000090   Code   RO          295    i.wr_reg            glcd_mcb1700.o
    0x0000bee4   0x0000002c   Code   RO         3479    locale$$code        c_w.l(lc_ctype_c.o)
    0x0000bf10   0x0000a808   Data   RO            3    .constdata          fichierweb.o
    0x00016718   0x00000023   Data   RO           35    .constdata          udp_socket.o
    0x0001673b   0x00000002   Data   RO          120    .constdata          adc_mcb1700.o
    0x0001673d   0x00000002   Data   RO          208    .constdata          buttons_mcb1700.o
    0x0001673f   0x00000001   PAD
    0x00016740   0x000018a0   Data   RO          253    .constdata          glcd_fonts.o
    0x00017fe0   0x00000010   Data   RO          469    .constdata          led_mcb1700.o
    0x00017ff0   0x00000068   Data   RO          516    .constdata          rtx_conf_cm.o
    0x00018058   0x0000004c   Data   RO          595    .constdata          emac_lpc17xx.o
    0x000180a4   0x0000007c   Data   RO          772    .constdata          ssp_lpc17xx.o
    0x00018120   0x00000024   Data   RO          923    .constdata          phy_dp83848c.o
    0x00018144   0x00000140   Data   RO         1219    .constdata          net_config.o
    0x00018284   0x00000006   Data   RO         2126    .constdata          Net_CM3_L.lib(net_eth.o)
    0x0001828a   0x00000008   Data   RO         2379    .constdata          Net_CM3_L.lib(net_nbns_client.o)
    0x00018292   0x000000fa   Data   RO         2443    .constdata          Net_CM3_L.lib(net_http_server.o)
    0x0001838c   0x00000012   Data   RO         2510    .constdata          Net_CM3_L.lib(net_ping.o)
    0x0001839e   0x00000002   PAD
    0x000183a0   0x00000008   Data   RO         2537    .constdata          Net_CM3_L.lib(net_sys.o)
    0x000183a8   0x00000008   Data   RO         3087    .constdata          Net_CM3_L.lib(net_ip4.o)
    0x000183b0   0x00000020   Data   RO         3113    .constdata          Net_CM3_L.lib(net_ip6.o)
    0x000183d0   0x00000010   Data   RO         3114    .constdata          Net_CM3_L.lib(net_ip6.o)
    0x000183e0   0x00000018   Data   RO         3152    .constdata          Net_CM3_L.lib(net_http_server_err.o)
    0x000183f8   0x00000010   Data   RO         3239    .constdata          Net_CM3_L.lib(net_addr.o)
    0x00018408   0x00000008   Data   RO         3307    .constdata          c_w.l(_printf_wctomb.o)
    0x00018410   0x00000028   Data   RO         3328    .constdata          c_w.l(_printf_hex_int_ptr.o)
    0x00018438   0x00000011   Data   RO         3354    .constdata          c_w.l(__printf_flags_ss_wp.o)
    0x00018449   0x00000003   PAD
    0x0001844c   0x00000079   Data   RO         1220    .conststring        net_config.o
    0x000184c5   0x00000003   PAD
    0x000184c8   0x000001ff   Data   RO         3153    .conststring        Net_CM3_L.lib(net_http_server_err.o)
    0x000186c7   0x00000001   PAD
    0x000186c8   0x00000020   Data   RO         3603    Region$$Table       anon$$obj.o
    0x000186e8   0x00000110   Data   RO         3478    locale$$data        c_w.l(lc_ctype_c.o)


    Execution Region RW_IRAM1 (Base: 0x10000000, Size: 0x000077a0, Max: 0x00008000, ABSOLUTE)

    Base Addr    Size         Type   Attr      Idx    E Section Name        Object

    0x10000000   0x00000021   Data   RW           36    .data               udp_socket.o
    0x10000021   0x00000001   PAD
    0x10000022   0x00000003   Data   RW          121    .data               adc_mcb1700.o
    0x10000025   0x00000003   PAD
    0x10000028   0x00000011   Data   RW          296    .data               glcd_mcb1700.o
    0x10000039   0x00000003   PAD
    0x1000003c   0x00000014   Data   RW          517    .data               rtx_conf_cm.o
    0x10000050   0x00000018   Data   RW          596    .data               emac_lpc17xx.o
    0x10000068   0x00000010   Data   RW          773    .data               ssp_lpc17xx.o
    0x10000078   0x00000008   Data   RW          986    .data               gpdma_lpc17xx.o
    0x10000080   0x00000004   Data   RW         1165    .data               system_lpc17xx.o
    0x10000084   0x0000000e   Data   RW         1221    .data               net_config.o
    0x10000092   0x00000002   PAD
    0x10000094   0x00000008   Data   RW         1463    .data               RTX_CM3.lib(rt_cmsis.o)
    0x1000009c   0x00000008   Data   RW         2000    .data               RTX_CM3.lib(rt_task.o)
    0x100000a4   0x00000001   Data   RW         2173    .data               Net_CM3_L.lib(net_arp.o)
    0x100000a5   0x00000003   PAD
    0x100000a8   0x00000008   Data   RW         2204    .data               Net_CM3_L.lib(net_loop.o)
    0x100000b0   0x00000002   Data   RW         2236    .data               Net_CM3_L.lib(net_udp.o)
    0x100000b2   0x00000004   Data   RW         2318    .data               Net_CM3_L.lib(net_tcp.o)
    0x100000b6   0x00000001   Data   RW         2380    .data               Net_CM3_L.lib(net_nbns_client.o)
    0x100000b7   0x00000001   PAD
    0x100000b8   0x00000010   Data   RW         2444    .data               Net_CM3_L.lib(net_http_server.o)
    0x100000c8   0x00000008   Data   RW         2538    .data               Net_CM3_L.lib(net_sys.o)
    0x100000d0   0x00000008   Data   RW         2571    .data               RTX_CM3.lib(rt_system.o)
    0x100000d8   0x00000004   Data   RW         2861    .data               RTX_CM3.lib(rt_time.o)
    0x100000dc   0x00000008   Data   RW         2892    .data               RTX_CM3.lib(rt_robin.o)
    0x100000e4   0x00000001   Data   RW         2971    .data               RTX_CM3.lib(hal_cm.o)
    0x100000e5   0x00000001   Data   RW         3047    .data               Net_CM3_L.lib(net_ndp.o)
    0x100000e6   0x00000002   PAD
    0x100000e8   0x00000008   Data   RW         3088    .data               Net_CM3_L.lib(net_ip4.o)
    0x100000f0   0x00000008   Data   RW         3115    .data               Net_CM3_L.lib(net_ip6.o)
    0x100000f8   0x00000015   Zero   RW           34    .bss                udp_socket.o
    0x1000010d   0x00000003   PAD
    0x10000110   0x00001358   Zero   RW          515    .bss                rtx_conf_cm.o
    0x10001468   0x00002a74   Zero   RW          594    .bss                emac_lpc17xx.o
    0x10003edc   0x00000028   Zero   RW          771    .bss                ssp_lpc17xx.o
    0x10003f04   0x0000000c   Zero   RW          922    .bss                phy_dp83848c.o
    0x10003f10   0x000000a0   Zero   RW          985    .bss                gpdma_lpc17xx.o
    0x10003fb0   0x0000335c   Zero   RW         1218    .bss                net_config.o
    0x1000730c   0x00000034   Zero   RW         1999    .bss                RTX_CM3.lib(rt_task.o)
    0x10007340   0x00000094   Zero   RW         2125    .bss                Net_CM3_L.lib(net_eth.o)
    0x100073d4   0x00000010   Zero   RW         2172    .bss                Net_CM3_L.lib(net_arp.o)
    0x100073e4   0x00000014   Zero   RW         2235    .bss                Net_CM3_L.lib(net_udp.o)
    0x100073f8   0x00000020   Zero   RW         2509    .bss                Net_CM3_L.lib(net_ping.o)
    0x10007418   0x00000030   Zero   RW         2535    .bss                Net_CM3_L.lib(net_sys.o)
    0x10007448   0x00000018   Zero   RW         2536    .bss                Net_CM3_L.lib(net_sys.o)
    0x10007460   0x00000030   Zero   RW         2701    .bss                RTX_CM3.lib(rt_list.o)
    0x10007490   0x0000003c   Zero   RW         3046    .bss                Net_CM3_L.lib(net_ndp.o)
    0x100074cc   0x00000014   Zero   RW         3167    .bss                Net_CM3_L.lib(net_mem.o)
    0x100074e0   0x0000005c   Zero   RW         3238    .bss                Net_CM3_L.lib(net_addr.o)
    0x1000753c   0x00000060   Zero   RW         3286    .bss                c_w.l(libspace.o)
    0x1000759c   0x00000004   PAD
    0x100075a0   0x00000000   Zero   RW         1151    HEAP                startup_lpc17xx.o
    0x100075a0   0x00000200   Zero   RW         1150    STACK               startup_lpc17xx.o


==============================================================================

Image component sizes


      Code (inc. data)   RO Data    RW Data    ZI Data      Debug   Object Name

       136         30          2          3          0      46347   adc_mcb1700.o
        48          6          2          0          0       1414   buttons_mcb1700.o
      3302        288         76         24      10868      54737   emac_lpc17xx.o
       136          8      43016          0          0       6328   fichierweb.o
         0          0       6304          0          0        736   glcd_fonts.o
      2824        110          0         17          0      18562   glcd_mcb1700.o
      1204         94          0          8        160       8062   gpdma_lpc17xx.o
       192         24          0          0          0       2826   gpio_lpc17xx.o
       136          8         16          0          0       1916   led_mcb1700.o
        48          0        441         14      13148      25516   net_config.o
       644         44         36          0         12      10390   phy_dp83848c.o
       252          6          0          0          0        804   pin_lpc17xx.o
       170         38        104         20       4952       9547   rtx_conf_cm.o
      3896        106        124         16         40      26600   ssp_lpc17xx.o
        64         26        204          0        512        964   startup_lpc17xx.o
       320         18          0          4          0        771   system_lpc17xx.o
       576         98         35         33         21      15790   udp_socket.o

    ----------------------------------------------------------------------
     13962        904      50396        148      29716     231310   Object Totals
         0          0         32          0          0          0   (incl. Generated)
        14          0          4          9          3          0   (incl. Padding)

    ----------------------------------------------------------------------

      Code (inc. data)   RO Data    RW Data    ZI Data      Debug   Library Member Name

       952         54         16          0         92       1012   net_addr.o
      1908        136          0          1         16       1120   net_arp.o
       274          4          0          0          0        504   net_common.o
      1946        122          6          0        148       1188   net_eth.o
      5946       1282        250         16          0       2724   net_http_server.o
         0          0        535          0          0          0   net_http_server_err.o
       348         22          0          0          0        164   net_icmp.o
       476         32          0          0          0        252   net_icmp6.o
       936         72          8          8          0        824   net_ip4.o
       638         72         48          8          0        648   net_ip6.o
       260         26          0          8          0        244   net_loop.o
       456         46          0          0         20        556   net_mem.o
       396         26          8          1          0        176   net_nbns_client.o
      2442        174          0          1         60       1504   net_ndp.o
       108         20         18          0         32        212   net_ping.o
       460         72          8          8         72        640   net_sys.o
      4570        170          0          4          0       2104   net_tcp.o
       974         42          0          2         20        876   net_udp.o
       238         24          0          1          0       3312   hal_cm.o
       304         36          0          0          0        768   hal_cm3.o
      2242        244          0          8          0      50579   rt_cmsis.o
       300         24          0          0          0       3183   rt_event.o
       566         44          0          0         48       8792   rt_list.o
       554         10          0          0          0       3949   rt_mailbox.o
       140          0          0          0          0       1925   rt_membox.o
       128          0          0          0          0       2307   rt_memory.o
       352         14          0          0          0       2105   rt_mutex.o
        96         22          0          8          0       1158   rt_robin.o
       186         10          0          0          0       2902   rt_semaphore.o
       334         64          0          8          0       7091   rt_system.o
      1264        184          0          8         52      10147   rt_task.o
         0          0          0          4          0        214   rt_time.o
         4          4          0          0          0        208   svc_table.o
        60          8          0          0          0         84   __0sscanf.o
        44          6          0          0          0         84   __2sprintf.o
         8          0          0          0          0         68   __main.o
       392          4         17          0          0         92   __printf_flags_ss_wp.o
        14          0          0          0          0         68   __printf_wp.o
         0          0          0          0          0          0   __rtentry.o
        20          0          0          0          0          0   __rtentry2.o
         6          0          0          0          0          0   __rtentry4.o
        52          8          0          0          0          0   __scatter.o
        26          0          0          0          0          0   __scatter_copy.o
        28          0          0          0          0          0   __scatter_zi.o
        28          0          0          0          0         68   _chval.o
         6          0          0          0          0          0   _printf_c.o
        44          0          0          0          0        108   _printf_char.o
        48          6          0          0          0         96   _printf_char_common.o
        40          0          0          0          0         68   _printf_charcount.o
         6          0          0          0          0          0   _printf_d.o
       120         16          0          0          0         92   _printf_dec.o
       124          4         40          0          0        144   _printf_hex_int_ptr.o
         6          0          0          0          0          0   _printf_i.o
       178          0          0          0          0         88   _printf_intcommon.o
        10          0          0          0          0          0   _printf_l.o
         6          0          0          0          0          0   _printf_lc.o
         6          0          0          0          0          0   _printf_n.o
         6          0          0          0          0          0   _printf_o.o
        84         10          0          0          0         88   _printf_oct_int.o
         6          0          0          0          0          0   _printf_p.o
        78          0          0          0          0        108   _printf_pad.o
         0          0          0          0          0          0   _printf_percent.o
         4          0          0          0          0          0   _printf_percent_end.o
         6          0          0          0          0          0   _printf_s.o
        82          0          0          0          0         80   _printf_str.o
        36          0          0          0          0         84   _printf_truncate.o
         6          0          0          0          0          0   _printf_u.o
        44          0          0          0          0        108   _printf_wchar.o
       188          6          8          0          0         92   _printf_wctomb.o
         6          0          0          0          0          0   _printf_x.o
       884          6          0          0          0        100   _scanf.o
       332          0          0          0          0         96   _scanf_int.o
        64          0          0          0          0         84   _sgetc.o
        10          0          0          0          0         68   _sputc.o
       158          0          0          0          0         92   _strtoul.o
        64          0          0          0          0         92   _wcrtomb.o
        26          0          0          0          0         80   atoi.o
        18          0          0          0          0         80   exit.o
         6          0          0          0          0        152   heapauxi.o
         0          0          0          0          0          0   indicate_semi.o
        18          0          0          0          0         76   isspace.o
        44         10        272          0          0         76   lc_ctype_c.o
         2          0          0          0          0          0   libinit.o
        20          0          0          0          0          0   libinit2.o
         2          0          0          0          0          0   libshutdown.o
         2          0          0          0          0          0   libshutdown2.o
         8          4          0          0         96         68   libspace.o
       238          0          0          0          0        100   lludivv7m.o
        88          0          0          0          0         76   memcmp.o
        16          4          0          0          0         76   rt_ctype_table.o
         4          0          0          0          0         68   rt_errno_addr_twolibspace.o
        10          0          0          0          0         76   rt_locale_twolibspace.o
        68          0          0          0          0         68   rt_memclr.o
        78          0          0          0          0         80   rt_memclr_w.o
       138          0          0          0          0         68   rt_memcpy_v6.o
       100          0          0          0          0         80   rt_memcpy_w.o
         2          0          0          0          0          0   rtexit.o
        10          0          0          0          0          0   rtexit2.o
        44          8          0          0          0         84   scanf_char.o
       128          0          0          0          0         68   strcmpv7m.o
        72          0          0          0          0         80   strcpy.o
        62          0          0          0          0         76   strlen.o
       150          0          0          0          0         80   strncmp.o
       112          0          0          0          0         88   strtol.o
        12          4          0          0          0         68   sys_exit.o
        74          0          0          0          0         80   sys_stackheap_outer.o
         2          0          0          0          0         68   use_no_semi.o

    ----------------------------------------------------------------------
     34746       3156       1240        100        660     117456   Library Totals
        64          0          6          6          4          0   (incl. Padding)

    ----------------------------------------------------------------------

      Code (inc. data)   RO Data    RW Data    ZI Data      Debug   Library Name

     23090       2372        897         57        460      14748   Net_CM3_L.lib
      6708        680          0         37        100      98640   RTX_CM3.lib
      4884        104        337          0         96       4068   c_w.l

    ----------------------------------------------------------------------
     34746       3156       1240        100        660     117456   Library Totals

    ----------------------------------------------------------------------

==============================================================================


      Code (inc. data)   RO Data    RW Data    ZI Data      Debug   

     48708       4060      51636        248      30376     324686   Grand Totals
     48708       4060      51636        248      30376     324686   ELF Image Totals
     48708       4060      51636        248          0          0   ROM Totals

==============================================================================

    Total RO  Size (Code + RO Data)               100344 (  97.99kB)
    Total RW  Size (RW Data + ZI Data)             30624 (  29.91kB)
    Total ROM Size (Code + RO Data + RW Data)     100592 (  98.23kB)

==============================================================================

